Component: ARM Compiler 5.06 update 7 (build 960) Tool: armlink [4d3601]

==============================================================================

Section Cross References

    startup_stm32f407xx.o(STACK) refers (Special) to heapauxi.o(.text) for __use_two_region_memory
    startup_stm32f407xx.o(HEAP) refers (Special) to heapauxi.o(.text) for __use_two_region_memory
    startup_stm32f407xx.o(RESET) refers (Special) to heapauxi.o(.text) for __use_two_region_memory
    startup_stm32f407xx.o(RESET) refers to startup_stm32f407xx.o(STACK) for __initial_sp
    startup_stm32f407xx.o(RESET) refers to startup_stm32f407xx.o(.text) for Reset_Handler
    startup_stm32f407xx.o(RESET) refers to stm32f4xx_it.o(i.NMI_Handler) for NMI_Handler
    startup_stm32f407xx.o(RESET) refers to stm32f4xx_it.o(i.HardFault_Handler) for HardFault_Handler
    startup_stm32f407xx.o(RESET) refers to stm32f4xx_it.o(i.MemManage_Handler) for MemManage_Handler
    startup_stm32f407xx.o(RESET) refers to stm32f4xx_it.o(i.BusFault_Handler) for BusFault_Handler
    startup_stm32f407xx.o(RESET) refers to stm32f4xx_it.o(i.UsageFault_Handler) for UsageFault_Handler
    startup_stm32f407xx.o(RESET) refers to port.o(.emb_text) for SVC_Handler
    startup_stm32f407xx.o(RESET) refers to stm32f4xx_it.o(i.DebugMon_Handler) for DebugMon_Handler
    startup_stm32f407xx.o(RESET) refers to port.o(i.SysTick_Handler) for SysTick_Handler
    startup_stm32f407xx.o(RESET) refers to stm32f4xx_it.o(i.EXTI0_IRQHandler) for EXTI0_IRQHandler
    startup_stm32f407xx.o(RESET) refers to stm32f4xx_it.o(i.EXTI4_IRQHandler) for EXTI4_IRQHandler
    startup_stm32f407xx.o(RESET) refers to stm32f4xx_it.o(i.DMA1_Stream1_IRQHandler) for DMA1_Stream1_IRQHandler
    startup_stm32f407xx.o(RESET) refers to stm32f4xx_it.o(i.DMA1_Stream3_IRQHandler) for DMA1_Stream3_IRQHandler
    startup_stm32f407xx.o(RESET) refers to stm32f4xx_it.o(i.CAN1_TX_IRQHandler) for CAN1_TX_IRQHandler
    startup_stm32f407xx.o(RESET) refers to stm32f4xx_it.o(i.CAN1_RX0_IRQHandler) for CAN1_RX0_IRQHandler
    startup_stm32f407xx.o(RESET) refers to stm32f4xx_it.o(i.CAN1_RX1_IRQHandler) for CAN1_RX1_IRQHandler
    startup_stm32f407xx.o(RESET) refers to stm32f4xx_it.o(i.EXTI9_5_IRQHandler) for EXTI9_5_IRQHandler
    startup_stm32f407xx.o(RESET) refers to stm32f4xx_it.o(i.TIM3_IRQHandler) for TIM3_IRQHandler
    startup_stm32f407xx.o(RESET) refers to stm32f4xx_it.o(i.SPI1_IRQHandler) for SPI1_IRQHandler
    startup_stm32f407xx.o(RESET) refers to stm32f4xx_it.o(i.USART1_IRQHandler) for USART1_IRQHandler
    startup_stm32f407xx.o(RESET) refers to stm32f4xx_it.o(i.USART3_IRQHandler) for USART3_IRQHandler
    startup_stm32f407xx.o(RESET) refers to stm32f4xx_it.o(i.DMA2_Stream1_IRQHandler) for DMA2_Stream1_IRQHandler
    startup_stm32f407xx.o(RESET) refers to stm32f4xx_it.o(i.DMA2_Stream2_IRQHandler) for DMA2_Stream2_IRQHandler
    startup_stm32f407xx.o(RESET) refers to stm32f4xx_it.o(i.DMA2_Stream3_IRQHandler) for DMA2_Stream3_IRQHandler
    startup_stm32f407xx.o(RESET) refers to stm32f4xx_it.o(i.CAN2_TX_IRQHandler) for CAN2_TX_IRQHandler
    startup_stm32f407xx.o(RESET) refers to stm32f4xx_it.o(i.CAN2_RX0_IRQHandler) for CAN2_RX0_IRQHandler
    startup_stm32f407xx.o(RESET) refers to stm32f4xx_it.o(i.DMA2_Stream5_IRQHandler) for DMA2_Stream5_IRQHandler
    startup_stm32f407xx.o(RESET) refers to stm32f4xx_it.o(i.DMA2_Stream6_IRQHandler) for DMA2_Stream6_IRQHandler
    startup_stm32f407xx.o(RESET) refers to stm32f4xx_it.o(i.DMA2_Stream7_IRQHandler) for DMA2_Stream7_IRQHandler
    startup_stm32f407xx.o(RESET) refers to stm32f4xx_it.o(i.USART6_IRQHandler) for USART6_IRQHandler
    startup_stm32f407xx.o(.text) refers (Special) to heapauxi.o(.text) for __use_two_region_memory
    startup_stm32f407xx.o(.text) refers to system_stm32f4xx.o(i.SystemInit) for SystemInit
    startup_stm32f407xx.o(.text) refers to __main.o(!!!main) for __main
    startup_stm32f407xx.o(.text) refers to startup_stm32f407xx.o(HEAP) for Heap_Mem
    startup_stm32f407xx.o(.text) refers to startup_stm32f407xx.o(STACK) for Stack_Mem
    main.o(i.HAL_TIM_PeriodElapsedCallback) refers to stm32f4xx_hal.o(i.HAL_IncTick) for HAL_IncTick
    main.o(i.SystemClock_Config) refers to rt_memclr_w.o(.text) for __aeabi_memclr4
    main.o(i.SystemClock_Config) refers to stm32f4xx_hal_rcc.o(i.HAL_RCC_OscConfig) for HAL_RCC_OscConfig
    main.o(i.SystemClock_Config) refers to stm32f4xx_hal_rcc.o(i.HAL_RCC_ClockConfig) for HAL_RCC_ClockConfig
    main.o(i.main) refers to stm32f4xx_hal.o(i.HAL_Init) for HAL_Init
    main.o(i.main) refers to main.o(i.SystemClock_Config) for SystemClock_Config
    main.o(i.main) refers to gpio.o(i.MX_GPIO_Init) for MX_GPIO_Init
    main.o(i.main) refers to dma.o(i.MX_DMA_Init) for MX_DMA_Init
    main.o(i.main) refers to can.o(i.MX_CAN2_Init) for MX_CAN2_Init
    main.o(i.main) refers to can.o(i.MX_CAN1_Init) for MX_CAN1_Init
    main.o(i.main) refers to spi.o(i.MX_SPI1_Init) for MX_SPI1_Init
[...]
    HAL_RCC_GetSysClockFreq                  0x08002375   Thumb Code    88  stm32f4xx_hal_rcc.o(i.HAL_RCC_GetSysClockFreq)
    HAL_RCC_OscConfig                        0x080023d9   Thumb Code   856  stm32f4xx_hal_rcc.o(i.HAL_RCC_OscConfig)
    HAL_SPI_ErrorCallback                    0x08002745   Thumb Code     2  stm32f4xx_hal_spi.o(i.HAL_SPI_ErrorCallback)
    HAL_SPI_IRQHandler                       0x08002749   Thumb Code   246  stm32f4xx_hal_spi.o(i.HAL_SPI_IRQHandler)
    HAL_SPI_Init                             0x08002845   Thumb Code   188  stm32f4xx_hal_spi.o(i.HAL_SPI_Init)
    HAL_SPI_MspInit                          0x08002901   Thumb Code   242  spi.o(i.HAL_SPI_MspInit)
    HAL_SPI_TransmitReceive                  0x08002a0d   Thumb Code   482  stm32f4xx_hal_spi.o(i.HAL_SPI_TransmitReceive)
    HAL_TIMEx_BreakCallback                  0x08002bef   Thumb Code     2  stm32f4xx_hal_tim_ex.o(i.HAL_TIMEx_BreakCallback)
    HAL_TIMEx_CommutCallback                 0x08002bf1   Thumb Code     2  stm32f4xx_hal_tim_ex.o(i.HAL_TIMEx_CommutCallback)
    HAL_TIM_Base_Init                        0x08002bf3   Thumb Code    90  stm32f4xx_hal_tim.o(i.HAL_TIM_Base_Init)
    HAL_TIM_Base_MspInit                     0x08002c4d   Thumb Code    30  tim.o(i.HAL_TIM_Base_MspInit)
    HAL_TIM_Base_Start_IT                    0x08002c75   Thumb Code   100  stm32f4xx_hal_tim.o(i.HAL_TIM_Base_Start_IT)
    HAL_TIM_IC_CaptureCallback               0x08002cf5   Thumb Code     2  stm32f4xx_hal_tim.o(i.HAL_TIM_IC_CaptureCallback)
    HAL_TIM_IRQHandler                       0x08002cf7   Thumb Code   358  stm32f4xx_hal_tim.o(i.HAL_TIM_IRQHandler)
    HAL_TIM_MspPostInit                      0x08002e5d   Thumb Code    70  tim.o(i.HAL_TIM_MspPostInit)
    HAL_TIM_OC_DelayElapsedCallback          0x08002eb1   Thumb Code     2  stm32f4xx_hal_tim.o(i.HAL_TIM_OC_DelayElapsedCallback)
    HAL_TIM_PWM_ConfigChannel                0x08002eb3   Thumb Code   204  stm32f4xx_hal_tim.o(i.HAL_TIM_PWM_ConfigChannel)
    HAL_TIM_PWM_Init                         0x08002f7f   Thumb Code    90  stm32f4xx_hal_tim.o(i.HAL_TIM_PWM_Init)
    HAL_TIM_PWM_MspInit                      0x08002fd9   Thumb Code     2  stm32f4xx_hal_tim.o(i.HAL_TIM_PWM_MspInit)
    HAL_TIM_PWM_PulseFinishedCallback        0x08002fdb   Thumb Code     2  stm32f4xx_hal_tim.o(i.HAL_TIM_PWM_PulseFinishedCallback)
    HAL_TIM_PWM_Start                        0x08002fdd   Thumb Code   172  stm32f4xx_hal_tim.o(i.HAL_TIM_PWM_Start)
    HAL_TIM_PeriodElapsedCallback            0x080030a5   Thumb Code    14  main.o(i.HAL_TIM_PeriodElapsedCallback)
    HAL_TIM_TriggerCallback                  0x080030b9   Thumb Code     2  stm32f4xx_hal_tim.o(i.HAL_TIM_TriggerCallback)
    HAL_UARTEx_RxEventCallback               0x080030bb   Thumb Code     2  stm32f4xx_hal_uart.o(i.HAL_UARTEx_RxEventCallback)
    HAL_UART_DMAStop                         0x080030bd   Thumb Code   112  stm32f4xx_hal_uart.o(i.HAL_UART_DMAStop)
    HAL_UART_ErrorCallback                   0x0800312d   Thumb Code     2  stm32f4xx_hal_uart.o(i.HAL_UART_ErrorCallback)
    HAL_UART_IRQHandler                      0x08003131   Thumb Code   610  stm32f4xx_hal_uart.o(i.HAL_UART_IRQHandler)
    HAL_UART_Init                            0x08003399   Thumb Code    98  stm32f4xx_hal_uart.o(i.HAL_UART_Init)
    HAL_UART_MspInit                         0x080033fd   Thumb Code   678  usart.o(i.HAL_UART_MspInit)
    HAL_UART_Receive_DMA                     0x080036d5   Thumb Code    42  stm32f4xx_hal_uart.o(i.HAL_UART_Receive_DMA)
    HAL_UART_RxCpltCallback                  0x08003701   Thumb Code    82  communication.o(i.HAL_UART_RxCpltCallback)
    HAL_UART_RxHalfCpltCallback              0x08003769   Thumb Code     2  stm32f4xx_hal_uart.o(i.HAL_UART_RxHalfCpltCallback)
    HAL_UART_TxCpltCallback                  0x0800376b   Thumb Code     2  stm32f4xx_hal_uart.o(i.HAL_UART_TxCpltCallback)
    HardFault_Handler                        0x0800376d   Thumb Code     2  stm32f4xx_it.o(i.HardFault_Handler)
    INS_gyrooffset_calculate                 0x08003771   Thumb Code   168  ins_task.o(i.INS_gyrooffset_calculate)
    INS_task                                 0x08003825   Thumb Code   476  ins_task.o(i.INS_task)
    Init_NRF24L01                            0x08003a25   Thumb Code   154  nrf24l01.o(i.Init_NRF24L01)
    MX_CAN1_Init                             0x08003ac9   Thumb Code    60  can.o(i.MX_CAN1_Init)
    MX_CAN2_Init                             0x08003b0d   Thumb Code    60  can.o(i.MX_CAN2_Init)
    MX_DMA_Init                              0x08003b51   Thumb Code   168  dma.o(i.MX_DMA_Init)
    MX_FREERTOS_Init                         0x08003bfd   Thumb Code    96  freertos.o(i.MX_FREERTOS_Init)
    MX_GPIO_Init                             0x08003c65   Thumb Code   370  gpio.o(i.MX_GPIO_Init)
    MX_I2C3_Init                             0x08003df1   Thumb Code    50  i2c.o(i.MX_I2C3_Init)
    MX_SPI1_Init                             0x08003e31   Thumb Code    64  spi.o(i.MX_SPI1_Init)
    MX_TIM10_Init                            0x08003e79   Thumb Code    92  tim.o(i.MX_TIM10_Init)
    MX_USART1_UART_Init                      0x08003edd   Thumb Code    48  usart.o(i.MX_USART1_UART_Init)
    MX_USART3_UART_Init                      0x08003f15   Thumb Code    46  usart.o(i.MX_USART3_UART_Init)
    MX_USART6_UART_Init                      0x08003f51   Thumb Code    48  usart.o(i.MX_USART6_UART_Init)
    MahonyAHRSupdateIMU                      0x08003f89   Thumb Code   466  ins_task.o(i.MahonyAHRSupdateIMU)
    MemManage_Handler                        0x0800416d   Thumb Code     2  stm32f4xx_it.o(i.MemManage_Handler)
    NMI_Handler                              0x0800416f   Thumb Code     2  stm32f4xx_it.o(i.NMI_Handler)
    NRF24L01_Check                           0x08004171   Thumb Code    64  nrf24l01.o(i.NRF24L01_Check)
    NRF24L01_Read_Buf                        0x080041b9   Thumb Code    72  nrf24l01.o(i.NRF24L01_Read_Buf)
    NRF24L01_Read_Reg                        0x08004205   Thumb Code    48  nrf24l01.o(i.NRF24L01_Read_Reg)
    NRF24L01_RxPacket                        0x08004239   Thumb Code    50  nrf24l01.o(i.NRF24L01_RxPacket)
    NRF24L01_Write_Buf                       0x0800426d   Thumb Code    72  nrf24l01.o(i.NRF24L01_Write_Buf)
    NRF24L01_Write_Reg                       0x080042b9   Thumb Code    54  nrf24l01.o(i.NRF24L01_Write_Reg)
    PID_calc                                 0x080042f5   Thumb Code   292  pid.o(i.PID_calc)
    PID_init                                 0x0800441d   Thumb Code    88  pid.o(i.PID_init)
    RX_Mode                                  0x08004479   Thumb Code    90  nrf24l01.o(i.RX_Mode)
    SPI1_DMA_enable                          0x080044dd   Thumb Code   196  bsp_spi.o(i.SPI1_DMA_enable)
    SPI1_DMA_init                            0x080045b1   Thumb Code   216  bsp_spi.o(i.SPI1_DMA_init)
    SPI1_IRQHandler                          0x080046a1   Thumb Code     6  stm32f4xx_it.o(i.SPI1_IRQHandler)
    SPI_ReadWriteByte                        0x08004715   Thumb Code   100  nrf24l01.o(i.SPI_ReadWriteByte)
    StartDefaultTask                         0x08004839   Thumb Code     8  freertos.o(i.StartDefaultTask)
    SysTick_Handler                          0x08004841   Thumb Code    38  port.o(i.SysTick_Handler)
    SystemClock_Config                       0x0800486d   Thumb Code   140  main.o(i.SystemClock_Config)
    SystemInit                               0x08004901   Thumb Code    12  system_stm32f4xx.o(i.SystemInit)
    TIM3_IRQHandler                          0x08004911   Thumb Code     6  stm32f4xx_it.o(i.TIM3_IRQHandler)
    TIM_Base_SetConfig                       0x0800491d   Thumb Code   156  stm32f4xx_hal_tim.o(i.TIM_Base_SetConfig)
    TIM_CCxChannelCmd                        0x080049e5   Thumb Code    26  stm32f4xx_hal_tim.o(i.TIM_CCxChannelCmd)
    TIM_OC2_SetConfig                        0x08004a61   Thumb Code    98  stm32f4xx_hal_tim.o(i.TIM_OC2_SetConfig)
    UART_Start_Receive_DMA                   0x08004eb1   Thumb Code   134  stm32f4xx_hal_uart.o(i.UART_Start_Receive_DMA)
    USART1_IRQHandler                        0x08004f45   Thumb Code    18  stm32f4xx_it.o(i.USART1_IRQHandler)
    USART3_IRQHandler                        0x08004f5d   Thumb Code    18  stm32f4xx_it.o(i.USART3_IRQHandler)
    USART3_Init                              0x08004f75   Thumb Code    52  drv_usart.o(i.USART3_Init)
    USART3_rxDataHandler                     0x08004fb1   Thumb Code   370  rc_potocal.o(i.USART3_rxDataHandler)
    USART6_IRQHandler                        0x0800513d   Thumb Code     6  stm32f4xx_it.o(i.USART6_IRQHandler)
    USER_DMA2_Stream2_IRQHandler             0x08005149   Thumb Code   142  ins_task.o(i.USER_DMA2_Stream2_IRQHandler)
    UsageFault_Handler                       0x080051ed   Thumb Code     2  stm32f4xx_it.o(i.UsageFault_Handler)
    Yaw_Diff                                 0x080051f1   Thumb Code    80  chassis.o(i.Yaw_Diff)
    __ARM_fpclassify                         0x08005265   Thumb Code    48  fpclassify.o(i.__ARM_fpclassify)
    __ARM_fpclassifyf                        0x08005295   Thumb Code    38  fpclassifyf.o(i.__ARM_fpclassifyf)
    __hardfp_asinf                           0x080052dd   Thumb Code   258  asinf.o(i.__hardfp_asinf)
    __hardfp_atan                            0x08005409   Thumb Code   622  atan.o(i.__hardfp_atan)
    __hardfp_atan2f                          0x080056e1   Thumb Code   594  atan2f.o(i.__hardfp_atan2f)
    __hardfp_cos                             0x08005991   Thumb Code   180  cos.o(i.__hardfp_cos)
    __hardfp_pow                             0x08005a59   Thumb Code  3072  pow.o(i.__hardfp_pow)
    __hardfp_sin                             0x080066a9   Thumb Code   180  sin.o(i.__hardfp_sin)
    __hardfp_sqrt                            0x08006771   Thumb Code   122  sqrt.o(i.__hardfp_sqrt)
    __ieee754_rem_pio2                       0x080067f1   Thumb Code   938  rred.o(i.__ieee754_rem_pio2)
    __kernel_cos                             0x08006c29   Thumb Code   322  cos_i.o(i.__kernel_cos)
    __kernel_poly                            0x08006d99   Thumb Code   248  poly.o(i.__kernel_poly)
    __kernel_sin                             0x08006e91   Thumb Code   280  sin_i.o(i.__kernel_sin)
    __mathlib_dbl_divzero                    0x08006fc1   Thumb Code    28  dunder.o(i.__mathlib_dbl_divzero)
    __mathlib_dbl_infnan                     0x08006ff1   Thumb Code    20  dunder.o(i.__mathlib_dbl_infnan)
    __mathlib_dbl_infnan2                    0x08007005   Thumb Code    20  dunder.o(i.__mathlib_dbl_infnan2)
    __mathlib_dbl_invalid                    0x08007019   Thumb Code    24  dunder.o(i.__mathlib_dbl_invalid)
    __mathlib_dbl_overflow                   0x08007039   Thumb Code    24  dunder.o(i.__mathlib_dbl_overflow)
    __mathlib_dbl_underflow                  0x08007059   Thumb Code    24  dunder.o(i.__mathlib_dbl_underflow)
    __mathlib_flt_infnan                     0x08007079   Thumb Code     6  funder.o(i.__mathlib_flt_infnan)
    __mathlib_flt_infnan2                    0x0800707f   Thumb Code     6  funder.o(i.__mathlib_flt_infnan2)
    __mathlib_flt_invalid                    0x08007085   Thumb Code    10  funder.o(i.__mathlib_flt_invalid)
    __mathlib_flt_underflow                  0x08007095   Thumb Code    10  funder.o(i.__mathlib_flt_underflow)
    bmi088_accel_init                        0x080070a5   Thumb Code   292  bmi088driver.o(i.bmi088_accel_init)
    bmi088_accel_self_test                   0x080071cd   Thumb Code   714  bmi088driver.o(i.bmi088_accel_self_test)
    bmi088_gyro_init                         0x080074a1   Thumb Code   214  bmi088driver.o(i.bmi088_gyro_init)
    bmi088_gyro_self_test                    0x0800757d   Thumb Code   202  bmi088driver.o(i.bmi088_gyro_self_test)
    can_cmd_send_3508                        0x08007649   Thumb Code    62  user_can.o(i.can_cmd_send_3508)
    can_cmd_send_6020                        0x08007695   Thumb Code    64  user_can.o(i.can_cmd_send_6020)
    can_remote                               0x080076e1   Thumb Code    36  user_can.o(i.can_remote)
    compound_control                         0x08007709   Thumb Code   490  channel_changes.o(i.compound_control)
    compound_movement_3508                   0x08007955   Thumb Code   904  motion_overlay.o(i.compound_movement_3508)
    compound_movement_6020                   0x08007d05   Thumb Code   768  motion_overlay.o(i.compound_movement_6020)
    delay_init                               0x08008025   Thumb Code    26  bsp_delay.o(i.delay_init)
    delay_us                                 0x0800804d   Thumb Code    48  bsp_delay.o(i.delay_us)
    fabs                                     0x080080c9   Thumb Code    24  fabs.o(i.fabs)
    get_angle                                0x080080e1   Thumb Code   234  ins_task.o(i.get_angle)
    imu_pwm_set                              0x08008375   Thumb Code     8  bsp_imu_pwm.o(i.imu_pwm_set)
    invSqrt                                  0x080083fd   Thumb Code    40  ins_task.o(i.invSqrt)
    limit_max                                0x08008429   Thumb Code    16  user_pid.o(i.limit_max)
    main                                     0x08008439   Thumb Code   114  main.o(i.main)
    motor_value                              0x080084c9   Thumb Code   124  handle_value.o(i.motor_value)
    osDelay                                  0x0800854d   Thumb Code    14  cmsis_os.o(i.osDelay)
    osKernelStart                            0x0800855b   Thumb Code    10  cmsis_os.o(i.osKernelStart)
    osThreadCreate                           0x08008565   Thumb Code    84  cmsis_os.o(i.osThreadCreate)
    pcTaskGetName                            0x080085b9   Thumb Code    28  tasks.o(i.pcTaskGetName)
    pid_cal_a                                0x080085d9   Thumb Code   184  user_pid.o(i.pid_cal_a)
    pid_cal_s                                0x08008691   Thumb Code   146  user_pid.o(i.pid_cal_s)
    pid_init                                 0x08008723   Thumb Code    12  user_pid.o(i.pid_init)
    pvPortMalloc                             0x08008ad5   Thumb Code   216  heap_4.o(i.pvPortMalloc)
    pxPortInitialiseStack                    0x08008bb1   Thumb Code    40  port.o(i.pxPortInitialiseStack)
    remote_value                             0x08008bdd   Thumb Code   334  handle_value.o(i.remote_value)
    sqrt                                     0x08008d45   Thumb Code   110  sqrt.o(i.sqrt)
    sqrtf                                    0x08008db3   Thumb Code    62  sqrtf.o(i.sqrtf)
    ulTaskNotifyTake                         0x08008e41   Thumb Code    96  tasks.o(i.ulTaskNotifyTake)
    uxListRemove                             0x08008ea9   Thumb Code    38  list.o(i.uxListRemove)
    vApplicationGetIdleTaskMemory            0x08008ed1   Thumb Code    16  freertos.o(i.vApplicationGetIdleTaskMemory)
    vListInitialise                          0x08008ee5   Thumb Code    22  list.o(i.vListInitialise)
    vListInitialiseItem                      0x08008efb   Thumb Code     6  list.o(i.vListInitialiseItem)
    vListInsert                              0x08008f01   Thumb Code    48  list.o(i.vListInsert)
    vListInsertEnd                           0x08008f31   Thumb Code    24  list.o(i.vListInsertEnd)
    vPortEnterCritical                       0x08008f49   Thumb Code    54  port.o(i.vPortEnterCritical)
    vPortExitCritical                        0x08008f89   Thumb Code    34  port.o(i.vPortExitCritical)
    vPortFree                                0x08008fb1   Thumb Code    94  heap_4.o(i.vPortFree)
    vPortSetupTimerInterrupt                 0x08009015   Thumb Code    32  port.o(i.vPortSetupTimerInterrupt)
    vPortValidateInterruptPriority           0x08009039   Thumb Code    74  port.o(i.vPortValidateInterruptPriority)
    vTaskDelay                               0x0800908d   Thumb Code    66  tasks.o(i.vTaskDelay)
    vTaskNotifyGiveFromISR                   0x080090d9   Thumb Code   172  tasks.o(i.vTaskNotifyGiveFromISR)
    vTaskStartScheduler                      0x0800918d   Thumb Code    90  tasks.o(i.vTaskStartScheduler)
    vTaskSuspendAll                          0x080091f9   Thumb Code    10  tasks.o(i.vTaskSuspendAll)
    vTaskSwitchContext                       0x08009209   Thumb Code    82  tasks.o(i.vTaskSwitchContext)
    xPortStartScheduler                      0x08009265   Thumb Code   222  port.o(i.xPortStartScheduler)
    xTaskCreate                              0x08009359   Thumb Code    90  tasks.o(i.xTaskCreate)
    xTaskCreateStatic                        0x080093b3   Thumb Code    86  tasks.o(i.xTaskCreateStatic)
    xTaskGetHandle                           0x08009409   Thumb Code   124  tasks.o(i.xTaskGetHandle)
    xTaskGetSchedulerState                   0x0800948d   Thumb Code    22  tasks.o(i.xTaskGetSchedulerState)
    xTaskIncrementTick                       0x080094a9   Thumb Code   194  tasks.o(i.xTaskIncrementTick)
    xTaskResumeAll                           0x08009575   Thumb Code   182  tasks.o(i.xTaskResumeAll)
    __aeabi_dneg                             0x08009639   Thumb Code     0  basic.o(x$fpl$basic)
    _dneg                                    0x08009639   Thumb Code     6  basic.o(x$fpl$basic)
    __aeabi_fneg                             0x0800963f   Thumb Code     0  basic.o(x$fpl$basic)
    _fneg                                    0x0800963f   Thumb Code     6  basic.o(x$fpl$basic)
    _dabs                                    0x08009645   Thumb Code     6  basic.o(x$fpl$basic)
    _fabs                                    0x0800964b   Thumb Code     6  basic.o(x$fpl$basic)
    __aeabi_d2f                              0x08009651   Thumb Code     0  d2f.o(x$fpl$d2f)
    _d2f                                     0x08009651   Thumb Code    98  d2f.o(x$fpl$d2f)
    __aeabi_dadd                             0x080096b5   Thumb Code     0  daddsub_clz.o(x$fpl$dadd)
    _dadd                                    0x080096b5   Thumb Code   332  daddsub_clz.o(x$fpl$dadd)
    __fpl_dcheck_NaN1                        0x08009805   Thumb Code    10  dcheck1.o(x$fpl$dcheck1)
    __fpl_dcmp_Inf                           0x08009815   Thumb Code    24  dcmpi.o(x$fpl$dcmpinf)
    __aeabi_ddiv                             0x0800982d   Thumb Code     0  ddiv.o(x$fpl$ddiv)
    _ddiv                                    0x0800982d   Thumb Code   552  ddiv.o(x$fpl$ddiv)
    __aeabi_d2iz                             0x08009add   Thumb Code     0  dfix.o(x$fpl$dfix)
    _dfix                                    0x08009add   Thumb Code    94  dfix.o(x$fpl$dfix)
    __aeabi_i2d                              0x08009b3b   Thumb Code     0  dflt_clz.o(x$fpl$dflt)
    _dflt                                    0x08009b3b   Thumb Code    46  dflt_clz.o(x$fpl$dflt)
    __aeabi_ui2d                             0x08009b69   Thumb Code     0  dflt_clz.o(x$fpl$dfltu)
    _dfltu                                   0x08009b69   Thumb Code    38  dflt_clz.o(x$fpl$dfltu)
    __aeabi_cdcmple                          0x08009b91   Thumb Code     0  dleqf.o(x$fpl$dleqf)
    _dcmple                                  0x08009b91   Thumb Code   120  dleqf.o(x$fpl$dleqf)
    __fpl_dcmple_InfNaN                      0x08009bf3   Thumb Code     0  dleqf.o(x$fpl$dleqf)
    __aeabi_dmul                             0x08009c09   Thumb Code     0  dmul.o(x$fpl$dmul)
    _dmul                                    0x08009c09   Thumb Code   332  dmul.o(x$fpl$dmul)
    __fpl_dnaninf                            0x08009d5d   Thumb Code   156  dnaninf.o(x$fpl$dnaninf)
    __fpl_dretinf                            0x08009df9   Thumb Code    12  dretinf.o(x$fpl$dretinf)
    __aeabi_cdrcmple                         0x08009e05   Thumb Code     0  drleqf.o(x$fpl$drleqf)
    _drcmple                                 0x08009e05   Thumb Code   108  drleqf.o(x$fpl$drleqf)
    __aeabi_drsub                            0x08009e71   Thumb Code     0  daddsub_clz.o(x$fpl$drsb)
    _drsb                                    0x08009e71   Thumb Code    22  daddsub_clz.o(x$fpl$drsb)
    _dsqrt                                   0x08009e89   Thumb Code   404  dsqrt_umaal.o(x$fpl$dsqrt)
    __aeabi_dsub                             0x0800a021   Thumb Code     0  daddsub_clz.o(x$fpl$dsub)
    _dsub                                    0x0800a021   Thumb Code   464  daddsub_clz.o(x$fpl$dsub)
    __aeabi_f2d                              0x0800a1f5   Thumb Code     0  f2d.o(x$fpl$f2d)
    _f2d                                     0x0800a1f5   Thumb Code    86  f2d.o(x$fpl$f2d)
    __fpl_fnaninf                            0x0800a24b   Thumb Code   140  fnaninf.o(x$fpl$fnaninf)
    _fp_init                                 0x0800a2d7   Thumb Code    10  fpinit.o(x$fpl$fpinit)
    __fplib_config_fpu_vfp                   0x0800a2df   Thumb Code     0  fpinit.o(x$fpl$fpinit)
    __fplib_config_pureend_doubles           0x0800a2df   Thumb Code     0  fpinit.o(x$fpl$fpinit)
    __fpl_fretinf                            0x0800a2e1   Thumb Code    10  fretinf.o(x$fpl$fretinf)
    __fpl_return_NaN                         0x0800a2eb   Thumb Code   100  retnan.o(x$fpl$retnan)
    __ARM_scalbn                             0x0800a34f   Thumb Code    92  scalbn.o(x$fpl$scalbn)
    __fpl_cmpreturn                          0x0800a3ab   Thumb Code    48  trapv.o(x$fpl$trapveneer)
    __I$use$fp                               0x0800a3da   Number         0  usenofp.o(x$fpl$usenofp)
    AHBPrescTable                            0x0800a454   Data          16  system_stm32f4xx.o(.constdata)
    APBPrescTable                            0x0800a464   Data           8  system_stm32f4xx.o(.constdata)
    TX_ADDRESS                               0x0800a490   Data           5  nrf24l01.o(.constdata)
    RX_ADDRESS                               0x0800a495   Data           5  nrf24l01.o(.constdata)
    __mathlib_zero                           0x0800a608   Data           8  qnan.o(.constdata)
    Region$$Table$$Base                      0x0800a720   Number         0  anon$$obj.o(Region$$Table)
    Region$$Table$$Limit                     0x0800a740   Number         0  anon$$obj.o(Region$$Table)
    ChassisHandle                            0x20000000   Data           4  freertos.o(.data)
    InsTaskHandle                            0x20000004   Data           4  freertos.o(.data)
    DCXHandle                                0x20000008   Data           4  freertos.o(.data)
    defaultTaskHandle                        0x2000000c   Data           4  freertos.o(.data)
    uwTickFreq                               0x20000014   Data           1  stm32f4xx_hal.o(.data)
    uwTickPrio                               0x20000018   Data           4  stm32f4xx_hal.o(.data)
    uwTick                                   0x2000001c   Data           4  stm32f4xx_hal.o(.data)
    SystemCoreClock                          0x20000020   Data           4  system_stm32f4xx.o(.data)
    pxCurrentTCB                             0x20000024   Data           4  tasks.o(.data)
    press_left                               0x2000008c   Data           1  rc_potocal.o(.data)
    press_right                              0x2000008d   Data           1  rc_potocal.o(.data)
    pitch16                                  0x2000008e   Data           2  rc_potocal.o(.data)
    yaw16                                    0x20000090   Data           2  rc_potocal.o(.data)
    w_flag                                   0x20000092   Data           2  rc_potocal.o(.data)
    s_flag                                   0x20000094   Data           2  rc_potocal.o(.data)
    a_flag                                   0x20000096   Data           2  rc_potocal.o(.data)
    d_flag                                   0x20000098   Data           2  rc_potocal.o(.data)
    q_flag                                   0x2000009a   Data           2  rc_potocal.o(.data)
    e_flag                                   0x2000009c   Data           2  rc_potocal.o(.data)
    shift_flag                               0x2000009e   Data           2  rc_potocal.o(.data)
    ctrl_flag                                0x200000a0   Data           2  rc_potocal.o(.data)
    r_flag                                   0x200000a2   Data           2  rc_potocal.o(.data)
    f_flag                                   0x200000a4   Data           2  rc_potocal.o(.data)
    g_flag                                   0x200000a6   Data           2  rc_potocal.o(.data)
    z_flag                                   0x200000a8   Data           2  rc_potocal.o(.data)
    x_flag                                   0x200000aa   Data           2  rc_potocal.o(.data)
    c_flag                                   0x200000ac   Data           2  rc_potocal.o(.data)
    v_flag                                   0x200000ae   Data           2  rc_potocal.o(.data)
    b_flag                                   0x200000b0   Data           2  rc_potocal.o(.data)
    temp_remote                              0x200000b2   Data           8  rc_potocal.o(.data)
    temp_remote1                             0x200000ba   Data           8  rc_potocal.o(.data)
    alpha                                    0x200000c4   Data           4  handle_value.o(.data)
    begin                                    0x200000c8   Data           1  communication.o(.data)
    temp                                     0x200000c9   Data           1  communication.o(.data)
    data_length                              0x200000ca   Data           1  communication.o(.data)
    omega                                    0x200000cc   Data           4  motion_overlay.o(.data)
    motor_angle                              0x200000d0   Data           8  motion_overlay.o(.data)
    motor_speed                              0x200000d8   Data           8  motion_overlay.o(.data)
    Up_ins_yaw                               0x200000e0   Data           4  user_can.o(.data)
    UpData                                   0x200000e4   Data           4  user_can.o(.data)
    can_send_data                            0x200000e8   Data           8  user_can.o(.data)
    value                                    0x200000f0   Data           4  drv_usart.o(.data)
    yaw_err                                  0x200000f4   Data           4  channel_changes.o(.data)
    vxd                                      0x200000f8   Data           4  channel_changes.o(.data)
    vyd                                      0x200000fc   Data           4  channel_changes.o(.data)
    get_6020                                 0x20000100   Data           8  channel_changes.o(.data)
    speed_6020                               0x20000108   Data           8  channel_changes.o(.data)
    output_6020                              0x20000110   Data           8  channel_changes.o(.data)
    output_3508                              0x20000118   Data           8  channel_changes.o(.data)
    Max_out_a                                0x20000120   Data           2  chassis.o(.data)
    Max_iout_a                               0x20000122   Data           2  chassis.o(.data)
    Max_out_s                                0x20000124   Data           2  chassis.o(.data)
    Max_iout_s                               0x20000126   Data           2  chassis.o(.data)
    error_theta                              0x20000128   Data           4  chassis.o(.data)
    initial_angle                            0x2000012c   Data           8  chassis.o(.data)
    vw                                       0x20000134   Data           1  nrf24l01.o(.data)
    xtl                                      0x20000135   Data           1  nrf24l01.o(.data)
    vx1                                      0x20000136   Data           1  nrf24l01.o(.data)
    vy1                                      0x20000137   Data           1  nrf24l01.o(.data)
    shoot                                    0x20000138   Data           1  nrf24l01.o(.data)
    yaw1                                     0x2000013c   Data           4  nrf24l01.o(.data)
    ac                                       0x20000140   Data           4  nrf24l01.o(.data)
    pitch1                                   0x20000144   Data           4  nrf24l01.o(.data)
    cn1                                      0x20000148   Data           1  bmi088driver.o(.data)
    BMI088_ACCEL_SEN                         0x2000014c   Data           4  bmi088driver.o(.data)
    BMI088_GYRO_SEN                          0x20000150   Data           4  bmi088driver.o(.data)
    gyro_update_flag                         0x20000180   Data           1  ins_task.o(.data)
    accel_update_flag                        0x20000181   Data           1  ins_task.o(.data)
    accel_temp_update_flag                   0x20000182   Data           1  ins_task.o(.data)
    imu_start_dma_flag                       0x20000183   Data           1  ins_task.o(.data)
    accel_temp_dma_tx_buf                    0x20000186   Data           4  ins_task.o(.data)
    twoKp                                    0x2000018c   Data           4  ins_task.o(.data)
    twoKi                                    0x20000190   Data           4  ins_task.o(.data)
    integralFBx                              0x20000194   Data           4  ins_task.o(.data)
    integralFBy                              0x20000198   Data           4  ins_task.o(.data)
    integralFBz                              0x2000019c   Data           4  ins_task.o(.data)
    accel_temp_dma_rx_buf                    0x200001a8   Data           4  ins_task.o(.data)
    gyro_dma_tx_buf                          0x200001ac   Data           8  ins_task.o(.data)
    gyro_dma_rx_buf                          0x200001b4   Data           8  ins_task.o(.data)
    accel_dma_tx_buf                         0x200001bc   Data           9  ins_task.o(.data)
    gyro_scale_factor                        0x200001c8   Data          36  ins_task.o(.data)
    accel_scale_factor                       0x200001ec   Data          36  ins_task.o(.data)
    Rx                                       0x20000210   Data         128  main.o(.bss)
    hcan1                                    0x200004e4   Data          40  can.o(.bss)
    hcan2                                    0x2000050c   Data          40  can.o(.bss)
    hi2c3                                    0x20000534   Data          84  i2c.o(.bss)
    hspi1                                    0x20000588   Data          88  spi.o(.bss)
    hdma_spi1_tx                             0x200005e0   Data          96  spi.o(.bss)
    hdma_spi1_rx                             0x20000640   Data          96  spi.o(.bss)
    htim10                                   0x200006a0   Data          72  tim.o(.bss)
    huart1                                   0x200006e8   Data          68  usart.o(.bss)
    huart3                                   0x2000072c   Data          68  usart.o(.bss)
    huart6                                   0x20000770   Data          68  usart.o(.bss)
    hdma_usart1_rx                           0x200007b4   Data          96  usart.o(.bss)
    hdma_usart1_tx                           0x20000814   Data          96  usart.o(.bss)
    hdma_usart3_rx                           0x20000874   Data          96  usart.o(.bss)
    hdma_usart3_tx                           0x200008d4   Data          96  usart.o(.bss)
    hdma_usart6_rx                           0x20000934   Data          96  usart.o(.bss)
    hdma_usart6_tx                           0x20000994   Data          96  usart.o(.bss)
    htim3                                    0x200009f4   Data          72  stm32f4xx_hal_timebase_tim.o(.bss)
    rc_ctrl                                  0x2000472c   Data          22  rc_potocal.o(.bss)
    Tx                                       0x20004744   Data          12  communication.o(.bss)
    can_tx_message                           0x20004750   Data          24  user_can.o(.bss)
    motor                                    0x20004768   Data          64  user_can.o(.bss)
    usart3_dma_rxbuf                         0x200047a8   Data          48  drv_usart.o(.bss)
    PID_angle                                0x200047d8   Data         160  chassis.o(.bss)
    PID_speed_3508                           0x20004878   Data         160  chassis.o(.bss)
    PID_speed_6020                           0x20004918   Data         160  chassis.o(.bss)
    motor_pid_gimbal_a                       0x200049b8   Data         136  yaw_task.o(.bss)
    motor_pid_gimbal_s                       0x20004a40   Data         136  yaw_task.o(.bss)
    motor_pid_fashe1                         0x20004ac8   Data          68  yaw_task.o(.bss)
    motor_pid_fashe2                         0x20004b0c   Data          68  yaw_task.o(.bss)
    motor_pid_bopan                          0x20004b50   Data          68  yaw_task.o(.bss)
    motor_gimbal                             0x20004b94   Data         112  yaw_task.o(.bss)
    motor_fashe                              0x20004c04   Data          84  yaw_task.o(.bss)
    INS_gyro                                 0x20004c7c   Data          12  ins_task.o(.bss)
    INS_accel                                0x20004c88   Data          12  ins_task.o(.bss)
    INS_mag                                  0x20004c94   Data          12  ins_task.o(.bss)
    INS_quat                                 0x20004ca0   Data          16  ins_task.o(.bss)
    INS_angle                                0x20004cb0   Data          12  ins_task.o(.bss)
    accel_dma_rx_buf                         0x20004cbc   Data           9  ins_task.o(.bss)
    bmi088_real_data                         0x20004cc8   Data          36  ins_task.o(.bss)
    accel_offset                             0x20004cec   Data          12  ins_task.o(.bss)
    imu_temp_pid                             0x20004cf8   Data          72  ins_task.o(.bss)
    gyrooffset                               0x20004d40   Data          12  ins_task.o(.bss)
    __libspace_start                         0x20004d4c   Data          96  libspace.o(.bss)
    __temporary_stack_top$libspace           0x20004dac   Data           0  libspace.o(.bss)



==============================================================================

Memory Map of the image

  Image Entry point : 0x08000189

  Load Region LR_IROM1 (Base: 0x08000000, Size: 0x0000a950, Max: 0x00100000, ABSOLUTE, COMPRESSED[0x0000a7b0])

    Execution Region ER_IROM1 (Exec base: 0x08000000, Load base: 0x08000000, Size: 0x0000a740, Max: 0x00100000, ABSOLUTE)

    Exec Addr    Load Addr    Size         Type   Attr      Idx    E Section Name        Object

    0x08000000   0x08000000   0x00000188   Data   RO            3    RESET               startup_stm32f407xx.o
    0x08000188   0x08000188   0x00000008   Code   RO         7110  * !!!main             c_w.l(__main.o)
    0x08000190   0x08000190   0x00000034   Code   RO         7498    !!!scatter          c_w.l(__scatter.o)
    0x080001c4   0x080001c4   0x0000005a   Code   RO         7496    !!dczerorl2         c_w.l(__dczerorl2.o)
    0x0800021e   0x0800021e   0x00000002   PAD
    0x08000220   0x08000220   0x0000001c   Code   RO         7500    !!handler_zi        c_w.l(__scatter_zi.o)
    0x0800023c   0x0800023c   0x00000002   Code   RO         7363    .ARM.Collect$$libinit$$00000000  c_w.l(libinit.o)
    0x0800023e   0x0800023e   0x00000004   Code   RO         7374    .ARM.Collect$$libinit$$00000001  c_w.l(libinit2.o)
    0x08000242   0x08000242   0x00000000   Code   RO         7377    .ARM.Collect$$libinit$$00000004  c_w.l(libinit2.o)
    0x08000242   0x08000242   0x00000000   Code   RO         7380    .ARM.Collect$$libinit$$0000000A  c_w.l(libinit2.o)
    0x08000242   0x08000242   0x00000000   Code   RO         7382    .ARM.Collect$$libinit$$0000000C  c_w.l(libinit2.o)
    0x08000242   0x08000242   0x00000000   Code   RO         7384    .ARM.Collect$$libinit$$0000000E  c_w.l(libinit2.o)
    0x08000242   0x08000242   0x00000000   Code   RO         7387    .ARM.Collect$$libinit$$00000011  c_w.l(libinit2.o)
    0x08000242   0x08000242   0x00000000   Code   RO         7389    .ARM.Collect$$libinit$$00000013  c_w.l(libinit2.o)
    0x08000242   0x08000242   0x00000000   Code   RO         7391    .ARM.Collect$$libinit$$00000015  c_w.l(libinit2.o)
    0x08000242   0x08000242   0x00000000   Code   RO         7393    .ARM.Collect$$libinit$$00000017  c_w.l(libinit2.o)
    0x08000242   0x08000242   0x00000000   Code   RO         7395    .ARM.Collect$$libinit$$00000019  c_w.l(libinit2.o)
    0x08000242   0x08000242   0x00000000   Code   RO         7397    .ARM.Collect$$libinit$$0000001B  c_w.l(libinit2.o)
    0x08000242   0x08000242   0x00000000   Code   RO         7399    .ARM.Collect$$libinit$$0000001D  c_w.l(libinit2.o)
    0x08000242   0x08000242   0x00000000   Code   RO         7401    .ARM.Collect$$libinit$$0000001F  c_w.l(libinit2.o)
    0x08000242   0x08000242   0x00000000   Code   RO         7403    .ARM.Collect$$libinit$$00000021  c_w.l(libinit2.o)
    0x08000242   0x08000242   0x00000000   Code   RO         7405    .ARM.Collect$$libinit$$00000023  c_w.l(libinit2.o)
    0x08000242   0x08000242   0x00000000   Code   RO         7407    .ARM.Collect$$libinit$$00000025  c_w.l(libinit2.o)
    0x08000242   0x08000242   0x00000000   Code   RO         7411    .ARM.Collect$$libinit$$0000002C  c_w.l(libinit2.o)
    0x08000242   0x08000242   0x00000000   Code   RO         7413    .ARM.Collect$$libinit$$0000002E  c_w.l(libinit2.o)
    0x08000242   0x08000242   0x00000000   Code   RO         7415    .ARM.Collect$$libinit$$00000030  c_w.l(libinit2.o)
    0x08000242   0x08000242   0x00000000   Code   RO         7417    .ARM.Collect$$libinit$$00000032  c_w.l(libinit2.o)
    0x08000242   0x08000242   0x00000002   Code   RO         7418    .ARM.Collect$$libinit$$00000033  c_w.l(libinit2.o)
    0x08000244   0x08000244   0x00000002   Code   RO         7451    .ARM.Collect$$libshutdown$$00000000  c_w.l(libshutdown.o)
    0x08000246   0x08000246   0x00000000   Code   RO         7477    .ARM.Collect$$libshutdown$$00000002  c_w.l(libshutdown2.o)
    0x08000246   0x08000246   0x00000000   Code   RO         7479    .ARM.Collect$$libshutdown$$00000004  c_w.l(libshutdown2.o)
    0x08000246   0x08000246   0x00000000   Code   RO         7481    .ARM.Collect$$libshutdown$$00000006  c_w.l(libshutdown2.o)
    0x08000246   0x08000246   0x00000000   Code   RO         7484    .ARM.Collect$$libshutdown$$00000009  c_w.l(libshutdown2.o)
    0x08000246   0x08000246   0x00000000   Code   RO         7487    .ARM.Collect$$libshutdown$$0000000C  c_w.l(libshutdown2.o)
    0x08000246   0x08000246   0x00000000   Code   RO         7489    .ARM.Collect$$libshutdown$$0000000E  c_w.l(libshutdown2.o)
    0x08000246   0x08000246   0x00000000   Code   RO         7492    .ARM.Collect$$libshutdown$$00000011  c_w.l(libshutdown2.o)
    0x08000246   0x08000246   0x00000002   Code   RO         7493    .ARM.Collect$$libshutdown$$00000012  c_w.l(libshutdown2.o)
    0x08000248   0x08000248   0x00000000   Code   RO         7228    .ARM.Collect$$rtentry$$00000000  c_w.l(__rtentry.o)
    0x08000248   0x08000248   0x00000000   Code   RO         7322    .ARM.Collect$$rtentry$$00000002  c_w.l(__rtentry2.o)
    0x08000248   0x08000248   0x00000006   Code   RO         7334    .ARM.Collect$$rtentry$$00000004  c_w.l(__rtentry4.o)
    0x0800024e   0x0800024e   0x00000000   Code   RO         7324    .ARM.Collect$$rtentry$$00000009  c_w.l(__rtentry2.o)
    0x0800024e   0x0800024e   0x00000004   Code   RO         7325    .ARM.Collect$$rtentry$$0000000A  c_w.l(__rtentry2.o)
    0x08000252   0x08000252   0x00000000   Code   RO         7327    .ARM.Collect$$rtentry$$0000000C  c_w.l(__rtentry2.o)
    0x08000252   0x08000252   0x00000008   Code   RO         7328    .ARM.Collect$$rtentry$$0000000D  c_w.l(__rtentry2.o)
    0x0800025a   0x0800025a   0x00000002   Code   RO         7366    .ARM.Collect$$rtexit$$00000000  c_w.l(rtexit.o)
    0x0800025c   0x0800025c   0x00000000   Code   RO         7424    .ARM.Collect$$rtexit$$00000002  c_w.l(rtexit2.o)
    0x0800025c   0x0800025c   0x00000004   Code   RO         7425    .ARM.Collect$$rtexit$$00000003  c_w.l(rtexit2.o)
    0x08000260   0x08000260   0x00000006   Code   RO         7426    .ARM.Collect$$rtexit$$00000004  c_w.l(rtexit2.o)
    0x08000266   0x08000266   0x00000002   PAD
    0x08000268   0x08000268   0x000000be   Code   RO         5621    .emb_text           port.o
    0x08000326   0x08000326   0x00000002   PAD
    0x08000328   0x08000328   0x00000040   Code   RO            4    .text               startup_stm32f407xx.o
    0x08000368   0x08000368   0x000000ee   Code   RO         7096    .text               c_w.l(lludivv7m.o)
    0x08000456   0x08000456   0x0000003e   Code   RO         7098    .text               c_w.l(strlen.o)
    0x08000494   0x08000494   0x00000064   Code   RO         7102    .text               c_w.l(rt_memcpy_w.o)
    0x080004f8   0x080004f8   0x0000004e   Code   RO         7106    .text               c_w.l(rt_memclr_w.o)
    0x08000546   0x08000546   0x00000006   Code   RO         7108    .text               c_w.l(heapauxi.o)
    0x0800054c   0x0800054c   0x00000016   Code   RO         7233    .text               c_w.l(_rserrno.o)
    0x08000562   0x08000562   0x00000002   PAD
    0x08000564   0x08000564   0x00000008   Code   RO         7341    .text               c_w.l(rt_errno_addr_intlibspace.o)
    0x0800056c   0x0800056c   0x00000008   Code   RO         7347    .text               c_w.l(libspace.o)
    0x08000574   0x08000574   0x0000004a   Code   RO         7350    .text               c_w.l(sys_stackheap_outer.o)
    0x080005be   0x080005be   0x00000012   Code   RO         7352    .text               c_w.l(exit.o)
    0x080005d0   0x080005d0   0x0000000c   Code   RO         7421    .text               c_w.l(sys_exit.o)
    0x080005dc   0x080005dc   0x00000002   Code   RO         7440    .text               c_w.l(use_no_semi.o)
    0x080005de   0x080005de   0x00000000   Code   RO         7442    .text               c_w.l(indicate_semi.o)
    0x080005de   0x080005de   0x00000002   PAD
    0x080005e0   0x080005e0   0x00000020   Code   RO         6914    i.AHRS_init         ins_task.o
    0x08000600   0x08000600   0x00000010   Code   RO         6741    i.BMI088_ACCEL_NS_H  bmi088middleware.o
    0x08000610   0x08000610   0x00000010   Code   RO         6742    i.BMI088_ACCEL_NS_L  bmi088middleware.o
    0x08000620   0x08000620   0x00000002   Code   RO         6743    i.BMI088_GPIO_init  bmi088middleware.o
    0x08000622   0x08000622   0x00000002   PAD
    0x08000624   0x08000624   0x00000010   Code   RO         6744    i.BMI088_GYRO_NS_H  bmi088middleware.o
    0x08000634   0x08000634   0x00000010   Code   RO         6745    i.BMI088_GYRO_NS_L  bmi088middleware.o
    0x08000644   0x08000644   0x00000088   Code   RO         6605    i.BMI088_accel_read_over  bmi088driver.o
    0x080006cc   0x080006cc   0x00000002   Code   RO         6746    i.BMI088_com_init   bmi088middleware.o
    0x080006ce   0x080006ce   0x00000004   Code   RO         6747    i.BMI088_delay_ms   bmi088middleware.o
    0x080006d2   0x080006d2   0x00000004   Code   RO         6748    i.BMI088_delay_us   bmi088middleware.o
    0x080006d6   0x080006d6   0x00000002   PAD
    0x080006d8   0x080006d8   0x00000060   Code   RO         6606    i.BMI088_gyro_read_over  bmi088driver.o
    0x08000738   0x08000738   0x0000002e   Code   RO         6607    i.BMI088_init       bmi088driver.o
    0x08000766   0x08000766   0x00000002   PAD
    0x08000768   0x08000768   0x00000158   Code   RO         6608    i.BMI088_read       bmi088driver.o
    0x080008c0   0x080008c0   0x00000024   Code   RO         6611    i.BMI088_read_muli_reg  bmi088driver.o
    0x080008e4   0x080008e4   0x00000016   Code   RO         6612    i.BMI088_read_single_reg  bmi088driver.o
    0x080008fa   0x080008fa   0x00000002   PAD
    0x080008fc   0x080008fc   0x00000020   Code   RO         6749    i.BMI088_read_write_byte  bmi088middleware.o
    0x0800091c   0x0800091c   0x0000002e   Code   RO         6613    i.BMI088_temperature_read_over  bmi088driver.o
    0x0800094a   0x0800094a   0x00000012   Code   RO         6614    i.BMI088_write_single_reg  bmi088driver.o
    0x0800095c   0x0800095c   0x00000002   Code   RO          635    i.BusFault_Handler  stm32f4xx_it.o
    0x0800095e   0x0800095e   0x00000002   PAD
    0x08000960   0x08000960   0x0000003c   Code   RO         6154    i.CAN1_Init         user_can.o
    0x0800099c   0x0800099c   0x0000000c   Code   RO          636    i.CAN1_RX0_IRQHandler  stm32f4xx_it.o
    0x080009a8   0x080009a8   0x0000000c   Code   RO          637    i.CAN1_RX1_IRQHandler  stm32f4xx_it.o
    0x080009b4   0x080009b4   0x0000000c   Code   RO          638    i.CAN1_TX_IRQHandler  stm32f4xx_it.o
    0x080009c0   0x080009c0   0x0000003c   Code   RO         6155    i.CAN2_Init         user_can.o
    0x080009fc   0x080009fc   0x0000000c   Code   RO          639    i.CAN2_RX0_IRQHandler  stm32f4xx_it.o
    0x08000a08   0x08000a08   0x0000000c   Code   RO          640    i.CAN2_TX_IRQHandler  stm32f4xx_it.o
    0x08000a14   0x08000a14   0x000000d8   Code   RO         6395    i.Chassis           chassis.o
    0x08000aec   0x08000aec   0x00000070   Code   RO         6506    i.DCX_TASK          nrf24l01.o
    0x08000b5c   0x08000b5c   0x0000000c   Code   RO          641    i.DMA1_Stream1_IRQHandler  stm32f4xx_it.o
    0x08000b68   0x08000b68   0x0000000c   Code   RO          642    i.DMA1_Stream3_IRQHandler  stm32f4xx_it.o
    0x08000b74   0x08000b74   0x0000000c   Code   RO          643    i.DMA2_Stream1_IRQHandler  stm32f4xx_it.o
    0x08000b80   0x08000b80   0x00000014   Code   RO          644    i.DMA2_Stream2_IRQHandler  stm32f4xx_it.o
    0x08000b94   0x08000b94   0x0000000c   Code   RO          645    i.DMA2_Stream3_IRQHandler  stm32f4xx_it.o
    0x08000ba0   0x08000ba0   0x0000000c   Code   RO          646    i.DMA2_Stream5_IRQHandler  stm32f4xx_it.o
    0x08000bac   0x08000bac   0x0000000c   Code   RO          647    i.DMA2_Stream6_IRQHandler  stm32f4xx_it.o
    0x08000bb8   0x08000bb8   0x0000000c   Code   RO          648    i.DMA2_Stream7_IRQHandler  stm32f4xx_it.o
    0x08000bc4   0x08000bc4   0x00000244   Code   RO         6223    i.DMAEx_MultiBufferStart_NoIT  drv_usart.o
    0x08000e08   0x08000e08   0x00000028   Code   RO         1580    i.DMA_CalcBaseAndBitshift  stm32f4xx_hal_dma.o
    0x08000e30   0x08000e30   0x00000054   Code   RO         1581    i.DMA_CheckFifoParam  stm32f4xx_hal_dma.o
    0x08000e84   0x08000e84   0x00000028   Code   RO         1582    i.DMA_SetConfig     stm32f4xx_hal_dma.o
    0x08000eac   0x08000eac   0x00000030   Code   RO         6224    i.DRV_USART1_IRQHandler  drv_usart.o
    0x08000edc   0x08000edc   0x00000024   Code   RO         6225    i.DRV_USART3_IRQHandler  drv_usart.o
    0x08000f00   0x08000f00   0x00000002   Code   RO          649    i.DebugMon_Handler  stm32f4xx_it.o
    0x08000f02   0x08000f02   0x00000010   Code   RO         6507    i.Delay             nrf24l01.o
    0x08000f12   0x08000f12   0x00000006   Code   RO          650    i.EXTI0_IRQHandler  stm32f4xx_it.o
    0x08000f18   0x08000f18   0x00000006   Code   RO          651    i.EXTI4_IRQHandler  stm32f4xx_it.o
    0x08000f1e   0x08000f1e   0x00000006   Code   RO          652    i.EXTI9_5_IRQHandler  stm32f4xx_it.o
    0x08000f24   0x08000f24   0x00000004   Code   RO           13    i.Error_Handler     main.o
    0x08000f28   0x08000f28   0x00000024   Code   RO          888    i.HAL_CAN_ActivateNotification  stm32f4xx_hal_can.o
    0x08000f4c   0x08000f4c   0x000000dc   Code   RO          889    i.HAL_CAN_AddTxMessage  stm32f4xx_hal_can.o
    0x08001028   0x08001028   0x0000010c   Code   RO          890    i.HAL_CAN_ConfigFilter  stm32f4xx_hal_can.o
    0x08001134   0x08001134   0x00000002   Code   RO          893    i.HAL_CAN_ErrorCallback  stm32f4xx_hal_can.o
    0x08001136   0x08001136   0x000000e8   Code   RO          896    i.HAL_CAN_GetRxMessage  stm32f4xx_hal_can.o
    0x0800121e   0x0800121e   0x000001fc   Code   RO          900    i.HAL_CAN_IRQHandler  stm32f4xx_hal_can.o
    0x0800141a   0x0800141a   0x0000011a   Code   RO          901    i.HAL_CAN_Init      stm32f4xx_hal_can.o
    0x08001534   0x08001534   0x0000012c   Code   RO          353    i.HAL_CAN_MspInit   can.o
    0x08001660   0x08001660   0x00000002   Code   RO          908    i.HAL_CAN_RxFifo0FullCallback  stm32f4xx_hal_can.o
    0x08001662   0x08001662   0x00000002   PAD
    0x08001664   0x08001664   0x00000110   Code   RO         6156    i.HAL_CAN_RxFifo0MsgPendingCallback  user_can.o
    0x08001774   0x08001774   0x00000002   Code   RO          910    i.HAL_CAN_RxFifo1FullCallback  stm32f4xx_hal_can.o
    0x08001776   0x08001776   0x00000002   Code   RO          911    i.HAL_CAN_RxFifo1MsgPendingCallback  stm32f4xx_hal_can.o
    0x08001778   0x08001778   0x00000002   Code   RO          912    i.HAL_CAN_SleepCallback  stm32f4xx_hal_can.o
    0x0800177a   0x0800177a   0x00000002   PAD
    0x0800177c   0x0800177c   0x00000058   Code   RO          913    i.HAL_CAN_Start     stm32f4xx_hal_can.o
    0x080017d4   0x080017d4   0x00000002   Code   RO          915    i.HAL_CAN_TxMailbox0AbortCallback  stm32f4xx_hal_can.o
    0x080017d6   0x080017d6   0x00000002   Code   RO          916    i.HAL_CAN_TxMailbox0CompleteCallback  stm32f4xx_hal_can.o
    0x080017d8   0x080017d8   0x00000002   Code   RO          917    i.HAL_CAN_TxMailbox1AbortCallback  stm32f4xx_hal_can.o
    0x080017da   0x080017da   0x00000002   Code   RO          918    i.HAL_CAN_TxMailbox1CompleteCallback  stm32f4xx_hal_can.o
    0x080017dc   0x080017dc   0x00000002   Code   RO          919    i.HAL_CAN_TxMailbox2AbortCallback  stm32f4xx_hal_can.o
    0x080017de   0x080017de   0x00000002   Code   RO          920    i.HAL_CAN_TxMailbox2CompleteCallback  stm32f4xx_hal_can.o
    0x080017e0   0x080017e0   0x00000002   Code   RO          922    i.HAL_CAN_WakeUpFromRxMsgCallback  stm32f4xx_hal_can.o
    0x080017e2   0x080017e2   0x00000092   Code   RO         1583    i.HAL_DMA_Abort     stm32f4xx_hal_dma.o
    0x08001874   0x08001874   0x00000024   Code   RO         1584    i.HAL_DMA_Abort_IT  stm32f4xx_hal_dma.o
    0x08001898   0x08001898   0x000001a0   Code   RO         1588    i.HAL_DMA_IRQHandler  stm32f4xx_hal_dma.o
    0x08001a38   0x08001a38   0x000000d4   Code   RO         1589    i.HAL_DMA_Init      stm32f4xx_hal_dma.o
    0x08001b0c   0x08001b0c   0x0000006e   Code   RO         1593    i.HAL_DMA_Start_IT  stm32f4xx_hal_dma.o
    0x08001b7a   0x08001b7a   0x00000002   PAD
    0x08001b7c   0x08001b7c   0x0000006c   Code   RO         6915    i.HAL_GPIO_EXTI_Callback  ins_task.o
    0x08001be8   0x08001be8   0x00000018   Code   RO         1475    i.HAL_GPIO_EXTI_IRQHandler  stm32f4xx_hal_gpio.o
    0x08001c00   0x08001c00   0x000001f0   Code   RO         1476    i.HAL_GPIO_Init     stm32f4xx_hal_gpio.o
    0x08001df0   0x08001df0   0x0000000a   Code   RO         1478    i.HAL_GPIO_ReadPin  stm32f4xx_hal_gpio.o
    0x08001dfa   0x08001dfa   0x0000000a   Code   RO         1480    i.HAL_GPIO_WritePin  stm32f4xx_hal_gpio.o
    0x08001e04   0x08001e04   0x0000000c   Code   RO         2008    i.HAL_GetTick       stm32f4xx_hal.o
    0x08001e10   0x08001e10   0x00000188   Code   RO         2264    i.HAL_I2C_Init      stm32f4xx_hal_i2c.o
    0x08001f98   0x08001f98   0x00000094   Code   RO          450    i.HAL_I2C_MspInit   i2c.o
    0x0800202c   0x0800202c   0x00000010   Code   RO         2014    i.HAL_IncTick       stm32f4xx_hal.o
    0x0800203c   0x0800203c   0x00000034   Code   RO         2015    i.HAL_Init          stm32f4xx_hal.o
    0x08002070   0x08002070   0x00000098   Code   RO          848    i.HAL_InitTick      stm32f4xx_hal_timebase_tim.o
    0x08002108   0x08002108   0x00000038   Code   RO          824    i.HAL_MspInit       stm32f4xx_hal_msp.o
    0x08002140   0x08002140   0x0000001a   Code   RO         1865    i.HAL_NVIC_EnableIRQ  stm32f4xx_hal_cortex.o
    0x0800215a   0x0800215a   0x00000002   PAD
    0x0800215c   0x0800215c   0x00000040   Code   RO         1871    i.HAL_NVIC_SetPriority  stm32f4xx_hal_cortex.o
    0x0800219c   0x0800219c   0x00000024   Code   RO         1872    i.HAL_NVIC_SetPriorityGrouping  stm32f4xx_hal_cortex.o
    0x080021c0   0x080021c0   0x00000134   Code   RO         1122    i.HAL_RCC_ClockConfig  stm32f4xx_hal_rcc.o
    0x080022f4   0x080022f4   0x00000040   Code   RO         1126    i.HAL_RCC_GetClockConfig  stm32f4xx_hal_rcc.o
    0x08002334   0x08002334   0x00000020   Code   RO         1129    i.HAL_RCC_GetPCLK1Freq  stm32f4xx_hal_rcc.o
    0x08002354   0x08002354   0x00000020   Code   RO         1130    i.HAL_RCC_GetPCLK2Freq  stm32f4xx_hal_rcc.o
    0x08002374   0x08002374   0x00000064   Code   RO         1131    i.HAL_RCC_GetSysClockFreq  stm32f4xx_hal_rcc.o
    0x080023d8   0x080023d8   0x0000036c   Code   RO         1134    i.HAL_RCC_OscConfig  stm32f4xx_hal_rcc.o
    0x08002744   0x08002744   0x00000002   Code   RO         2710    i.HAL_SPI_ErrorCallback  stm32f4xx_hal_spi.o
    0x08002746   0x08002746   0x00000002   PAD
    0x08002748   0x08002748   0x000000fc   Code   RO         2713    i.HAL_SPI_IRQHandler  stm32f4xx_hal_spi.o
    0x08002844   0x08002844   0x000000bc   Code   RO         2714    i.HAL_SPI_Init      stm32f4xx_hal_spi.o
    0x08002900   0x08002900   0x0000010c   Code   RO          492    i.HAL_SPI_MspInit   spi.o
    0x08002a0c   0x08002a0c   0x000001e2   Code   RO         2723    i.HAL_SPI_TransmitReceive  stm32f4xx_hal_spi.o
    0x08002bee   0x08002bee   0x00000002   Code   RO         3731    i.HAL_TIMEx_BreakCallback  stm32f4xx_hal_tim_ex.o
    0x08002bf0   0x08002bf0   0x00000002   Code   RO         3732    i.HAL_TIMEx_CommutCallback  stm32f4xx_hal_tim_ex.o
    0x08002bf2   0x08002bf2   0x0000005a   Code   RO         3027    i.HAL_TIM_Base_Init  stm32f4xx_hal_tim.o
    0x08002c4c   0x08002c4c   0x00000028   Code   RO          534    i.HAL_TIM_Base_MspInit  tim.o
    0x08002c74   0x08002c74   0x00000080   Code   RO         3032    i.HAL_TIM_Base_Start_IT  stm32f4xx_hal_tim.o
    0x08002cf4   0x08002cf4   0x00000002   Code   RO         3061    i.HAL_TIM_IC_CaptureCallback  stm32f4xx_hal_tim.o
    0x08002cf6   0x08002cf6   0x00000166   Code   RO         3075    i.HAL_TIM_IRQHandler  stm32f4xx_hal_tim.o
    0x08002e5c   0x08002e5c   0x00000054   Code   RO          535    i.HAL_TIM_MspPostInit  tim.o
    0x08002eb0   0x08002eb0   0x00000002   Code   RO         3078    i.HAL_TIM_OC_DelayElapsedCallback  stm32f4xx_hal_tim.o
    0x08002eb2   0x08002eb2   0x000000cc   Code   RO         3099    i.HAL_TIM_PWM_ConfigChannel  stm32f4xx_hal_tim.o
    0x08002f7e   0x08002f7e   0x0000005a   Code   RO         3102    i.HAL_TIM_PWM_Init  stm32f4xx_hal_tim.o
    0x08002fd8   0x08002fd8   0x00000002   Code   RO         3104    i.HAL_TIM_PWM_MspInit  stm32f4xx_hal_tim.o
    0x08002fda   0x08002fda   0x00000002   Code   RO         3105    i.HAL_TIM_PWM_PulseFinishedCallback  stm32f4xx_hal_tim.o
    0x08002fdc   0x08002fdc   0x000000c8   Code   RO         3107    i.HAL_TIM_PWM_Start  stm32f4xx_hal_tim.o
    0x080030a4   0x080030a4   0x00000014   Code   RO           14    i.HAL_TIM_PeriodElapsedCallback  main.o
    0x080030b8   0x080030b8   0x00000002   Code   RO         3118    i.HAL_TIM_TriggerCallback  stm32f4xx_hal_tim.o
    0x080030ba   0x080030ba   0x00000002   Code   RO         4009    i.HAL_UARTEx_RxEventCallback  stm32f4xx_hal_uart.o
    0x080030bc   0x080030bc   0x00000070   Code   RO         4021    i.HAL_UART_DMAStop  stm32f4xx_hal_uart.o
    0x0800312c   0x0800312c   0x00000002   Code   RO         4023    i.HAL_UART_ErrorCallback  stm32f4xx_hal_uart.o
    0x0800312e   0x0800312e   0x00000002   PAD
    0x08003130   0x08003130   0x00000268   Code   RO         4026    i.HAL_UART_IRQHandler  stm32f4xx_hal_uart.o
    0x08003398   0x08003398   0x00000062   Code   RO         4027    i.HAL_UART_Init     stm32f4xx_hal_uart.o
    0x080033fa   0x080033fa   0x00000002   PAD
    0x080033fc   0x080033fc   0x000002d8   Code   RO          582    i.HAL_UART_MspInit  usart.o
    0x080036d4   0x080036d4   0x0000002a   Code   RO         4031    i.HAL_UART_Receive_DMA  stm32f4xx_hal_uart.o
    0x080036fe   0x080036fe   0x00000002   PAD
    0x08003700   0x08003700   0x00000068   Code   RO         5887    i.HAL_UART_RxCpltCallback  communication.o
    0x08003768   0x08003768   0x00000002   Code   RO         4034    i.HAL_UART_RxHalfCpltCallback  stm32f4xx_hal_uart.o
    0x0800376a   0x0800376a   0x00000002   Code   RO         4038    i.HAL_UART_TxCpltCallback  stm32f4xx_hal_uart.o
    0x0800376c   0x0800376c   0x00000002   Code   RO          653    i.HardFault_Handler  stm32f4xx_it.o
    0x0800376e   0x0800376e   0x00000002   PAD
    0x08003770   0x08003770   0x000000b4   Code   RO         6916    i.INS_gyrooffset_calculate  ins_task.o
    0x08003824   0x08003824   0x00000200   Code   RO         6917    i.INS_task          ins_task.o
    0x08003a24   0x08003a24   0x000000a4   Code   RO         6508    i.Init_NRF24L01     nrf24l01.o
    0x08003ac8   0x08003ac8   0x00000044   Code   RO          354    i.MX_CAN1_Init      can.o
    0x08003b0c   0x08003b0c   0x00000044   Code   RO          355    i.MX_CAN2_Init      can.o
    0x08003b50   0x08003b50   0x000000ac   Code   RO          425    i.MX_DMA_Init       dma.o
    0x08003bfc   0x08003bfc   0x00000068   Code   RO          280    i.MX_FREERTOS_Init  freertos.o
    0x08003c64   0x08003c64   0x0000018c   Code   RO          256    i.MX_GPIO_Init      gpio.o
    0x08003df0   0x08003df0   0x00000040   Code   RO          451    i.MX_I2C3_Init      i2c.o
    0x08003e30   0x08003e30   0x00000048   Code   RO          493    i.MX_SPI1_Init      spi.o
    0x08003e78   0x08003e78   0x00000064   Code   RO          536    i.MX_TIM10_Init     tim.o
    0x08003edc   0x08003edc   0x00000038   Code   RO          583    i.MX_USART1_UART_Init  usart.o
    0x08003f14   0x08003f14   0x0000003c   Code   RO          584    i.MX_USART3_UART_Init  usart.o
    0x08003f50   0x08003f50   0x00000038   Code   RO          585    i.MX_USART6_UART_Init  usart.o
    0x08003f88   0x08003f88   0x000001e4   Code   RO         6918    i.MahonyAHRSupdateIMU  ins_task.o
    0x0800416c   0x0800416c   0x00000002   Code   RO          654    i.MemManage_Handler  stm32f4xx_it.o
    0x0800416e   0x0800416e   0x00000002   Code   RO          655    i.NMI_Handler       stm32f4xx_it.o
    0x08004170   0x08004170   0x00000048   Code   RO         6509    i.NRF24L01_Check    nrf24l01.o
    0x080041b8   0x080041b8   0x0000004c   Code   RO         6510    i.NRF24L01_Read_Buf  nrf24l01.o
    0x08004204   0x08004204   0x00000034   Code   RO         6511    i.NRF24L01_Read_Reg  nrf24l01.o
    0x08004238   0x08004238   0x00000032   Code   RO         6512    i.NRF24L01_RxPacket  nrf24l01.o
    0x0800426a   0x0800426a   0x00000002   PAD
    0x0800426c   0x0800426c   0x0000004c   Code   RO         6514    i.NRF24L01_Write_Buf  nrf24l01.o
    0x080042b8   0x080042b8   0x0000003c   Code   RO         6515    i.NRF24L01_Write_Reg  nrf24l01.o
    0x080042f4   0x080042f4   0x00000128   Code   RO         7025    i.PID_calc          pid.o
    0x0800441c   0x0800441c   0x0000005c   Code   RO         7028    i.PID_init          pid.o
    0x08004478   0x08004478   0x00000064   Code   RO         6516    i.RX_Mode           nrf24l01.o
    0x080044dc   0x080044dc   0x000000d4   Code   RO         6880    i.SPI1_DMA_enable   bsp_spi.o
    0x080045b0   0x080045b0   0x000000f0   Code   RO         6881    i.SPI1_DMA_init     bsp_spi.o
    0x080046a0   0x080046a0   0x0000000c   Code   RO          656    i.SPI1_IRQHandler   stm32f4xx_it.o
    0x080046ac   0x080046ac   0x00000010   Code   RO         2741    i.SPI_DMAAbortOnError  stm32f4xx_hal_spi.o
    0x080046bc   0x080046bc   0x00000058   Code   RO         2752    i.SPI_EndRxTxTransaction  stm32f4xx_hal_spi.o
    0x08004714   0x08004714   0x0000006c   Code   RO         6517    i.SPI_ReadWriteByte  nrf24l01.o
    0x08004780   0x08004780   0x000000b8   Code   RO         2757    i.SPI_WaitFlagStateUntilTimeout  stm32f4xx_hal_spi.o
    0x08004838   0x08004838   0x00000008   Code   RO          281    i.StartDefaultTask  freertos.o
    0x08004840   0x08004840   0x0000002c   Code   RO         5622    i.SysTick_Handler   port.o
    0x0800486c   0x0800486c   0x00000094   Code   RO           15    i.SystemClock_Config  main.o
    0x08004900   0x08004900   0x00000010   Code   RO         4356    i.SystemInit        system_stm32f4xx.o
    0x08004910   0x08004910   0x0000000c   Code   RO          657    i.TIM3_IRQHandler   stm32f4xx_it.o
    0x0800491c   0x0800491c   0x000000c8   Code   RO         3120    i.TIM_Base_SetConfig  stm32f4xx_hal_tim.o
    0x080049e4   0x080049e4   0x0000001a   Code   RO         3121    i.TIM_CCxChannelCmd  stm32f4xx_hal_tim.o
    0x080049fe   0x080049fe   0x00000002   PAD
    0x08004a00   0x08004a00   0x00000060   Code   RO         3133    i.TIM_OC1_SetConfig  stm32f4xx_hal_tim.o
    0x08004a60   0x08004a60   0x0000006c   Code   RO         3134    i.TIM_OC2_SetConfig  stm32f4xx_hal_tim.o
    0x08004acc   0x08004acc   0x00000068   Code   RO         3135    i.TIM_OC3_SetConfig  stm32f4xx_hal_tim.o
    0x08004b34   0x08004b34   0x00000050   Code   RO         3136    i.TIM_OC4_SetConfig  stm32f4xx_hal_tim.o
    0x08004b84   0x08004b84   0x00000010   Code   RO         4040    i.UART_DMAAbortOnError  stm32f4xx_hal_uart.o
    0x08004b94   0x08004b94   0x0000004a   Code   RO         4041    i.UART_DMAError     stm32f4xx_hal_uart.o
    0x08004bde   0x08004bde   0x00000082   Code   RO         4042    i.UART_DMAReceiveCplt  stm32f4xx_hal_uart.o
    0x08004c60   0x08004c60   0x0000001a   Code   RO         4044    i.UART_DMARxHalfCplt  stm32f4xx_hal_uart.o
    0x08004c7a   0x08004c7a   0x0000004e   Code   RO         4050    i.UART_EndRxTransfer  stm32f4xx_hal_uart.o
    0x08004cc8   0x08004cc8   0x0000001c   Code   RO         4051    i.UART_EndTxTransfer  stm32f4xx_hal_uart.o
    0x08004ce4   0x08004ce4   0x000000c0   Code   RO         4052    i.UART_Receive_IT   stm32f4xx_hal_uart.o
    0x08004da4   0x08004da4   0x0000010c   Code   RO         4053    i.UART_SetConfig    stm32f4xx_hal_uart.o
    0x08004eb0   0x08004eb0   0x00000094   Code   RO         4054    i.UART_Start_Receive_DMA  stm32f4xx_hal_uart.o
    0x08004f44   0x08004f44   0x00000018   Code   RO          658    i.USART1_IRQHandler  stm32f4xx_it.o
    0x08004f5c   0x08004f5c   0x00000018   Code   RO          659    i.USART3_IRQHandler  stm32f4xx_it.o
    0x08004f74   0x08004f74   0x0000003c   Code   RO         6227    i.USART3_Init       drv_usart.o
    0x08004fb0   0x08004fb0   0x0000018c   Code   RO         5701    i.USART3_rxDataHandler  rc_potocal.o
    0x0800513c   0x0800513c   0x0000000c   Code   RO          660    i.USART6_IRQHandler  stm32f4xx_it.o
    0x08005148   0x08005148   0x000000a4   Code   RO         6919    i.USER_DMA2_Stream2_IRQHandler  ins_task.o
    0x080051ec   0x080051ec   0x00000002   Code   RO          661    i.UsageFault_Handler  stm32f4xx_it.o
    0x080051ee   0x080051ee   0x00000002   PAD
    0x080051f0   0x080051f0   0x00000074   Code   RO         6396    i.Yaw_Diff          chassis.o
    0x08005264   0x08005264   0x00000030   Code   RO         7277    i.__ARM_fpclassify  m_wm.l(fpclassify.o)
    0x08005294   0x08005294   0x00000026   Code   RO         7279    i.__ARM_fpclassifyf  m_wm.l(fpclassifyf.o)
    0x080052ba   0x080052ba   0x00000020   Code   RO         1878    i.__NVIC_SetPriority  stm32f4xx_hal_cortex.o
    0x080052da   0x080052da   0x00000002   PAD
    0x080052dc   0x080052dc   0x0000012c   Code   RO         7140    i.__hardfp_asinf    m_wm.l(asinf.o)
    0x08005408   0x08005408   0x000002d8   Code   RO         7152    i.__hardfp_atan     m_wm.l(atan.o)
    0x080056e0   0x080056e0   0x000002ac   Code   RO         7166    i.__hardfp_atan2f   m_wm.l(atan2f.o)
    0x0800598c   0x0800598c   0x00000004   PAD
    0x08005990   0x08005990   0x000000c8   Code   RO         7178    i.__hardfp_cos      m_wm.l(cos.o)
    0x08005a58   0x08005a58   0x00000c50   Code   RO         7190    i.__hardfp_pow      m_wm.l(pow.o)
    0x080066a8   0x080066a8   0x000000c8   Code   RO         7204    i.__hardfp_sin      m_wm.l(sin.o)
    0x08006770   0x08006770   0x0000007a   Code   RO         7216    i.__hardfp_sqrt     m_wm.l(sqrt.o)
    0x080067ea   0x080067ea   0x00000006   PAD
    0x080067f0   0x080067f0   0x00000438   Code   RO         7298    i.__ieee754_rem_pio2  m_wm.l(rred.o)
    0x08006c28   0x08006c28   0x00000170   Code   RO         7254    i.__kernel_cos      m_wm.l(cos_i.o)
    0x08006d98   0x08006d98   0x000000f8   Code   RO         7295    i.__kernel_poly     m_wm.l(poly.o)
    0x08006e90   0x08006e90   0x00000130   Code   RO         7303    i.__kernel_sin      m_wm.l(sin_i.o)
    0x08006fc0   0x08006fc0   0x00000030   Code   RO         7257    i.__mathlib_dbl_divzero  m_wm.l(dunder.o)
    0x08006ff0   0x08006ff0   0x00000014   Code   RO         7258    i.__mathlib_dbl_infnan  m_wm.l(dunder.o)
    0x08007004   0x08007004   0x00000014   Code   RO         7259    i.__mathlib_dbl_infnan2  m_wm.l(dunder.o)
    0x08007018   0x08007018   0x00000020   Code   RO         7260    i.__mathlib_dbl_invalid  m_wm.l(dunder.o)
    0x08007038   0x08007038   0x00000020   Code   RO         7261    i.__mathlib_dbl_overflow  m_wm.l(dunder.o)
    0x08007058   0x08007058   0x00000020   Code   RO         7263    i.__mathlib_dbl_underflow  m_wm.l(dunder.o)
    0x08007078   0x08007078   0x00000006   Code   RO         7282    i.__mathlib_flt_infnan  m_wm.l(funder.o)
    0x0800707e   0x0800707e   0x00000006   Code   RO         7283    i.__mathlib_flt_infnan2  m_wm.l(funder.o)
    0x08007084   0x08007084   0x00000010   Code   RO         7284    i.__mathlib_flt_invalid  m_wm.l(funder.o)
    0x08007094   0x08007094   0x00000010   Code   RO         7287    i.__mathlib_flt_underflow  m_wm.l(funder.o)
    0x080070a4   0x080070a4   0x00000128   Code   RO         6615    i.bmi088_accel_init  bmi088driver.o
    0x080071cc   0x080071cc   0x000002d4   Code   RO         6616    i.bmi088_accel_self_test  bmi088driver.o
    0x080074a0   0x080074a0   0x000000dc   Code   RO         6617    i.bmi088_gyro_init  bmi088driver.o
    0x0800757c   0x0800757c   0x000000ca   Code   RO         6618    i.bmi088_gyro_self_test  bmi088driver.o
    0x08007646   0x08007646   0x00000002   PAD
    0x08007648   0x08007648   0x0000004c   Code   RO         6157    i.can_cmd_send_3508  user_can.o
    0x08007694   0x08007694   0x0000004c   Code   RO         6158    i.can_cmd_send_6020  user_can.o
    0x080076e0   0x080076e0   0x00000028   Code   RO         6160    i.can_remote        user_can.o
    0x08007708   0x08007708   0x0000024c   Code   RO         6343    i.compound_control  channel_changes.o
    0x08007954   0x08007954   0x000003b0   Code   RO         5919    i.compound_movement_3508  motion_overlay.o
    0x08007d04   0x08007d04   0x00000320   Code   RO         5920    i.compound_movement_6020  motion_overlay.o
    0x08008024   0x08008024   0x00000028   Code   RO         6814    i.delay_init        bsp_delay.o
    0x0800804c   0x0800804c   0x00000034   Code   RO         6816    i.delay_us          bsp_delay.o
    0x08008080   0x08008080   0x00000024   Code   RO         6228    i.dma_m0_rxcplt_callback  drv_usart.o
    0x080080a4   0x080080a4   0x00000024   Code   RO         6229    i.dma_m1_rxcplt_callback  drv_usart.o
    0x080080c8   0x080080c8   0x00000018   Code   RO         7273    i.fabs              m_wm.l(fabs.o)
    0x080080e0   0x080080e0   0x000000f4   Code   RO         6922    i.get_angle         ins_task.o
    0x080081d4   0x080081d4   0x000000a4   Code   RO         6924    i.imu_cali_slove    ins_task.o
    0x08008278   0x08008278   0x000000fc   Code   RO         6925    i.imu_cmd_spi_dma   ins_task.o
    0x08008374   0x08008374   0x0000000c   Code   RO         6852    i.imu_pwm_set       bsp_imu_pwm.o
    0x08008380   0x08008380   0x0000007c   Code   RO         6926    i.imu_temp_control  ins_task.o
    0x080083fc   0x080083fc   0x0000002c   Code   RO         6927    i.invSqrt           ins_task.o
    0x08008428   0x08008428   0x00000010   Code   RO         6298    i.limit_max         user_pid.o
    0x08008438   0x08008438   0x00000084   Code   RO           16    i.main              main.o
    0x080084bc   0x080084bc   0x0000000c   Code   RO         5187    i.makeFreeRtosPriority  cmsis_os.o
    0x080084c8   0x080084c8   0x00000084   Code   RO         5843    i.motor_value       handle_value.o
    0x0800854c   0x0800854c   0x0000000e   Code   RO         5189    i.osDelay           cmsis_os.o
    0x0800855a   0x0800855a   0x0000000a   Code   RO         5192    i.osKernelStart     cmsis_os.o
    0x08008564   0x08008564   0x00000054   Code   RO         5226    i.osThreadCreate    cmsis_os.o
    0x080085b8   0x080085b8   0x00000020   Code   RO         4857    i.pcTaskGetName     tasks.o
    0x080085d8   0x080085d8   0x000000b8   Code   RO         6299    i.pid_cal_a         user_pid.o
    0x08008690   0x08008690   0x00000092   Code   RO         6300    i.pid_cal_s         user_pid.o
    0x08008722   0x08008722   0x0000000c   Code   RO         6301    i.pid_init          user_pid.o
    0x0800872e   0x0800872e   0x00000002   PAD
    0x08008730   0x08008730   0x00000070   Code   RO         4858    i.prvAddCurrentTaskToDelayedList  tasks.o
    0x080087a0   0x080087a0   0x000000d0   Code   RO         4859    i.prvAddNewTaskToReadyList  tasks.o
    0x08008870   0x08008870   0x00000034   Code   RO         4860    i.prvDeleteTCB      tasks.o
    0x080088a4   0x080088a4   0x0000004c   Code   RO         5554    i.prvHeapInit       heap_4.o
    0x080088f0   0x080088f0   0x00000060   Code   RO         4861    i.prvIdleTask       tasks.o
    0x08008950   0x08008950   0x00000098   Code   RO         4862    i.prvInitialiseNewTask  tasks.o
    0x080089e8   0x080089e8   0x0000004c   Code   RO         5555    i.prvInsertBlockIntoFreeList  heap_4.o
    0x08008a34   0x08008a34   0x00000020   Code   RO         4863    i.prvResetNextTaskUnblockTime  tasks.o
    0x08008a54   0x08008a54   0x00000058   Code   RO         4864    i.prvSearchForNameWithinSingleList  tasks.o
    0x08008aac   0x08008aac   0x00000028   Code   RO         5623    i.prvTaskExitError  port.o
    0x08008ad4   0x08008ad4   0x000000dc   Code   RO         5556    i.pvPortMalloc      heap_4.o
    0x08008bb0   0x08008bb0   0x0000002c   Code   RO         5624    i.pxPortInitialiseStack  port.o
    0x08008bdc   0x08008bdc   0x00000168   Code   RO         5844    i.remote_value      handle_value.o
    0x08008d44   0x08008d44   0x0000006e   Code   RO         7218    i.sqrt              m_wm.l(sqrt.o)
    0x08008db2   0x08008db2   0x0000003e   Code   RO         7311    i.sqrtf             m_wm.l(sqrtf.o)
    0x08008df0   0x08008df0   0x00000050   Code   RO         6230    i.uart_rx_idle_callback  drv_usart.o
    0x08008e40   0x08008e40   0x00000068   Code   RO         4867    i.ulTaskNotifyTake  tasks.o
    0x08008ea8   0x08008ea8   0x00000026   Code   RO         4494    i.uxListRemove      list.o
    0x08008ece   0x08008ece   0x00000002   PAD
    0x08008ed0   0x08008ed0   0x00000014   Code   RO          282    i.vApplicationGetIdleTaskMemory  freertos.o
    0x08008ee4   0x08008ee4   0x00000016   Code   RO         4495    i.vListInitialise   list.o
    0x08008efa   0x08008efa   0x00000006   Code   RO         4496    i.vListInitialiseItem  list.o
    0x08008f00   0x08008f00   0x00000030   Code   RO         4497    i.vListInsert       list.o
    0x08008f30   0x08008f30   0x00000018   Code   RO         4498    i.vListInsertEnd    list.o
    0x08008f48   0x08008f48   0x00000040   Code   RO         5626    i.vPortEnterCritical  port.o
    0x08008f88   0x08008f88   0x00000028   Code   RO         5627    i.vPortExitCritical  port.o
    0x08008fb0   0x08008fb0   0x00000064   Code   RO         5557    i.vPortFree         heap_4.o
    0x08009014   0x08009014   0x00000024   Code   RO         5628    i.vPortSetupTimerInterrupt  port.o
    0x08009038   0x08009038   0x00000054   Code   RO         5629    i.vPortValidateInterruptPriority  port.o
    0x0800908c   0x0800908c   0x0000004c   Code   RO         4873    i.vTaskDelay        tasks.o
    0x080090d8   0x080090d8   0x000000b4   Code   RO         4878    i.vTaskNotifyGiveFromISR  tasks.o
    0x0800918c   0x0800918c   0x0000006c   Code   RO         4886    i.vTaskStartScheduler  tasks.o
    0x080091f8   0x080091f8   0x00000010   Code   RO         4888    i.vTaskSuspendAll   tasks.o
    0x08009208   0x08009208   0x0000005c   Code   RO         4889    i.vTaskSwitchContext  tasks.o
    0x08009264   0x08009264   0x000000f4   Code   RO         5630    i.xPortStartScheduler  port.o
    0x08009358   0x08009358   0x0000005a   Code   RO         4892    i.xTaskCreate       tasks.o
    0x080093b2   0x080093b2   0x00000056   Code   RO         4893    i.xTaskCreateStatic  tasks.o
    0x08009408   0x08009408   0x00000084   Code   RO         4897    i.xTaskGetHandle    tasks.o
    0x0800948c   0x0800948c   0x0000001c   Code   RO         4898    i.xTaskGetSchedulerState  tasks.o
    0x080094a8   0x080094a8   0x000000cc   Code   RO         4901    i.xTaskIncrementTick  tasks.o
    0x08009574   0x08009574   0x000000c4   Code   RO         4907    i.xTaskResumeAll    tasks.o
    0x08009638   0x08009638   0x00000018   Code   RO         7112    x$fpl$basic         fz_wm.l(basic.o)
    0x08009650   0x08009650   0x00000062   Code   RO         7114    x$fpl$d2f           fz_wm.l(d2f.o)
    0x080096b2   0x080096b2   0x00000002   PAD
    0x080096b4   0x080096b4   0x00000150   Code   RO         7116    x$fpl$dadd          fz_wm.l(daddsub_clz.o)
    0x08009804   0x08009804   0x00000010   Code   RO         7343    x$fpl$dcheck1       fz_wm.l(dcheck1.o)
    0x08009814   0x08009814   0x00000018   Code   RO         7345    x$fpl$dcmpinf       fz_wm.l(dcmpi.o)
    0x0800982c   0x0800982c   0x000002b0   Code   RO         7123    x$fpl$ddiv          fz_wm.l(ddiv.o)
    0x08009adc   0x08009adc   0x0000005e   Code   RO         7126    x$fpl$dfix          fz_wm.l(dfix.o)
    0x08009b3a   0x08009b3a   0x0000002e   Code   RO         7131    x$fpl$dflt          fz_wm.l(dflt_clz.o)
    0x08009b68   0x08009b68   0x00000026   Code   RO         7130    x$fpl$dfltu         fz_wm.l(dflt_clz.o)
    0x08009b8e   0x08009b8e   0x00000002   PAD
    0x08009b90   0x08009b90   0x00000078   Code   RO         7237    x$fpl$dleqf         fz_wm.l(dleqf.o)
    0x08009c08   0x08009c08   0x00000154   Code   RO         7136    x$fpl$dmul          fz_wm.l(dmul.o)
    0x08009d5c   0x08009d5c   0x0000009c   Code   RO         7239    x$fpl$dnaninf       fz_wm.l(dnaninf.o)
    0x08009df8   0x08009df8   0x0000000c   Code   RO         7241    x$fpl$dretinf       fz_wm.l(dretinf.o)
    0x08009e04   0x08009e04   0x0000006c   Code   RO         7243    x$fpl$drleqf        fz_wm.l(drleqf.o)
    0x08009e70   0x08009e70   0x00000016   Code   RO         7117    x$fpl$drsb          fz_wm.l(daddsub_clz.o)
    0x08009e86   0x08009e86   0x00000002   PAD
    0x08009e88   0x08009e88   0x00000198   Code   RO         7245    x$fpl$dsqrt         fz_wm.l(dsqrt_umaal.o)
    0x0800a020   0x0800a020   0x000001d4   Code   RO         7118    x$fpl$dsub          fz_wm.l(daddsub_clz.o)
    0x0800a1f4   0x0800a1f4   0x00000056   Code   RO         7138    x$fpl$f2d           fz_wm.l(f2d.o)
    0x0800a24a   0x0800a24a   0x0000008c   Code   RO         7247    x$fpl$fnaninf       fz_wm.l(fnaninf.o)
    0x0800a2d6   0x0800a2d6   0x0000000a   Code   RO         7436    x$fpl$fpinit        fz_wm.l(fpinit.o)
    0x0800a2e0   0x0800a2e0   0x0000000a   Code   RO         7249    x$fpl$fretinf       fz_wm.l(fretinf.o)
    0x0800a2ea   0x0800a2ea   0x00000064   Code   RO         7364    x$fpl$retnan        fz_wm.l(retnan.o)
    0x0800a34e   0x0800a34e   0x0000005c   Code   RO         7251    x$fpl$scalbn        fz_wm.l(scalbn.o)
    0x0800a3aa   0x0800a3aa   0x00000030   Code   RO         7419    x$fpl$trapveneer    fz_wm.l(trapv.o)
    0x0800a3da   0x0800a3da   0x00000000   Code   RO         7253    x$fpl$usenofp       fz_wm.l(usenofp.o)
    0x0800a3da   0x0800a3da   0x00000002   PAD
    0x0800a3dc   0x0800a3dc   0x00000070   Data   RO          284    .constdata          freertos.o
    0x0800a44c   0x0800a44c   0x00000008   Data   RO         1595    .constdata          stm32f4xx_hal_dma.o
    0x0800a454   0x0800a454   0x00000010   Data   RO         4357    .constdata          system_stm32f4xx.o
    0x0800a464   0x0800a464   0x00000008   Data   RO         4358    .constdata          system_stm32f4xx.o
    0x0800a46c   0x0800a46c   0x00000024   Data   RO         6398    .constdata          chassis.o
    0x0800a490   0x0800a490   0x0000000a   Data   RO         6519    .constdata          nrf24l01.o
    0x0800a49a   0x0800a49a   0x00000012   Data   RO         6623    .constdata          bmi088driver.o
    0x0800a4ac   0x0800a4ac   0x0000000c   Data   RO         6929    .constdata          ins_task.o
    0x0800a4b8   0x0800a4b8   0x00000098   Data   RO         7155    .constdata          m_wm.l(atan.o)
    0x0800a550   0x0800a550   0x00000088   Data   RO         7193    .constdata          m_wm.l(pow.o)
    0x0800a5d8   0x0800a5d8   0x00000030   Data   RO         7255    .constdata          m_wm.l(cos_i.o)
    0x0800a608   0x0800a608   0x00000008   Data   RO         7297    .constdata          m_wm.l(qnan.o)
    0x0800a610   0x0800a610   0x000000c8   Data   RO         7300    .constdata          m_wm.l(rred.o)
    0x0800a6d8   0x0800a6d8   0x00000028   Data   RO         7304    .constdata          m_wm.l(sin_i.o)
    0x0800a700   0x0800a700   0x00000020   Data   RO          285    .conststring        freertos.o
    0x0800a720   0x0800a720   0x00000020   Data   RO         7494    Region$$Table       anon$$obj.o


    Execution Region RW_IRAM1 (Exec base: 0x20000000, Load base: 0x0800a740, Size: 0x000053b0, Max: 0x0001c000, ABSOLUTE, COMPRESSED[0x00000070])

    Exec Addr    Load Addr    Size         Type   Attr      Idx    E Section Name        Object

    0x20000000   COMPRESSED   0x00000010   Data   RW          286    .data               freertos.o
    0x20000010   COMPRESSED   0x00000004   Data   RW          361    .data               can.o
    0x20000014   COMPRESSED   0x0000000c   Data   RW         2022    .data               stm32f4xx_hal.o
    0x20000020   COMPRESSED   0x00000004   Data   RW         4359    .data               system_stm32f4xx.o
    0x20000024   COMPRESSED   0x0000003c   Data   RW         4910    .data               tasks.o
    0x20000060   COMPRESSED   0x00000020   Data   RW         5563    .data               heap_4.o
    0x20000080   COMPRESSED   0x0000000c   Data   RW         5631    .data               port.o
    0x2000008c   COMPRESSED   0x00000036   Data   RW         5704    .data               rc_potocal.o
    0x200000c2   COMPRESSED   0x00000002   PAD
    0x200000c4   COMPRESSED   0x00000004   Data   RW         5845    .data               handle_value.o
    0x200000c8   COMPRESSED   0x00000003   Data   RW         5889    .data               communication.o
    0x200000cb   COMPRESSED   0x00000001   PAD
    0x200000cc   COMPRESSED   0x00000014   Data   RW         5925    .data               motion_overlay.o
    0x200000e0   COMPRESSED   0x00000010   Data   RW         6162    .data               user_can.o
    0x200000f0   COMPRESSED   0x00000004   Data   RW         6233    .data               drv_usart.o
    0x200000f4   COMPRESSED   0x0000002c   Data   RW         6346    .data               channel_changes.o
    0x20000120   COMPRESSED   0x00000002   Data   RW         6399    .data               chassis.o
    0x20000122   COMPRESSED   0x00000002   Data   RW         6400    .data               chassis.o
    0x20000124   COMPRESSED   0x00000002   Data   RW         6401    .data               chassis.o
    0x20000126   COMPRESSED   0x00000002   Data   RW         6402    .data               chassis.o
    0x20000128   COMPRESSED   0x0000000c   Data   RW         6403    .data               chassis.o
    0x20000134   COMPRESSED   0x00000014   Data   RW         6520    .data               nrf24l01.o
    0x20000148   COMPRESSED   0x00000030   Data   RW         6624    .data               bmi088driver.o
    0x20000178   COMPRESSED   0x00000008   Data   RW         6817    .data               bsp_delay.o
    0x20000180   COMPRESSED   0x00000090   Data   RW         6931    .data               ins_task.o
    0x20000210        -       0x00000080   Zero   RW           17    .bss                main.o
    0x20000290        -       0x00000254   Zero   RW          283    .bss                freertos.o
    0x200004e4        -       0x00000050   Zero   RW          360    .bss                can.o
    0x20000534        -       0x00000054   Zero   RW          452    .bss                i2c.o
    0x20000588        -       0x00000118   Zero   RW          494    .bss                spi.o
    0x200006a0        -       0x00000048   Zero   RW          537    .bss                tim.o
    0x200006e8        -       0x0000030c   Zero   RW          586    .bss                usart.o
    0x200009f4        -       0x00000048   Zero   RW          851    .bss                stm32f4xx_hal_timebase_tim.o
    0x20000a3c        -       0x000000f0   Zero   RW         4909    .bss                tasks.o
    0x20000b2c        -       0x00003c00   Zero   RW         5562    .bss                heap_4.o
    0x2000472c        -       0x00000016   Zero   RW         5702    .bss                rc_potocal.o
    0x20004742   COMPRESSED   0x00000002   PAD
    0x20004744        -       0x0000000c   Zero   RW         5888    .bss                communication.o
    0x20004750        -       0x00000058   Zero   RW         6161    .bss                user_can.o
    0x200047a8        -       0x00000030   Zero   RW         6232    .bss                drv_usart.o
    0x200047d8        -       0x000001e0   Zero   RW         6397    .bss                chassis.o
    0x200049b8        -       0x000002a0   Zero   RW         6449    .bss                yaw_task.o
    0x20004c58        -       0x000000f4   Zero   RW         6928    .bss                ins_task.o
    0x20004d4c        -       0x00000060   Zero   RW         7348    .bss                c_w.l(libspace.o)
    0x20004dac   COMPRESSED   0x00000004   PAD
    0x20004db0        -       0x00000200   Zero   RW            2    HEAP                startup_stm32f407xx.o
    0x20004fb0        -       0x00000400   Zero   RW            1    STACK               startup_stm32f407xx.o


    Execution Region RW_IRAM2 (Exec base: 0x2001c000, Load base: 0x0800a7b0, Size: 0x00000000, Max: 0x00004000, ABSOLUTE)

    **** No section assigned to this execution region ****


==============================================================================

Image component sizes


      Code (inc. data)   RO Data    RW Data    ZI Data      Debug   Object Name

      2186         38         18         48          0      11011   bmi088driver.o
       108         28          0          0          0       4752   bmi088middleware.o
        92         18          0          8          0       1400   bsp_delay.o
        12          4          0          0          0        526   bsp_imu_pwm.o
       452         40          0          0          0       1550   bsp_spi.o
       436         42          0          4         80       2490   can.o
       588         98          0         44          0       3115   channel_changes.o
       332         54         36         20        480       2941   chassis.o
       120          0          0          0          0      23241   cmsis_os.o
       104         22          0          3         12       1750   communication.o
       172          4          0          0          0        862   dma.o
       876         64          0          4         48       6550   drv_usart.o
         0          0          0          0          0      16856   event_groups.o
       132         12        144         16        596       5910   freertos.o
       396         26          0          0          0       1171   gpio.o
       492         34          0          4          0       2929   handle_value.o
       472         24          0         32      15360       7399   heap_4.o
       212         32          0          0         84       1713   i2c.o
      2308        174         12        144        244      12490   ins_task.o
       138          0          0          0          0       3530   list.o
       304         32          0          0        128     751577   main.o
      1744         72          0         20          0       2260   motion_overlay.o
       886         58         10         20          0       7690   nrf24l01.o
       388          8          0          0          0       3058   pid.o
       786         82          0         12          0      11809   port.o
       396         26          0         54         22     589700   rc_potocal.o
       340         34          0          0        280       1899   spi.o
        64         26        392          0       1536        840   startup_stm32f407xx.o
        80         14          0         12          0       8066   stm32f4xx_hal.o
      1658          6          0          0          0      14207   stm32f4xx_hal_can.o
       158         14          0          0          0      33146   stm32f4xx_hal_cortex.o
      1084         16          8          0          0       7322   stm32f4xx_hal_dma.o
       540         52          0          0          0       3458   stm32f4xx_hal_gpio.o
       392         16          0          0          0       3111   stm32f4xx_hal_i2c.o
        56          4          0          0          0        862   stm32f4xx_hal_msp.o
      1412         86          0          0          0       5873   stm32f4xx_hal_rcc.o
      1212         18          0          0          0       7122   stm32f4xx_hal_spi.o
      1694        136          0          0          0      13506   stm32f4xx_hal_tim.o
         4          0          0          0          0       1589   stm32f4xx_hal_tim_ex.o
       152         20          0          0         72       1471   stm32f4xx_hal_timebase_tim.o
      1836         30          0          0          0      13235   stm32f4xx_hal_uart.o
       278        106          0          0          0      12780   stm32f4xx_it.o
         0          0          0          0          0        400   stream_buffer.o
        16          4         24          4          0       1115   system_stm32f4xx.o
      2084        146          0         60        240      25032   tasks.o
       224         32          0          0         72       2266   tim.o
       900         80          0          0        780       3774   usart.o
       584         58          0         16         88       5608   user_can.o
       358          0          0          0          0       3539   user_pid.o
         0          0          0          0        672       2467   yaw_task.o

    ----------------------------------------------------------------------
     29302       1890        676        528      20796    1650968   Object Totals
         0          0         32          0          0          0   (incl. Generated)
        44          0          0          3          2          0   (incl. Padding)

    ----------------------------------------------------------------------

      Code (inc. data)   RO Data    RW Data    ZI Data      Debug   Library Member Name

        90          0          0          0          0          0   __dczerorl2.o
         8          0          0          0          0         68   __main.o
         0          0          0          0          0          0   __rtentry.o
        12          0          0          0          0          0   __rtentry2.o
         6          0          0          0          0          0   __rtentry4.o
        52          8          0          0          0          0   __scatter.o
        28          0          0          0          0          0   __scatter_zi.o
        22          0          0          0          0        100   _rserrno.o
        18          0          0          0          0         80   exit.o
         6          0          0          0          0        152   heapauxi.o
         0          0          0          0          0          0   indicate_semi.o
         2          0          0          0          0          0   libinit.o
         6          0          0          0          0          0   libinit2.o
         2          0          0          0          0          0   libshutdown.o
         2          0          0          0          0          0   libshutdown2.o
         8          4          0          0         96         68   libspace.o
       238          0          0          0          0        100   lludivv7m.o
         8          4          0          0          0         68   rt_errno_addr_intlibspace.o
        78          0          0          0          0         80   rt_memclr_w.o
       100          0          0          0          0         80   rt_memcpy_w.o
         2          0          0          0          0          0   rtexit.o
        10          0          0          0          0          0   rtexit2.o
        62          0          0          0          0         76   strlen.o
        12          4          0          0          0         68   sys_exit.o
        74          0          0          0          0         80   sys_stackheap_outer.o
         2          0          0          0          0         68   use_no_semi.o
        24          0          0          0          0        164   basic.o
        98          4          0          0          0        140   d2f.o
       826         16          0          0          0        492   daddsub_clz.o
        16          4          0          0          0        116   dcheck1.o
        24          0          0          0          0        116   dcmpi.o
       688        140          0          0          0        256   ddiv.o
        94          4          0          0          0        140   dfix.o
        84          0          0          0          0        232   dflt_clz.o
       120          4          0          0          0        140   dleqf.o
       340         12          0          0          0        152   dmul.o
       156          4          0          0          0        140   dnaninf.o
        12          0          0          0          0        116   dretinf.o
       108          0          0          0          0        128   drleqf.o
       408         56          0          0          0        168   dsqrt_umaal.o
        86          4          0          0          0        132   f2d.o
       140          4          0          0          0        132   fnaninf.o
        10          0          0          0          0        116   fpinit.o
        10          0          0          0          0        116   fretinf.o
       100          0          0          0          0        116   retnan.o
        92          0          0          0          0        116   scalbn.o
        48          0          0          0          0        116   trapv.o
         0          0          0          0          0          0   usenofp.o
       300         42          0          0          0        176   asinf.o
       728        106        152          0          0        228   atan.o
       684         90          0          0          0        208   atan2f.o
       200         20          0          0          0        164   cos.o
       368         46         48          0          0        200   cos_i.o
       184         44          0          0          0        744   dunder.o
        24          0          0          0          0        124   fabs.o
        48          0          0          0          0        124   fpclassify.o
        38          0          0          0          0        116   fpclassifyf.o
        44         12          0          0          0        464   funder.o
       248          0          0          0          0        152   poly.o
      3152        296        136          0          0        352   pow.o
         0          0          8          0          0          0   qnan.o
      1080        142        200          0          0        188   rred.o
       200         20          0          0          0        164   sin.o
       304         24         40          0          0        208   sin_i.o
       232          0          0          0          0        296   sqrt.o
        62          0          0          0          0        136   sqrtf.o

    ----------------------------------------------------------------------
     12254       1118        584          0        100       8476   Library Totals
        26          4          0          0          4          0   (incl. Padding)

    ----------------------------------------------------------------------

      Code (inc. data)   RO Data    RW Data    ZI Data      Debug   Library Name

       848         20          0          0         96       1088   c_w.l
      3484        252          0          0          0       3344   fz_wm.l
      7896        842        584          0          0       4044   m_wm.l

    ----------------------------------------------------------------------
     12254       1118        584          0        100       8476   Library Totals

    ----------------------------------------------------------------------

==============================================================================


      Code (inc. data)   RO Data    RW Data    ZI Data      Debug   

     41556       3008       1260        528      20896    1629876   Grand Totals
     41556       3008       1260        112      20896    1629876   ELF Image Totals (compressed)
     41556       3008       1260        112          0          0   ROM Totals

==============================================================================

    Total RO  Size (Code + RO Data)                42816 (  41.81kB)
    Total RW  Size (RW Data + ZI Data)             21424 (  20.92kB)
    Total ROM Size (Code + RO Data + RW Data)      42928 (  41.92kB)

==============================================================================

