Component: ARM Compiler 5.06 update 7 (build 960) Tool: armlink [4d3601]

==============================================================================

Section Cross References

    startup_stm32f407xx.o(STACK) refers (Special) to heapauxi.o(.text) for __use_two_region_memory
    startup_stm32f407xx.o(HEAP) refers (Special) to heapauxi.o(.text) for __use_two_region_memory
    startup_stm32f407xx.o(RESET) refers (Special) to heapauxi.o(.text) for __use_two_region_memory
    startup_stm32f407xx.o(RESET) refers to startup_stm32f407xx.o(STACK) for __initial_sp
    startup_stm32f407xx.o(RESET) refers to startup_stm32f407xx.o(.text) for Reset_Handler
    startup_stm32f407xx.o(RESET) refers to stm32f4xx_it.o(i.NMI_Handler) for NMI_Handler
    startup_stm32f407xx.o(RESET) refers to stm32f4xx_it.o(i.HardFault_Handler) for HardFault_Handler
    startup_stm32f407xx.o(RESET) refers to stm32f4xx_it.o(i.MemManage_Handler) for MemManage_Handler
    startup_stm32f407xx.o(RESET) refers to stm32f4xx_it.o(i.BusFault_Handler) for BusFault_Handler
    startup_stm32f407xx.o(RESET) refers to stm32f4xx_it.o(i.UsageFault_Handler) for UsageFault_Handler
    startup_stm32f407xx.o(RESET) refers to port.o(.emb_text) for SVC_Handler
    startup_stm32f407xx.o(RESET) refers to stm32f4xx_it.o(i.DebugMon_Handler) for DebugMon_Handler
    startup_stm32f407xx.o(RESET) refers to port.o(i.SysTick_Handler) for SysTick_Handler
    startup_stm32f407xx.o(RESET) refers to stm32f4xx_it.o(i.EXTI0_IRQHandler) for EXTI0_IRQHandler
    startup_stm32f407xx.o(RESET) refers to stm32f4xx_it.o(i.EXTI4_IRQHandler) for EXTI4_IRQHandler
    startup_stm32f407xx.o(RESET) refers to stm32f4xx_it.o(i.DMA1_Stream1_IRQHandler) for DMA1_Stream1_IRQHandler
    startup_stm32f407xx.o(RESET) refers to stm32f4xx_it.o(i.DMA1_Stream3_IRQHandler) for DMA1_Stream3_IRQHandler
    startup_stm32f407xx.o(RESET) refers to stm32f4xx_it.o(i.CAN1_TX_IRQHandler) for CAN1_TX_IRQHandler
    startup_stm32f407xx.o(RESET) refers to stm32f4xx_it.o(i.CAN1_RX0_IRQHandler) for CAN1_RX0_IRQHandler
    startup_stm32f407xx.o(RESET) refers to stm32f4xx_it.o(i.CAN1_RX1_IRQHandler) for CAN1_RX1_IRQHandler
    startup_stm32f407xx.o(RESET) refers to stm32f4xx_it.o(i.EXTI9_5_IRQHandler) for EXTI9_5_IRQHandler
    startup_stm32f407xx.o(RESET) refers to stm32f4xx_it.o(i.TIM3_IRQHandler) for TIM3_IRQHandler
    startup_stm32f407xx.o(RESET) refers to stm32f4xx_it.o(i.SPI1_IRQHandler) for SPI1_IRQHandler
    startup_stm32f407xx.o(RESET) refers to stm32f4xx_it.o(i.USART1_IRQHandler) for USART1_IRQHandler
    startup_stm32f407xx.o(RESET) refers to stm32f4xx_it.o(i.USART3_IRQHandler) for USART3_IRQHandler
    startup_stm32f407xx.o(RESET) refers to stm32f4xx_it.o(i.DMA2_Stream1_IRQHandler) for DMA2_Stream1_IRQHandler
    startup_stm32f407xx.o(RESET) refers to stm32f4xx_it.o(i.DMA2_Stream2_IRQHandler) for DMA2_Stream2_IRQHandler
    startup_stm32f407xx.o(RESET) refers to stm32f4xx_it.o(i.DMA2_Stream3_IRQHandler) for DMA2_Stream3_IRQHandler
    startup_stm32f407xx.o(RESET) refers to stm32f4xx_it.o(i.CAN2_TX_IRQHandler) for CAN2_TX_IRQHandler
    startup_stm32f407xx.o(RESET) refers to stm32f4xx_it.o(i.CAN2_RX0_IRQHandler) for CAN2_RX0_IRQHandler
    startup_stm32f407xx.o(RESET) refers to stm32f4xx_it.o(i.OTG_FS_IRQHandler) for OTG_FS_IRQHandler
    startup_stm32f407xx.o(RESET) refers to stm32f4xx_it.o(i.DMA2_Stream5_IRQHandler) for DMA2_Stream5_IRQHandler
    startup_stm32f407xx.o(RESET) refers to stm32f4xx_it.o(i.DMA2_Stream6_IRQHandler) for DMA2_Stream6_IRQHandler
    startup_stm32f407xx.o(RESET) refers to stm32f4xx_it.o(i.DMA2_Stream7_IRQHandler) for DMA2_Stream7_IRQHandler
    startup_stm32f407xx.o(RESET) refers to stm32f4xx_it.o(i.USART6_IRQHandler) for USART6_IRQHandler
    startup_stm32f407xx.o(.text) refers (Special) to heapauxi.o(.text) for __use_two_region_memory
    startup_stm32f407xx.o(.text) refers to system_stm32f4xx.o(i.SystemInit) for SystemInit
    startup_stm32f407xx.o(.text) refers to __main.o(!!!main) for __main
    startup_stm32f407xx.o(.text) refers to startup_stm32f407xx.o(HEAP) for Heap_Mem
    startup_stm32f407xx.o(.text) refers to startup_stm32f407xx.o(STACK) for Stack_Mem
    main.o(i.HAL_TIM_PeriodElapsedCallback) refers to stm32f4xx_hal.o(i.HAL_IncTick) for HAL_IncTick
    main.o(i.SystemClock_Config) refers to rt_memclr_w.o(.text) for __aeabi_memclr4
    main.o(i.SystemClock_Config) refers to stm32f4xx_hal_rcc.o(i.HAL_RCC_OscConfig) for HAL_RCC_OscConfig
    main.o(i.SystemClock_Config) refers to stm32f4xx_hal_rcc.o(i.HAL_RCC_ClockConfig) for HAL_RCC_ClockConfig
    main.o(i.main) refers to stm32f4xx_hal.o(i.HAL_Init) for HAL_Init
    main.o(i.main) refers to main.o(i.SystemClock_Config) for SystemClock_Config
    main.o(i.main) refers to gpio.o(i.MX_GPIO_Init) for MX_GPIO_Init
    main.o(i.main) refers to dma.o(i.MX_DMA_Init) for MX_DMA_Init
    main.o(i.main) refers to can.o(i.MX_CAN2_Init) for MX_CAN2_Init
    main.o(i.main) refers to can.o(i.MX_CAN1_Init) for MX_CAN1_Init
[...]
    __aeabi_ui2d                             0x0800c49d   Thumb Code     0  dflt_clz.o(x$fpl$dfltu)
    _dfltu                                   0x0800c49d   Thumb Code    38  dflt_clz.o(x$fpl$dfltu)
    __aeabi_cdcmple                          0x0800c4c5   Thumb Code     0  dleqf.o(x$fpl$dleqf)
    _dcmple                                  0x0800c4c5   Thumb Code   120  dleqf.o(x$fpl$dleqf)
    __fpl_dcmple_InfNaN                      0x0800c527   Thumb Code     0  dleqf.o(x$fpl$dleqf)
    __aeabi_dmul                             0x0800c53d   Thumb Code     0  dmul.o(x$fpl$dmul)
    _dmul                                    0x0800c53d   Thumb Code   332  dmul.o(x$fpl$dmul)
    __fpl_dnaninf                            0x0800c691   Thumb Code   156  dnaninf.o(x$fpl$dnaninf)
    __fpl_dretinf                            0x0800c72d   Thumb Code    12  dretinf.o(x$fpl$dretinf)
    __aeabi_cdrcmple                         0x0800c739   Thumb Code     0  drleqf.o(x$fpl$drleqf)
    _drcmple                                 0x0800c739   Thumb Code   108  drleqf.o(x$fpl$drleqf)
    __aeabi_drsub                            0x0800c7a5   Thumb Code     0  daddsub_clz.o(x$fpl$drsb)
    _drsb                                    0x0800c7a5   Thumb Code    22  daddsub_clz.o(x$fpl$drsb)
    _dsqrt                                   0x0800c7bd   Thumb Code   404  dsqrt_umaal.o(x$fpl$dsqrt)
    __aeabi_dsub                             0x0800c955   Thumb Code     0  daddsub_clz.o(x$fpl$dsub)
    _dsub                                    0x0800c955   Thumb Code   464  daddsub_clz.o(x$fpl$dsub)
    __aeabi_f2d                              0x0800cb29   Thumb Code     0  f2d.o(x$fpl$f2d)
    _f2d                                     0x0800cb29   Thumb Code    86  f2d.o(x$fpl$f2d)
    __fpl_fnaninf                            0x0800cb7f   Thumb Code   140  fnaninf.o(x$fpl$fnaninf)
    _fp_init                                 0x0800cc0b   Thumb Code    10  fpinit.o(x$fpl$fpinit)
    __fplib_config_fpu_vfp                   0x0800cc13   Thumb Code     0  fpinit.o(x$fpl$fpinit)
    __fplib_config_pureend_doubles           0x0800cc13   Thumb Code     0  fpinit.o(x$fpl$fpinit)
    __fpl_fretinf                            0x0800cc15   Thumb Code    10  fretinf.o(x$fpl$fretinf)
    __fpl_return_NaN                         0x0800cc1f   Thumb Code   100  retnan.o(x$fpl$retnan)
    __ARM_scalbn                             0x0800cc83   Thumb Code    92  scalbn.o(x$fpl$scalbn)
    __fpl_cmpreturn                          0x0800ccdf   Thumb Code    48  trapv.o(x$fpl$trapveneer)
    __I$use$fp                               0x0800cd0e   Number         0  usenofp.o(x$fpl$usenofp)
    AHBPrescTable                            0x0800cd88   Data          16  system_stm32f4xx.o(.constdata)
    APBPrescTable                            0x0800cd98   Data           8  system_stm32f4xx.o(.constdata)
    TX_ADDRESS                               0x0800cdc4   Data           5  nrf24l01.o(.constdata)
    RX_ADDRESS                               0x0800cdc9   Data           5  nrf24l01.o(.constdata)
    __mathlib_zero                           0x0800cf40   Data           8  qnan.o(.constdata)
    Region$$Table$$Base                      0x0800d058   Number         0  anon$$obj.o(Region$$Table)
    Region$$Table$$Limit                     0x0800d078   Number         0  anon$$obj.o(Region$$Table)
    ChassisHandle                            0x20000000   Data           4  freertos.o(.data)
    InsTaskHandle                            0x20000004   Data           4  freertos.o(.data)
    DCXHandle                                0x20000008   Data           4  freertos.o(.data)
    defaultTaskHandle                        0x2000000c   Data           4  freertos.o(.data)
    uwTickFreq                               0x20000014   Data           1  stm32f4xx_hal.o(.data)
    uwTickPrio                               0x20000018   Data           4  stm32f4xx_hal.o(.data)
    uwTick                                   0x2000001c   Data           4  stm32f4xx_hal.o(.data)
    SystemCoreClock                          0x20000020   Data           4  system_stm32f4xx.o(.data)
    pxCurrentTCB                             0x20000024   Data           4  tasks.o(.data)
    press_left                               0x2000008c   Data           1  rc_potocal.o(.data)
    press_right                              0x2000008d   Data           1  rc_potocal.o(.data)
    pitch16                                  0x2000008e   Data           2  rc_potocal.o(.data)
    yaw16                                    0x20000090   Data           2  rc_potocal.o(.data)
    w_flag                                   0x20000092   Data           2  rc_potocal.o(.data)
    s_flag                                   0x20000094   Data           2  rc_potocal.o(.data)
    a_flag                                   0x20000096   Data           2  rc_potocal.o(.data)
    d_flag                                   0x20000098   Data           2  rc_potocal.o(.data)
    q_flag                                   0x2000009a   Data           2  rc_potocal.o(.data)
    e_flag                                   0x2000009c   Data           2  rc_potocal.o(.data)
    shift_flag                               0x2000009e   Data           2  rc_potocal.o(.data)
    ctrl_flag                                0x200000a0   Data           2  rc_potocal.o(.data)
    r_flag                                   0x200000a2   Data           2  rc_potocal.o(.data)
    f_flag                                   0x200000a4   Data           2  rc_potocal.o(.data)
    g_flag                                   0x200000a6   Data           2  rc_potocal.o(.data)
    z_flag                                   0x200000a8   Data           2  rc_potocal.o(.data)
    x_flag                                   0x200000aa   Data           2  rc_potocal.o(.data)
    c_flag                                   0x200000ac   Data           2  rc_potocal.o(.data)
    v_flag                                   0x200000ae   Data           2  rc_potocal.o(.data)
    b_flag                                   0x200000b0   Data           2  rc_potocal.o(.data)
    temp_remote                              0x200000b2   Data           8  rc_potocal.o(.data)
    temp_remote1                             0x200000ba   Data           8  rc_potocal.o(.data)
    alpha                                    0x200000c4   Data           4  handle_value.o(.data)
    begin                                    0x200000c8   Data           1  communication.o(.data)
    temp                                     0x200000c9   Data           1  communication.o(.data)
    data_length                              0x200000ca   Data           1  communication.o(.data)
    omega                                    0x200000cc   Data           4  motion_overlay.o(.data)
    motor_angle                              0x200000d0   Data           8  motion_overlay.o(.data)
    motor_speed                              0x200000d8   Data           8  motion_overlay.o(.data)
    Up_ins_yaw                               0x200000e0   Data           4  user_can.o(.data)
    UpData                                   0x200000e4   Data           4  user_can.o(.data)
    can_send_data                            0x200000e8   Data           8  user_can.o(.data)
    value                                    0x200000f0   Data           4  drv_usart.o(.data)
    yaw_err                                  0x200000f4   Data           4  channel_changes.o(.data)
    vxd                                      0x200000f8   Data           4  channel_changes.o(.data)
    vyd                                      0x200000fc   Data           4  channel_changes.o(.data)
    get_6020                                 0x20000100   Data           8  channel_changes.o(.data)
    speed_6020                               0x20000108   Data           8  channel_changes.o(.data)
    output_6020                              0x20000110   Data           8  channel_changes.o(.data)
    output_3508                              0x20000118   Data           8  channel_changes.o(.data)
    Max_out_a                                0x20000120   Data           2  chassis.o(.data)
    Max_iout_a                               0x20000122   Data           2  chassis.o(.data)
    Max_out_s                                0x20000124   Data           2  chassis.o(.data)
    Max_iout_s                               0x20000126   Data           2  chassis.o(.data)
    error_theta                              0x20000128   Data           4  chassis.o(.data)
    initial_angle                            0x2000012c   Data           8  chassis.o(.data)
    vw                                       0x20000134   Data           1  nrf24l01.o(.data)
    xtl                                      0x20000135   Data           1  nrf24l01.o(.data)
    vx1                                      0x20000136   Data           1  nrf24l01.o(.data)
    vy1                                      0x20000137   Data           1  nrf24l01.o(.data)
    shoot                                    0x20000138   Data           1  nrf24l01.o(.data)
    yaw1                                     0x2000013c   Data           4  nrf24l01.o(.data)
    ac                                       0x20000140   Data           4  nrf24l01.o(.data)
    pitch1                                   0x20000144   Data           4  nrf24l01.o(.data)
    cn1                                      0x20000148   Data           1  bmi088driver.o(.data)
    BMI088_ACCEL_SEN                         0x2000014c   Data           4  bmi088driver.o(.data)
    BMI088_GYRO_SEN                          0x20000150   Data           4  bmi088driver.o(.data)
    gyro_update_flag                         0x20000180   Data           1  ins_task.o(.data)
    accel_update_flag                        0x20000181   Data           1  ins_task.o(.data)
    accel_temp_update_flag                   0x20000182   Data           1  ins_task.o(.data)
    imu_start_dma_flag                       0x20000183   Data           1  ins_task.o(.data)
    accel_temp_dma_tx_buf                    0x20000186   Data           4  ins_task.o(.data)
    twoKp                                    0x2000018c   Data           4  ins_task.o(.data)
    twoKi                                    0x20000190   Data           4  ins_task.o(.data)
    integralFBx                              0x20000194   Data           4  ins_task.o(.data)
    integralFBy                              0x20000198   Data           4  ins_task.o(.data)
    integralFBz                              0x2000019c   Data           4  ins_task.o(.data)
    accel_temp_dma_rx_buf                    0x200001a8   Data           4  ins_task.o(.data)
    gyro_dma_tx_buf                          0x200001ac   Data           8  ins_task.o(.data)
    gyro_dma_rx_buf                          0x200001b4   Data           8  ins_task.o(.data)
    accel_dma_tx_buf                         0x200001bc   Data           9  ins_task.o(.data)
    gyro_scale_factor                        0x200001c8   Data          36  ins_task.o(.data)
    accel_scale_factor                       0x200001ec   Data          36  ins_task.o(.data)
    FS_Desc                                  0x20000210   Data          28  usbd_desc.o(.data)
    USBD_LangIDDesc                          0x2000022c   Data           4  usbd_desc.o(.data)
    USBD_FS_DeviceDesc                       0x20000230   Data          18  usbd_desc.o(.data)
    USBD_StringSerial                        0x20000244   Data          26  usbd_desc.o(.data)
    USBD_Interface_fops_FS                   0x20000260   Data          20  usbd_cdc_if.o(.data)
    USBD_CDC                                 0x200002cc   Data          56  usbd_cdc.o(.data)
    Rx                                       0x20000304   Data         128  main.o(.bss)
    hcan1                                    0x200005d8   Data          40  can.o(.bss)
    hcan2                                    0x20000600   Data          40  can.o(.bss)
    hi2c3                                    0x20000628   Data          84  i2c.o(.bss)
    hspi1                                    0x2000067c   Data          88  spi.o(.bss)
    hdma_spi1_tx                             0x200006d4   Data          96  spi.o(.bss)
    hdma_spi1_rx                             0x20000734   Data          96  spi.o(.bss)
    htim10                                   0x20000794   Data          72  tim.o(.bss)
    huart1                                   0x200007dc   Data          68  usart.o(.bss)
    huart3                                   0x20000820   Data          68  usart.o(.bss)
    huart6                                   0x20000864   Data          68  usart.o(.bss)
    hdma_usart1_rx                           0x200008a8   Data          96  usart.o(.bss)
    hdma_usart1_tx                           0x20000908   Data          96  usart.o(.bss)
    hdma_usart3_rx                           0x20000968   Data          96  usart.o(.bss)
    hdma_usart3_tx                           0x200009c8   Data          96  usart.o(.bss)
    hdma_usart6_rx                           0x20000a28   Data          96  usart.o(.bss)
    hdma_usart6_tx                           0x20000a88   Data          96  usart.o(.bss)
    htim3                                    0x20000ae8   Data          72  stm32f4xx_hal_timebase_tim.o(.bss)
    rc_ctrl                                  0x20004820   Data          22  rc_potocal.o(.bss)
    Tx                                       0x20004838   Data          12  communication.o(.bss)
    can_tx_message                           0x20004844   Data          24  user_can.o(.bss)
    motor                                    0x2000485c   Data          64  user_can.o(.bss)
    usart3_dma_rxbuf                         0x2000489c   Data          48  drv_usart.o(.bss)
    Buf1                                     0x200048cc   Data          10  chassis.o(.bss)
    PID_angle                                0x200048d8   Data         160  chassis.o(.bss)
    PID_speed_3508                           0x20004978   Data         160  chassis.o(.bss)
    PID_speed_6020                           0x20004a18   Data         160  chassis.o(.bss)
    axy                                      0x20004ab8   Data         732  chassis.o(.bss)
    motor_pid_gimbal_a                       0x20004d94   Data         136  yaw_task.o(.bss)
    motor_pid_gimbal_s                       0x20004e1c   Data         136  yaw_task.o(.bss)
    motor_pid_fashe1                         0x20004ea4   Data          68  yaw_task.o(.bss)
    motor_pid_fashe2                         0x20004ee8   Data          68  yaw_task.o(.bss)
    motor_pid_bopan                          0x20004f2c   Data          68  yaw_task.o(.bss)
    motor_gimbal                             0x20004f70   Data         112  yaw_task.o(.bss)
    motor_fashe                              0x20004fe0   Data          84  yaw_task.o(.bss)
    INS_gyro                                 0x20005058   Data          12  ins_task.o(.bss)
    INS_accel                                0x20005064   Data          12  ins_task.o(.bss)
    INS_mag                                  0x20005070   Data          12  ins_task.o(.bss)
    INS_quat                                 0x2000507c   Data          16  ins_task.o(.bss)
    INS_angle                                0x2000508c   Data          12  ins_task.o(.bss)
    accel_dma_rx_buf                         0x20005098   Data           9  ins_task.o(.bss)
    bmi088_real_data                         0x200050a4   Data          36  ins_task.o(.bss)
    accel_offset                             0x200050c8   Data          12  ins_task.o(.bss)
    imu_temp_pid                             0x200050d4   Data          72  ins_task.o(.bss)
    gyrooffset                               0x2000511c   Data          12  ins_task.o(.bss)
    hUsbDeviceFS                             0x20005128   Data         732  usb_device.o(.bss)
    USBD_StrDesc                             0x20005404   Data         512  usbd_desc.o(.bss)
    UserRxBufferFS                           0x20005604   Data        2048  usbd_cdc_if.o(.bss)
    UserTxBufferFS                           0x20005e04   Data        2048  usbd_cdc_if.o(.bss)
    hpcd_USB_OTG_FS                          0x20006824   Data        1292  usbd_conf.o(.bss)
    __libspace_start                         0x20006d30   Data          96  libspace.o(.bss)
    __temporary_stack_top$libspace           0x20006d90   Data           0  libspace.o(.bss)



==============================================================================

Memory Map of the image

  Image Entry point : 0x08000189

  Load Region LR_IROM1 (Base: 0x08000000, Size: 0x0000d37c, Max: 0x00100000, ABSOLUTE, COMPRESSED[0x0000d194])

    Execution Region ER_IROM1 (Exec base: 0x08000000, Load base: 0x08000000, Size: 0x0000d078, Max: 0x00100000, ABSOLUTE)

    Exec Addr    Load Addr    Size         Type   Attr      Idx    E Section Name        Object

    0x08000000   0x08000000   0x00000188   Data   RO            3    RESET               startup_stm32f407xx.o
    0x08000188   0x08000188   0x00000008   Code   RO         8552  * !!!main             c_w.l(__main.o)
    0x08000190   0x08000190   0x00000034   Code   RO         8940    !!!scatter          c_w.l(__scatter.o)
    0x080001c4   0x080001c4   0x0000005a   Code   RO         8938    !!dczerorl2         c_w.l(__dczerorl2.o)
    0x0800021e   0x0800021e   0x00000002   PAD
    0x08000220   0x08000220   0x0000001c   Code   RO         8942    !!handler_zi        c_w.l(__scatter_zi.o)
    0x0800023c   0x0800023c   0x00000002   Code   RO         8805    .ARM.Collect$$libinit$$00000000  c_w.l(libinit.o)
    0x0800023e   0x0800023e   0x00000004   Code   RO         8816    .ARM.Collect$$libinit$$00000001  c_w.l(libinit2.o)
    0x08000242   0x08000242   0x00000000   Code   RO         8819    .ARM.Collect$$libinit$$00000004  c_w.l(libinit2.o)
    0x08000242   0x08000242   0x00000000   Code   RO         8822    .ARM.Collect$$libinit$$0000000A  c_w.l(libinit2.o)
    0x08000242   0x08000242   0x00000000   Code   RO         8824    .ARM.Collect$$libinit$$0000000C  c_w.l(libinit2.o)
    0x08000242   0x08000242   0x00000000   Code   RO         8826    .ARM.Collect$$libinit$$0000000E  c_w.l(libinit2.o)
    0x08000242   0x08000242   0x00000000   Code   RO         8829    .ARM.Collect$$libinit$$00000011  c_w.l(libinit2.o)
    0x08000242   0x08000242   0x00000000   Code   RO         8831    .ARM.Collect$$libinit$$00000013  c_w.l(libinit2.o)
    0x08000242   0x08000242   0x00000000   Code   RO         8833    .ARM.Collect$$libinit$$00000015  c_w.l(libinit2.o)
    0x08000242   0x08000242   0x00000000   Code   RO         8835    .ARM.Collect$$libinit$$00000017  c_w.l(libinit2.o)
    0x08000242   0x08000242   0x00000000   Code   RO         8837    .ARM.Collect$$libinit$$00000019  c_w.l(libinit2.o)
    0x08000242   0x08000242   0x00000000   Code   RO         8839    .ARM.Collect$$libinit$$0000001B  c_w.l(libinit2.o)
    0x08000242   0x08000242   0x00000000   Code   RO         8841    .ARM.Collect$$libinit$$0000001D  c_w.l(libinit2.o)
    0x08000242   0x08000242   0x00000000   Code   RO         8843    .ARM.Collect$$libinit$$0000001F  c_w.l(libinit2.o)
    0x08000242   0x08000242   0x00000000   Code   RO         8845    .ARM.Collect$$libinit$$00000021  c_w.l(libinit2.o)
    0x08000242   0x08000242   0x00000000   Code   RO         8847    .ARM.Collect$$libinit$$00000023  c_w.l(libinit2.o)
    0x08000242   0x08000242   0x00000000   Code   RO         8849    .ARM.Collect$$libinit$$00000025  c_w.l(libinit2.o)
    0x08000242   0x08000242   0x00000000   Code   RO         8853    .ARM.Collect$$libinit$$0000002C  c_w.l(libinit2.o)
    0x08000242   0x08000242   0x00000000   Code   RO         8855    .ARM.Collect$$libinit$$0000002E  c_w.l(libinit2.o)
    0x08000242   0x08000242   0x00000000   Code   RO         8857    .ARM.Collect$$libinit$$00000030  c_w.l(libinit2.o)
    0x08000242   0x08000242   0x00000000   Code   RO         8859    .ARM.Collect$$libinit$$00000032  c_w.l(libinit2.o)
    0x08000242   0x08000242   0x00000002   Code   RO         8860    .ARM.Collect$$libinit$$00000033  c_w.l(libinit2.o)
    0x08000244   0x08000244   0x00000002   Code   RO         8893    .ARM.Collect$$libshutdown$$00000000  c_w.l(libshutdown.o)
    0x08000246   0x08000246   0x00000000   Code   RO         8919    .ARM.Collect$$libshutdown$$00000002  c_w.l(libshutdown2.o)
    0x08000246   0x08000246   0x00000000   Code   RO         8921    .ARM.Collect$$libshutdown$$00000004  c_w.l(libshutdown2.o)
    0x08000246   0x08000246   0x00000000   Code   RO         8923    .ARM.Collect$$libshutdown$$00000006  c_w.l(libshutdown2.o)
    0x08000246   0x08000246   0x00000000   Code   RO         8926    .ARM.Collect$$libshutdown$$00000009  c_w.l(libshutdown2.o)
    0x08000246   0x08000246   0x00000000   Code   RO         8929    .ARM.Collect$$libshutdown$$0000000C  c_w.l(libshutdown2.o)
    0x08000246   0x08000246   0x00000000   Code   RO         8931    .ARM.Collect$$libshutdown$$0000000E  c_w.l(libshutdown2.o)
    0x08000246   0x08000246   0x00000000   Code   RO         8934    .ARM.Collect$$libshutdown$$00000011  c_w.l(libshutdown2.o)
    0x08000246   0x08000246   0x00000002   Code   RO         8935    .ARM.Collect$$libshutdown$$00000012  c_w.l(libshutdown2.o)
    0x08000248   0x08000248   0x00000000   Code   RO         8670    .ARM.Collect$$rtentry$$00000000  c_w.l(__rtentry.o)
    0x08000248   0x08000248   0x00000000   Code   RO         8764    .ARM.Collect$$rtentry$$00000002  c_w.l(__rtentry2.o)
    0x08000248   0x08000248   0x00000006   Code   RO         8776    .ARM.Collect$$rtentry$$00000004  c_w.l(__rtentry4.o)
    0x0800024e   0x0800024e   0x00000000   Code   RO         8766    .ARM.Collect$$rtentry$$00000009  c_w.l(__rtentry2.o)
    0x0800024e   0x0800024e   0x00000004   Code   RO         8767    .ARM.Collect$$rtentry$$0000000A  c_w.l(__rtentry2.o)
    0x08000252   0x08000252   0x00000000   Code   RO         8769    .ARM.Collect$$rtentry$$0000000C  c_w.l(__rtentry2.o)
    0x08000252   0x08000252   0x00000008   Code   RO         8770    .ARM.Collect$$rtentry$$0000000D  c_w.l(__rtentry2.o)
    0x0800025a   0x0800025a   0x00000002   Code   RO         8808    .ARM.Collect$$rtexit$$00000000  c_w.l(rtexit.o)
    0x0800025c   0x0800025c   0x00000000   Code   RO         8866    .ARM.Collect$$rtexit$$00000002  c_w.l(rtexit2.o)
    0x0800025c   0x0800025c   0x00000004   Code   RO         8867    .ARM.Collect$$rtexit$$00000003  c_w.l(rtexit2.o)
    0x08000260   0x08000260   0x00000006   Code   RO         8868    .ARM.Collect$$rtexit$$00000004  c_w.l(rtexit2.o)
    0x08000266   0x08000266   0x00000002   PAD
    0x08000268   0x08000268   0x000000be   Code   RO         6255    .emb_text           port.o
    0x08000326   0x08000326   0x00000002   PAD
    0x08000328   0x08000328   0x00000040   Code   RO            4    .text               startup_stm32f407xx.o
    0x08000368   0x08000368   0x000000ee   Code   RO         8538    .text               c_w.l(lludivv7m.o)
    0x08000456   0x08000456   0x0000003e   Code   RO         8540    .text               c_w.l(strlen.o)
    0x08000494   0x08000494   0x00000064   Code   RO         8544    .text               c_w.l(rt_memcpy_w.o)
    0x080004f8   0x080004f8   0x0000004e   Code   RO         8548    .text               c_w.l(rt_memclr_w.o)
    0x08000546   0x08000546   0x00000006   Code   RO         8550    .text               c_w.l(heapauxi.o)
    0x0800054c   0x0800054c   0x00000016   Code   RO         8675    .text               c_w.l(_rserrno.o)
    0x08000562   0x08000562   0x00000002   PAD
    0x08000564   0x08000564   0x00000008   Code   RO         8783    .text               c_w.l(rt_errno_addr_intlibspace.o)
    0x0800056c   0x0800056c   0x00000008   Code   RO         8789    .text               c_w.l(libspace.o)
    0x08000574   0x08000574   0x0000004a   Code   RO         8792    .text               c_w.l(sys_stackheap_outer.o)
    0x080005be   0x080005be   0x00000012   Code   RO         8794    .text               c_w.l(exit.o)
    0x080005d0   0x080005d0   0x0000000c   Code   RO         8863    .text               c_w.l(sys_exit.o)
    0x080005dc   0x080005dc   0x00000002   Code   RO         8882    .text               c_w.l(use_no_semi.o)
    0x080005de   0x080005de   0x00000000   Code   RO         8884    .text               c_w.l(indicate_semi.o)
    0x080005de   0x080005de   0x00000002   PAD
    0x080005e0   0x080005e0   0x00000020   Code   RO         7571    i.AHRS_init         ins_task.o
    0x08000600   0x08000600   0x00000010   Code   RO         7395    i.BMI088_ACCEL_NS_H  bmi088middleware.o
    0x08000610   0x08000610   0x00000010   Code   RO         7396    i.BMI088_ACCEL_NS_L  bmi088middleware.o
    0x08000620   0x08000620   0x00000002   Code   RO         7397    i.BMI088_GPIO_init  bmi088middleware.o
    0x08000622   0x08000622   0x00000002   PAD
    0x08000624   0x08000624   0x00000010   Code   RO         7398    i.BMI088_GYRO_NS_H  bmi088middleware.o
    0x08000634   0x08000634   0x00000010   Code   RO         7399    i.BMI088_GYRO_NS_L  bmi088middleware.o
    0x08000644   0x08000644   0x00000088   Code   RO         7259    i.BMI088_accel_read_over  bmi088driver.o
    0x080006cc   0x080006cc   0x00000002   Code   RO         7400    i.BMI088_com_init   bmi088middleware.o
    0x080006ce   0x080006ce   0x00000004   Code   RO         7401    i.BMI088_delay_ms   bmi088middleware.o
    0x080006d2   0x080006d2   0x00000004   Code   RO         7402    i.BMI088_delay_us   bmi088middleware.o
    0x080006d6   0x080006d6   0x00000002   PAD
    0x080006d8   0x080006d8   0x00000060   Code   RO         7260    i.BMI088_gyro_read_over  bmi088driver.o
    0x08000738   0x08000738   0x0000002e   Code   RO         7261    i.BMI088_init       bmi088driver.o
    0x08000766   0x08000766   0x00000002   PAD
    0x08000768   0x08000768   0x00000158   Code   RO         7262    i.BMI088_read       bmi088driver.o
    0x080008c0   0x080008c0   0x00000024   Code   RO         7265    i.BMI088_read_muli_reg  bmi088driver.o
    0x080008e4   0x080008e4   0x00000016   Code   RO         7266    i.BMI088_read_single_reg  bmi088driver.o
    0x080008fa   0x080008fa   0x00000002   PAD
    0x080008fc   0x080008fc   0x00000020   Code   RO         7403    i.BMI088_read_write_byte  bmi088middleware.o
    0x0800091c   0x0800091c   0x0000002e   Code   RO         7267    i.BMI088_temperature_read_over  bmi088driver.o
    0x0800094a   0x0800094a   0x00000012   Code   RO         7268    i.BMI088_write_single_reg  bmi088driver.o
    0x0800095c   0x0800095c   0x00000002   Code   RO          660    i.BusFault_Handler  stm32f4xx_it.o
    0x0800095e   0x0800095e   0x00000002   PAD
    0x08000960   0x08000960   0x0000003c   Code   RO         6800    i.CAN1_Init         user_can.o
    0x0800099c   0x0800099c   0x0000000c   Code   RO          661    i.CAN1_RX0_IRQHandler  stm32f4xx_it.o
    0x080009a8   0x080009a8   0x0000000c   Code   RO          662    i.CAN1_RX1_IRQHandler  stm32f4xx_it.o
    0x080009b4   0x080009b4   0x0000000c   Code   RO          663    i.CAN1_TX_IRQHandler  stm32f4xx_it.o
    0x080009c0   0x080009c0   0x0000003c   Code   RO         6801    i.CAN2_Init         user_can.o
    0x080009fc   0x080009fc   0x0000000c   Code   RO          664    i.CAN2_RX0_IRQHandler  stm32f4xx_it.o
    0x08000a08   0x08000a08   0x0000000c   Code   RO          665    i.CAN2_TX_IRQHandler  stm32f4xx_it.o
    0x08000a14   0x08000a14   0x00000004   Code   RO         7878    i.CDC_Control_FS    usbd_cdc_if.o
    0x08000a18   0x08000a18   0x00000004   Code   RO         7879    i.CDC_DeInit_FS     usbd_cdc_if.o
    0x08000a1c   0x08000a1c   0x00000024   Code   RO         7880    i.CDC_Init_FS       usbd_cdc_if.o
    0x08000a40   0x08000a40   0x00000038   Code   RO         7881    i.CDC_Receive_FS    usbd_cdc_if.o
    0x08000a78   0x08000a78   0x00000004   Code   RO         7882    i.CDC_TransmitCplt_FS  usbd_cdc_if.o
    0x08000a7c   0x08000a7c   0x0000002c   Code   RO         7883    i.CDC_Transmit_FS   usbd_cdc_if.o
    0x08000aa8   0x08000aa8   0x000000e4   Code   RO         7049    i.Chassis           chassis.o
    0x08000b8c   0x08000b8c   0x00000070   Code   RO         7160    i.DCX_TASK          nrf24l01.o
    0x08000bfc   0x08000bfc   0x0000000c   Code   RO          666    i.DMA1_Stream1_IRQHandler  stm32f4xx_it.o
    0x08000c08   0x08000c08   0x0000000c   Code   RO          667    i.DMA1_Stream3_IRQHandler  stm32f4xx_it.o
    0x08000c14   0x08000c14   0x0000000c   Code   RO          668    i.DMA2_Stream1_IRQHandler  stm32f4xx_it.o
    0x08000c20   0x08000c20   0x00000014   Code   RO          669    i.DMA2_Stream2_IRQHandler  stm32f4xx_it.o
    0x08000c34   0x08000c34   0x0000000c   Code   RO          670    i.DMA2_Stream3_IRQHandler  stm32f4xx_it.o
    0x08000c40   0x08000c40   0x0000000c   Code   RO          671    i.DMA2_Stream5_IRQHandler  stm32f4xx_it.o
    0x08000c4c   0x08000c4c   0x0000000c   Code   RO          672    i.DMA2_Stream6_IRQHandler  stm32f4xx_it.o
    0x08000c58   0x08000c58   0x0000000c   Code   RO          673    i.DMA2_Stream7_IRQHandler  stm32f4xx_it.o
    0x08000c64   0x08000c64   0x00000244   Code   RO         6877    i.DMAEx_MultiBufferStart_NoIT  drv_usart.o
    0x08000ea8   0x08000ea8   0x00000028   Code   RO         1980    i.DMA_CalcBaseAndBitshift  stm32f4xx_hal_dma.o
    0x08000ed0   0x08000ed0   0x00000054   Code   RO         1981    i.DMA_CheckFifoParam  stm32f4xx_hal_dma.o
    0x08000f24   0x08000f24   0x00000028   Code   RO         1982    i.DMA_SetConfig     stm32f4xx_hal_dma.o
    0x08000f4c   0x08000f4c   0x00000030   Code   RO         6878    i.DRV_USART1_IRQHandler  drv_usart.o
    0x08000f7c   0x08000f7c   0x00000024   Code   RO         6879    i.DRV_USART3_IRQHandler  drv_usart.o
    0x08000fa0   0x08000fa0   0x00000002   Code   RO          674    i.DebugMon_Handler  stm32f4xx_it.o
    0x08000fa2   0x08000fa2   0x00000010   Code   RO         7161    i.Delay             nrf24l01.o
    0x08000fb2   0x08000fb2   0x00000006   Code   RO          675    i.EXTI0_IRQHandler  stm32f4xx_it.o
    0x08000fb8   0x08000fb8   0x00000006   Code   RO          676    i.EXTI4_IRQHandler  stm32f4xx_it.o
    0x08000fbe   0x08000fbe   0x00000006   Code   RO          677    i.EXTI9_5_IRQHandler  stm32f4xx_it.o
    0x08000fc4   0x08000fc4   0x00000004   Code   RO           13    i.Error_Handler     main.o
    0x08000fc8   0x08000fc8   0x00000024   Code   RO         2654    i.HAL_CAN_ActivateNotification  stm32f4xx_hal_can.o
    0x08000fec   0x08000fec   0x000000dc   Code   RO         2655    i.HAL_CAN_AddTxMessage  stm32f4xx_hal_can.o
    0x080010c8   0x080010c8   0x0000010c   Code   RO         2656    i.HAL_CAN_ConfigFilter  stm32f4xx_hal_can.o
    0x080011d4   0x080011d4   0x00000002   Code   RO         2659    i.HAL_CAN_ErrorCallback  stm32f4xx_hal_can.o
    0x080011d6   0x080011d6   0x000000e8   Code   RO         2662    i.HAL_CAN_GetRxMessage  stm32f4xx_hal_can.o
    0x080012be   0x080012be   0x000001fc   Code   RO         2666    i.HAL_CAN_IRQHandler  stm32f4xx_hal_can.o
    0x080014ba   0x080014ba   0x0000011a   Code   RO         2667    i.HAL_CAN_Init      stm32f4xx_hal_can.o
    0x080015d4   0x080015d4   0x0000012c   Code   RO          378    i.HAL_CAN_MspInit   can.o
    0x08001700   0x08001700   0x00000002   Code   RO         2674    i.HAL_CAN_RxFifo0FullCallback  stm32f4xx_hal_can.o
    0x08001702   0x08001702   0x00000002   PAD
    0x08001704   0x08001704   0x00000110   Code   RO         6802    i.HAL_CAN_RxFifo0MsgPendingCallback  user_can.o
    0x08001814   0x08001814   0x00000002   Code   RO         2676    i.HAL_CAN_RxFifo1FullCallback  stm32f4xx_hal_can.o
    0x08001816   0x08001816   0x00000002   Code   RO         2677    i.HAL_CAN_RxFifo1MsgPendingCallback  stm32f4xx_hal_can.o
    0x08001818   0x08001818   0x00000002   Code   RO         2678    i.HAL_CAN_SleepCallback  stm32f4xx_hal_can.o
    0x0800181a   0x0800181a   0x00000002   PAD
    0x0800181c   0x0800181c   0x00000058   Code   RO         2679    i.HAL_CAN_Start     stm32f4xx_hal_can.o
    0x08001874   0x08001874   0x00000002   Code   RO         2681    i.HAL_CAN_TxMailbox0AbortCallback  stm32f4xx_hal_can.o
    0x08001876   0x08001876   0x00000002   Code   RO         2682    i.HAL_CAN_TxMailbox0CompleteCallback  stm32f4xx_hal_can.o
    0x08001878   0x08001878   0x00000002   Code   RO         2683    i.HAL_CAN_TxMailbox1AbortCallback  stm32f4xx_hal_can.o
    0x0800187a   0x0800187a   0x00000002   Code   RO         2684    i.HAL_CAN_TxMailbox1CompleteCallback  stm32f4xx_hal_can.o
    0x0800187c   0x0800187c   0x00000002   Code   RO         2685    i.HAL_CAN_TxMailbox2AbortCallback  stm32f4xx_hal_can.o
    0x0800187e   0x0800187e   0x00000002   Code   RO         2686    i.HAL_CAN_TxMailbox2CompleteCallback  stm32f4xx_hal_can.o
    0x08001880   0x08001880   0x00000002   Code   RO         2688    i.HAL_CAN_WakeUpFromRxMsgCallback  stm32f4xx_hal_can.o
    0x08001882   0x08001882   0x00000092   Code   RO         1983    i.HAL_DMA_Abort     stm32f4xx_hal_dma.o
    0x08001914   0x08001914   0x00000024   Code   RO         1984    i.HAL_DMA_Abort_IT  stm32f4xx_hal_dma.o
    0x08001938   0x08001938   0x000001a0   Code   RO         1988    i.HAL_DMA_IRQHandler  stm32f4xx_hal_dma.o
    0x08001ad8   0x08001ad8   0x000000d4   Code   RO         1989    i.HAL_DMA_Init      stm32f4xx_hal_dma.o
    0x08001bac   0x08001bac   0x0000006e   Code   RO         1993    i.HAL_DMA_Start_IT  stm32f4xx_hal_dma.o
    0x08001c1a   0x08001c1a   0x00000002   PAD
    0x08001c1c   0x08001c1c   0x00000024   Code   RO         2402    i.HAL_Delay         stm32f4xx_hal.o
    0x08001c40   0x08001c40   0x0000006c   Code   RO         7572    i.HAL_GPIO_EXTI_Callback  ins_task.o
    0x08001cac   0x08001cac   0x00000018   Code   RO         1875    i.HAL_GPIO_EXTI_IRQHandler  stm32f4xx_hal_gpio.o
    0x08001cc4   0x08001cc4   0x000001f0   Code   RO         1876    i.HAL_GPIO_Init     stm32f4xx_hal_gpio.o
    0x08001eb4   0x08001eb4   0x0000000a   Code   RO         1878    i.HAL_GPIO_ReadPin  stm32f4xx_hal_gpio.o
    0x08001ebe   0x08001ebe   0x0000000a   Code   RO         1880    i.HAL_GPIO_WritePin  stm32f4xx_hal_gpio.o
    0x08001ec8   0x08001ec8   0x0000000c   Code   RO         2408    i.HAL_GetTick       stm32f4xx_hal.o
    0x08001ed4   0x08001ed4   0x00000188   Code   RO         2898    i.HAL_I2C_Init      stm32f4xx_hal_i2c.o
    0x0800205c   0x0800205c   0x00000094   Code   RO          475    i.HAL_I2C_MspInit   i2c.o
    0x080020f0   0x080020f0   0x00000010   Code   RO         2414    i.HAL_IncTick       stm32f4xx_hal.o
    0x08002100   0x08002100   0x00000034   Code   RO         2415    i.HAL_Init          stm32f4xx_hal.o
    0x08002134   0x08002134   0x00000098   Code   RO          897    i.HAL_InitTick      stm32f4xx_hal_timebase_tim.o
    0x080021cc   0x080021cc   0x00000038   Code   RO          873    i.HAL_MspInit       stm32f4xx_hal_msp.o
    0x08002204   0x08002204   0x0000001a   Code   RO         2265    i.HAL_NVIC_EnableIRQ  stm32f4xx_hal_cortex.o
    0x0800221e   0x0800221e   0x00000002   PAD
    0x08002220   0x08002220   0x00000040   Code   RO         2271    i.HAL_NVIC_SetPriority  stm32f4xx_hal_cortex.o
    0x08002260   0x08002260   0x00000024   Code   RO         2272    i.HAL_NVIC_SetPriorityGrouping  stm32f4xx_hal_cortex.o
    0x08002284   0x08002284   0x00000002   Code   RO         1175    i.HAL_PCDEx_LPM_Callback  stm32f4xx_hal_pcd_ex.o
    0x08002286   0x08002286   0x00000008   Code   RO         1176    i.HAL_PCDEx_SetRxFiFo  stm32f4xx_hal_pcd_ex.o
    0x0800228e   0x0800228e   0x00000044   Code   RO         1177    i.HAL_PCDEx_SetTxFiFo  stm32f4xx_hal_pcd_ex.o
    0x080022d2   0x080022d2   0x00000008   Code   RO         7934    i.HAL_PCD_ConnectCallback  usbd_conf.o
    0x080022da   0x080022da   0x00000012   Code   RO         7935    i.HAL_PCD_DataInStageCallback  usbd_conf.o
    0x080022ec   0x080022ec   0x00000014   Code   RO         7936    i.HAL_PCD_DataOutStageCallback  usbd_conf.o
    0x08002300   0x08002300   0x00000008   Code   RO         7937    i.HAL_PCD_DisconnectCallback  usbd_conf.o
    0x08002308   0x08002308   0x0000001e   Code   RO          945    i.HAL_PCD_EP_Abort  stm32f4xx_hal_pcd.o
    0x08002326   0x08002326   0x0000004c   Code   RO          946    i.HAL_PCD_EP_Close  stm32f4xx_hal_pcd.o
    0x08002372   0x08002372   0x0000005c   Code   RO          947    i.HAL_PCD_EP_ClrStall  stm32f4xx_hal_pcd.o
    0x080023ce   0x080023ce   0x00000012   Code   RO          949    i.HAL_PCD_EP_GetRxCount  stm32f4xx_hal_pcd.o
    0x080023e0   0x080023e0   0x00000060   Code   RO          950    i.HAL_PCD_EP_Open   stm32f4xx_hal_pcd.o
    0x08002440   0x08002440   0x00000048   Code   RO          951    i.HAL_PCD_EP_Receive  stm32f4xx_hal_pcd.o
    0x08002488   0x08002488   0x00000074   Code   RO          952    i.HAL_PCD_EP_SetStall  stm32f4xx_hal_pcd.o
    0x080024fc   0x080024fc   0x00000040   Code   RO          953    i.HAL_PCD_EP_Transmit  stm32f4xx_hal_pcd.o
    0x0800253c   0x0800253c   0x00000560   Code   RO          955    i.HAL_PCD_IRQHandler  stm32f4xx_hal_pcd.o
    0x08002a9c   0x08002a9c   0x00000008   Code   RO         7938    i.HAL_PCD_ISOINIncompleteCallback  usbd_conf.o
    0x08002aa4   0x08002aa4   0x00000008   Code   RO         7939    i.HAL_PCD_ISOOUTIncompleteCallback  usbd_conf.o
    0x08002aac   0x08002aac   0x000000e2   Code   RO          958    i.HAL_PCD_Init      stm32f4xx_hal_pcd.o
    0x08002b8e   0x08002b8e   0x00000002   PAD
    0x08002b90   0x08002b90   0x00000084   Code   RO         7941    i.HAL_PCD_MspInit   usbd_conf.o
    0x08002c14   0x08002c14   0x0000002c   Code   RO         7942    i.HAL_PCD_ResetCallback  usbd_conf.o
    0x08002c40   0x08002c40   0x00000008   Code   RO         7943    i.HAL_PCD_ResumeCallback  usbd_conf.o
    0x08002c48   0x08002c48   0x00000008   Code   RO         7944    i.HAL_PCD_SOFCallback  usbd_conf.o
    0x08002c50   0x08002c50   0x00000028   Code   RO          964    i.HAL_PCD_SetAddress  stm32f4xx_hal_pcd.o
    0x08002c78   0x08002c78   0x0000000e   Code   RO         7945    i.HAL_PCD_SetupStageCallback  usbd_conf.o
    0x08002c86   0x08002c86   0x00000042   Code   RO          967    i.HAL_PCD_Start     stm32f4xx_hal_pcd.o
    0x08002cc8   0x08002cc8   0x00000030   Code   RO         7946    i.HAL_PCD_SuspendCallback  usbd_conf.o
    0x08002cf8   0x08002cf8   0x00000134   Code   RO         1522    i.HAL_RCC_ClockConfig  stm32f4xx_hal_rcc.o
    0x08002e2c   0x08002e2c   0x00000040   Code   RO         1526    i.HAL_RCC_GetClockConfig  stm32f4xx_hal_rcc.o
    0x08002e6c   0x08002e6c   0x0000000c   Code   RO         1527    i.HAL_RCC_GetHCLKFreq  stm32f4xx_hal_rcc.o
    0x08002e78   0x08002e78   0x00000020   Code   RO         1529    i.HAL_RCC_GetPCLK1Freq  stm32f4xx_hal_rcc.o
    0x08002e98   0x08002e98   0x00000020   Code   RO         1530    i.HAL_RCC_GetPCLK2Freq  stm32f4xx_hal_rcc.o
    0x08002eb8   0x08002eb8   0x00000064   Code   RO         1531    i.HAL_RCC_GetSysClockFreq  stm32f4xx_hal_rcc.o
    0x08002f1c   0x08002f1c   0x0000036c   Code   RO         1534    i.HAL_RCC_OscConfig  stm32f4xx_hal_rcc.o
    0x08003288   0x08003288   0x00000002   Code   RO         3344    i.HAL_SPI_ErrorCallback  stm32f4xx_hal_spi.o
    0x0800328a   0x0800328a   0x00000002   PAD
    0x0800328c   0x0800328c   0x000000fc   Code   RO         3347    i.HAL_SPI_IRQHandler  stm32f4xx_hal_spi.o
    0x08003388   0x08003388   0x000000bc   Code   RO         3348    i.HAL_SPI_Init      stm32f4xx_hal_spi.o
    0x08003444   0x08003444   0x0000010c   Code   RO          517    i.HAL_SPI_MspInit   spi.o
    0x08003550   0x08003550   0x000001e2   Code   RO         3357    i.HAL_SPI_TransmitReceive  stm32f4xx_hal_spi.o
    0x08003732   0x08003732   0x00000002   Code   RO         4365    i.HAL_TIMEx_BreakCallback  stm32f4xx_hal_tim_ex.o
    0x08003734   0x08003734   0x00000002   Code   RO         4366    i.HAL_TIMEx_CommutCallback  stm32f4xx_hal_tim_ex.o
    0x08003736   0x08003736   0x0000005a   Code   RO         3661    i.HAL_TIM_Base_Init  stm32f4xx_hal_tim.o
    0x08003790   0x08003790   0x00000028   Code   RO          559    i.HAL_TIM_Base_MspInit  tim.o
    0x080037b8   0x080037b8   0x00000080   Code   RO         3666    i.HAL_TIM_Base_Start_IT  stm32f4xx_hal_tim.o
    0x08003838   0x08003838   0x00000002   Code   RO         3695    i.HAL_TIM_IC_CaptureCallback  stm32f4xx_hal_tim.o
    0x0800383a   0x0800383a   0x00000166   Code   RO         3709    i.HAL_TIM_IRQHandler  stm32f4xx_hal_tim.o
    0x080039a0   0x080039a0   0x00000054   Code   RO          560    i.HAL_TIM_MspPostInit  tim.o
    0x080039f4   0x080039f4   0x00000002   Code   RO         3712    i.HAL_TIM_OC_DelayElapsedCallback  stm32f4xx_hal_tim.o
    0x080039f6   0x080039f6   0x000000cc   Code   RO         3733    i.HAL_TIM_PWM_ConfigChannel  stm32f4xx_hal_tim.o
    0x08003ac2   0x08003ac2   0x0000005a   Code   RO         3736    i.HAL_TIM_PWM_Init  stm32f4xx_hal_tim.o
    0x08003b1c   0x08003b1c   0x00000002   Code   RO         3738    i.HAL_TIM_PWM_MspInit  stm32f4xx_hal_tim.o
    0x08003b1e   0x08003b1e   0x00000002   Code   RO         3739    i.HAL_TIM_PWM_PulseFinishedCallback  stm32f4xx_hal_tim.o
    0x08003b20   0x08003b20   0x000000c8   Code   RO         3741    i.HAL_TIM_PWM_Start  stm32f4xx_hal_tim.o
    0x08003be8   0x08003be8   0x00000014   Code   RO           14    i.HAL_TIM_PeriodElapsedCallback  main.o
    0x08003bfc   0x08003bfc   0x00000002   Code   RO         3752    i.HAL_TIM_TriggerCallback  stm32f4xx_hal_tim.o
    0x08003bfe   0x08003bfe   0x00000002   Code   RO         4643    i.HAL_UARTEx_RxEventCallback  stm32f4xx_hal_uart.o
    0x08003c00   0x08003c00   0x00000070   Code   RO         4655    i.HAL_UART_DMAStop  stm32f4xx_hal_uart.o
    0x08003c70   0x08003c70   0x00000002   Code   RO         4657    i.HAL_UART_ErrorCallback  stm32f4xx_hal_uart.o
    0x08003c72   0x08003c72   0x00000002   PAD
    0x08003c74   0x08003c74   0x00000268   Code   RO         4660    i.HAL_UART_IRQHandler  stm32f4xx_hal_uart.o
    0x08003edc   0x08003edc   0x00000062   Code   RO         4661    i.HAL_UART_Init     stm32f4xx_hal_uart.o
    0x08003f3e   0x08003f3e   0x00000002   PAD
    0x08003f40   0x08003f40   0x000002d8   Code   RO          607    i.HAL_UART_MspInit  usart.o
    0x08004218   0x08004218   0x0000002a   Code   RO         4665    i.HAL_UART_Receive_DMA  stm32f4xx_hal_uart.o
    0x08004242   0x08004242   0x00000002   PAD
    0x08004244   0x08004244   0x00000068   Code   RO         6527    i.HAL_UART_RxCpltCallback  communication.o
    0x080042ac   0x080042ac   0x00000002   Code   RO         4668    i.HAL_UART_RxHalfCpltCallback  stm32f4xx_hal_uart.o
    0x080042ae   0x080042ae   0x00000002   Code   RO         4672    i.HAL_UART_TxCpltCallback  stm32f4xx_hal_uart.o
    0x080042b0   0x080042b0   0x00000002   Code   RO          678    i.HardFault_Handler  stm32f4xx_it.o
    0x080042b2   0x080042b2   0x00000002   PAD
    0x080042b4   0x080042b4   0x000000b4   Code   RO         7573    i.INS_gyrooffset_calculate  ins_task.o
    0x08004368   0x08004368   0x00000200   Code   RO         7574    i.INS_task          ins_task.o
    0x08004568   0x08004568   0x000000a4   Code   RO         7162    i.Init_NRF24L01     nrf24l01.o
    0x0800460c   0x0800460c   0x00000038   Code   RO         7792    i.IntToUnicode      usbd_desc.o
    0x08004644   0x08004644   0x00000044   Code   RO          379    i.MX_CAN1_Init      can.o
    0x08004688   0x08004688   0x00000044   Code   RO          380    i.MX_CAN2_Init      can.o
    0x080046cc   0x080046cc   0x000000ac   Code   RO          450    i.MX_DMA_Init       dma.o
    0x08004778   0x08004778   0x00000068   Code   RO          305    i.MX_FREERTOS_Init  freertos.o
    0x080047e0   0x080047e0   0x0000018c   Code   RO          281    i.MX_GPIO_Init      gpio.o
    0x0800496c   0x0800496c   0x00000040   Code   RO          476    i.MX_I2C3_Init      i2c.o
    0x080049ac   0x080049ac   0x00000048   Code   RO          518    i.MX_SPI1_Init      spi.o
    0x080049f4   0x080049f4   0x00000064   Code   RO          561    i.MX_TIM10_Init     tim.o
    0x08004a58   0x08004a58   0x00000038   Code   RO          608    i.MX_USART1_UART_Init  usart.o
    0x08004a90   0x08004a90   0x0000003c   Code   RO          609    i.MX_USART3_UART_Init  usart.o
    0x08004acc   0x08004acc   0x00000038   Code   RO          610    i.MX_USART6_UART_Init  usart.o
    0x08004b04   0x08004b04   0x00000054   Code   RO         7761    i.MX_USB_DEVICE_Init  usb_device.o
    0x08004b58   0x08004b58   0x000001e4   Code   RO         7575    i.MahonyAHRSupdateIMU  ins_task.o
    0x08004d3c   0x08004d3c   0x00000002   Code   RO          679    i.MemManage_Handler  stm32f4xx_it.o
    0x08004d3e   0x08004d3e   0x00000002   Code   RO          680    i.NMI_Handler       stm32f4xx_it.o
    0x08004d40   0x08004d40   0x00000048   Code   RO         7163    i.NRF24L01_Check    nrf24l01.o
    0x08004d88   0x08004d88   0x0000004c   Code   RO         7164    i.NRF24L01_Read_Buf  nrf24l01.o
    0x08004dd4   0x08004dd4   0x00000034   Code   RO         7165    i.NRF24L01_Read_Reg  nrf24l01.o
    0x08004e08   0x08004e08   0x00000032   Code   RO         7166    i.NRF24L01_RxPacket  nrf24l01.o
    0x08004e3a   0x08004e3a   0x00000002   PAD
    0x08004e3c   0x08004e3c   0x0000004c   Code   RO         7168    i.NRF24L01_Write_Buf  nrf24l01.o
    0x08004e88   0x08004e88   0x0000003c   Code   RO         7169    i.NRF24L01_Write_Reg  nrf24l01.o
    0x08004ec4   0x08004ec4   0x0000000c   Code   RO          681    i.OTG_FS_IRQHandler  stm32f4xx_it.o
    0x08004ed0   0x08004ed0   0x000000cc   Code   RO          971    i.PCD_EP_OutXfrComplete_int  stm32f4xx_hal_pcd.o
    0x08004f9c   0x08004f9c   0x000000a2   Code   RO          972    i.PCD_WriteEmptyTxFifo  stm32f4xx_hal_pcd.o
    0x0800503e   0x0800503e   0x00000002   PAD
    0x08005040   0x08005040   0x00000128   Code   RO         7689    i.PID_calc          pid.o
    0x08005168   0x08005168   0x0000005c   Code   RO         7692    i.PID_init          pid.o
    0x080051c4   0x080051c4   0x00000064   Code   RO         7170    i.RX_Mode           nrf24l01.o
    0x08005228   0x08005228   0x000000d4   Code   RO         7537    i.SPI1_DMA_enable   bsp_spi.o
    0x080052fc   0x080052fc   0x000000f0   Code   RO         7538    i.SPI1_DMA_init     bsp_spi.o
    0x080053ec   0x080053ec   0x0000000c   Code   RO          682    i.SPI1_IRQHandler   stm32f4xx_it.o
    0x080053f8   0x080053f8   0x00000010   Code   RO         3375    i.SPI_DMAAbortOnError  stm32f4xx_hal_spi.o
    0x08005408   0x08005408   0x00000058   Code   RO         3386    i.SPI_EndRxTxTransaction  stm32f4xx_hal_spi.o
    0x08005460   0x08005460   0x0000006c   Code   RO         7171    i.SPI_ReadWriteByte  nrf24l01.o
    0x080054cc   0x080054cc   0x000000b8   Code   RO         3391    i.SPI_WaitFlagStateUntilTimeout  stm32f4xx_hal_spi.o
    0x08005584   0x08005584   0x0000000a   Code   RO         8300    i.SWAPBYTE          usbd_ctlreq.o
    0x0800558e   0x0800558e   0x0000000c   Code   RO          306    i.StartDefaultTask  freertos.o
    0x0800559a   0x0800559a   0x00000002   PAD
    0x0800559c   0x0800559c   0x0000002c   Code   RO         6256    i.SysTick_Handler   port.o
    0x080055c8   0x080055c8   0x00000094   Code   RO           15    i.SystemClock_Config  main.o
    0x0800565c   0x0800565c   0x00000010   Code   RO         4990    i.SystemInit        system_stm32f4xx.o
    0x0800566c   0x0800566c   0x0000000c   Code   RO          683    i.TIM3_IRQHandler   stm32f4xx_it.o
    0x08005678   0x08005678   0x000000c8   Code   RO         3754    i.TIM_Base_SetConfig  stm32f4xx_hal_tim.o
    0x08005740   0x08005740   0x0000001a   Code   RO         3755    i.TIM_CCxChannelCmd  stm32f4xx_hal_tim.o
    0x0800575a   0x0800575a   0x00000002   PAD
    0x0800575c   0x0800575c   0x00000060   Code   RO         3767    i.TIM_OC1_SetConfig  stm32f4xx_hal_tim.o
    0x080057bc   0x080057bc   0x0000006c   Code   RO         3768    i.TIM_OC2_SetConfig  stm32f4xx_hal_tim.o
    0x08005828   0x08005828   0x00000068   Code   RO         3769    i.TIM_OC3_SetConfig  stm32f4xx_hal_tim.o
    0x08005890   0x08005890   0x00000050   Code   RO         3770    i.TIM_OC4_SetConfig  stm32f4xx_hal_tim.o
    0x080058e0   0x080058e0   0x00000010   Code   RO         4674    i.UART_DMAAbortOnError  stm32f4xx_hal_uart.o
    0x080058f0   0x080058f0   0x0000004a   Code   RO         4675    i.UART_DMAError     stm32f4xx_hal_uart.o
    0x0800593a   0x0800593a   0x00000082   Code   RO         4676    i.UART_DMAReceiveCplt  stm32f4xx_hal_uart.o
    0x080059bc   0x080059bc   0x0000001a   Code   RO         4678    i.UART_DMARxHalfCplt  stm32f4xx_hal_uart.o
    0x080059d6   0x080059d6   0x0000004e   Code   RO         4684    i.UART_EndRxTransfer  stm32f4xx_hal_uart.o
    0x08005a24   0x08005a24   0x0000001c   Code   RO         4685    i.UART_EndTxTransfer  stm32f4xx_hal_uart.o
    0x08005a40   0x08005a40   0x000000c0   Code   RO         4686    i.UART_Receive_IT   stm32f4xx_hal_uart.o
    0x08005b00   0x08005b00   0x0000010c   Code   RO         4687    i.UART_SetConfig    stm32f4xx_hal_uart.o
    0x08005c0c   0x08005c0c   0x00000094   Code   RO         4688    i.UART_Start_Receive_DMA  stm32f4xx_hal_uart.o
    0x08005ca0   0x08005ca0   0x00000018   Code   RO          684    i.USART1_IRQHandler  stm32f4xx_it.o
    0x08005cb8   0x08005cb8   0x00000018   Code   RO          685    i.USART3_IRQHandler  stm32f4xx_it.o
    0x08005cd0   0x08005cd0   0x0000003c   Code   RO         6881    i.USART3_Init       drv_usart.o
    0x08005d0c   0x08005d0c   0x0000018c   Code   RO         6335    i.USART3_rxDataHandler  rc_potocal.o
    0x08005e98   0x08005e98   0x0000000c   Code   RO          686    i.USART6_IRQHandler  stm32f4xx_it.o
    0x08005ea4   0x08005ea4   0x00000076   Code   RO         8433    i.USBD_CDC_DataIn   usbd_cdc.o
    0x08005f1a   0x08005f1a   0x0000003c   Code   RO         8434    i.USBD_CDC_DataOut  usbd_cdc.o
    0x08005f56   0x08005f56   0x00000002   PAD
    0x08005f58   0x08005f58   0x00000090   Code   RO         8435    i.USBD_CDC_DeInit   usbd_cdc.o
    0x08005fe8   0x08005fe8   0x00000036   Code   RO         8436    i.USBD_CDC_EP0_RxReady  usbd_cdc.o
    0x0800601e   0x0800601e   0x00000002   PAD
    0x08006020   0x08006020   0x0000000c   Code   RO         8437    i.USBD_CDC_GetDeviceQualifierDescriptor  usbd_cdc.o
    0x0800602c   0x0800602c   0x0000003c   Code   RO         8438    i.USBD_CDC_GetFSCfgDesc  usbd_cdc.o
    0x08006068   0x08006068   0x00000040   Code   RO         8439    i.USBD_CDC_GetHSCfgDesc  usbd_cdc.o
    0x080060a8   0x080060a8   0x0000003c   Code   RO         8440    i.USBD_CDC_GetOtherSpeedCfgDesc  usbd_cdc.o
    0x080060e4   0x080060e4   0x00000118   Code   RO         8441    i.USBD_CDC_Init     usbd_cdc.o
    0x080061fc   0x080061fc   0x00000038   Code   RO         8442    i.USBD_CDC_ReceivePacket  usbd_cdc.o
    0x08006234   0x08006234   0x00000016   Code   RO         8443    i.USBD_CDC_RegisterInterface  usbd_cdc.o
    0x0800624a   0x0800624a   0x0000001a   Code   RO         8444    i.USBD_CDC_SetRxBuffer  usbd_cdc.o
    0x08006264   0x08006264   0x0000001e   Code   RO         8445    i.USBD_CDC_SetTxBuffer  usbd_cdc.o
    0x08006282   0x08006282   0x000000d4   Code   RO         8446    i.USBD_CDC_Setup    usbd_cdc.o
    0x08006356   0x08006356   0x00000002   PAD
    0x08006358   0x08006358   0x00000050   Code   RO         8447    i.USBD_CDC_TransmitPacket  usbd_cdc.o
    0x080063a8   0x080063a8   0x00000014   Code   RO         8141    i.USBD_ClrClassConfig  usbd_core.o
    0x080063bc   0x080063bc   0x00000004   Code   RO         8142    i.USBD_CoreFindEP   usbd_core.o
    0x080063c0   0x080063c0   0x00000004   Code   RO         8143    i.USBD_CoreFindIF   usbd_core.o
    0x080063c4   0x080063c4   0x00000010   Code   RO         8373    i.USBD_CtlContinueRx  usbd_ioreq.o
    0x080063d4   0x080063d4   0x00000010   Code   RO         8374    i.USBD_CtlContinueSendData  usbd_ioreq.o
    0x080063e4   0x080063e4   0x00000016   Code   RO         8301    i.USBD_CtlError     usbd_ctlreq.o
    0x080063fa   0x080063fa   0x0000001e   Code   RO         8375    i.USBD_CtlPrepareRx  usbd_ioreq.o
    0x08006418   0x08006418   0x00000016   Code   RO         8376    i.USBD_CtlReceiveStatus  usbd_ioreq.o
    0x0800642e   0x0800642e   0x0000001a   Code   RO         8377    i.USBD_CtlSendData  usbd_ioreq.o
    0x08006448   0x08006448   0x00000016   Code   RO         8378    i.USBD_CtlSendStatus  usbd_ioreq.o
    0x0800645e   0x0800645e   0x00000002   PAD
    0x08006460   0x08006460   0x00000020   Code   RO         7793    i.USBD_FS_ConfigStrDescriptor  usbd_desc.o
    0x08006480   0x08006480   0x0000000c   Code   RO         7794    i.USBD_FS_DeviceDescriptor  usbd_desc.o
    0x0800648c   0x0800648c   0x00000024   Code   RO         7795    i.USBD_FS_InterfaceStrDescriptor  usbd_desc.o
    0x080064b0   0x080064b0   0x0000000c   Code   RO         7796    i.USBD_FS_LangIDStrDescriptor  usbd_desc.o
    0x080064bc   0x080064bc   0x00000028   Code   RO         7797    i.USBD_FS_ManufacturerStrDescriptor  usbd_desc.o
    0x080064e4   0x080064e4   0x0000002c   Code   RO         7798    i.USBD_FS_ProductStrDescriptor  usbd_desc.o
    0x08006510   0x08006510   0x00000038   Code   RO         7799    i.USBD_FS_SerialStrDescriptor  usbd_desc.o
    0x08006548   0x08006548   0x000000e6   Code   RO         8302    i.USBD_GetDescriptor  usbd_ctlreq.o
    0x0800662e   0x0800662e   0x0000003a   Code   RO         8145    i.USBD_GetEpDesc    usbd_core.o
    0x08006668   0x08006668   0x0000000e   Code   RO         8146    i.USBD_GetNextDesc  usbd_core.o
    0x08006676   0x08006676   0x00000048   Code   RO         8303    i.USBD_GetString    usbd_ctlreq.o
    0x080066be   0x080066be   0x00000018   Code   RO         7947    i.USBD_Get_USB_Status  usbd_conf.o
    0x080066d6   0x080066d6   0x00000026   Code   RO         8147    i.USBD_Init         usbd_core.o
    0x080066fc   0x080066fc   0x00000012   Code   RO         7948    i.USBD_LL_ClearStallEP  usbd_conf.o
    0x0800670e   0x0800670e   0x00000012   Code   RO         7949    i.USBD_LL_CloseEP   usbd_conf.o
    0x08006720   0x08006720   0x000000b6   Code   RO         8148    i.USBD_LL_DataInStage  usbd_core.o
    0x080067d6   0x080067d6   0x0000008e   Code   RO         8149    i.USBD_LL_DataOutStage  usbd_core.o
    0x08006864   0x08006864   0x00000004   Code   RO         8150    i.USBD_LL_DevConnected  usbd_core.o
    0x08006868   0x08006868   0x0000001e   Code   RO         8151    i.USBD_LL_DevDisconnected  usbd_core.o
    0x08006886   0x08006886   0x00000008   Code   RO         7953    i.USBD_LL_GetRxDataSize  usbd_conf.o
    0x0800688e   0x0800688e   0x00000002   PAD
    0x08006890   0x08006890   0x00000060   Code   RO         7954    i.USBD_LL_Init      usbd_conf.o
    0x080068f0   0x080068f0   0x00000020   Code   RO         7955    i.USBD_LL_IsStallEP  usbd_conf.o
    0x08006910   0x08006910   0x00000028   Code   RO         8152    i.USBD_LL_IsoINIncomplete  usbd_core.o
    0x08006938   0x08006938   0x00000028   Code   RO         8153    i.USBD_LL_IsoOUTIncomplete  usbd_core.o
    0x08006960   0x08006960   0x00000018   Code   RO         7956    i.USBD_LL_OpenEP    usbd_conf.o
    0x08006978   0x08006978   0x00000012   Code   RO         7957    i.USBD_LL_PrepareReceive  usbd_conf.o
    0x0800698a   0x0800698a   0x0000005c   Code   RO         8154    i.USBD_LL_Reset     usbd_core.o
    0x080069e6   0x080069e6   0x00000014   Code   RO         8155    i.USBD_LL_Resume    usbd_core.o
    0x080069fa   0x080069fa   0x0000001a   Code   RO         8156    i.USBD_LL_SOF       usbd_core.o
    0x08006a14   0x08006a14   0x00000006   Code   RO         8157    i.USBD_LL_SetSpeed  usbd_core.o
    0x08006a1a   0x08006a1a   0x00000012   Code   RO         7958    i.USBD_LL_SetUSBAddress  usbd_conf.o
    0x08006a2c   0x08006a2c   0x00000060   Code   RO         8158    i.USBD_LL_SetupStage  usbd_core.o
    0x08006a8c   0x08006a8c   0x00000012   Code   RO         7959    i.USBD_LL_StallEP   usbd_conf.o
    0x08006a9e   0x08006a9e   0x00000012   Code   RO         7960    i.USBD_LL_Start     usbd_conf.o
    0x08006ab0   0x08006ab0   0x00000012   Code   RO         8159    i.USBD_LL_Suspend   usbd_core.o
    0x08006ac2   0x08006ac2   0x00000012   Code   RO         7962    i.USBD_LL_Transmit  usbd_conf.o
    0x08006ad4   0x08006ad4   0x0000002c   Code   RO         8304    i.USBD_ParseSetupRequest  usbd_ctlreq.o
    0x08006b00   0x08006b00   0x0000003a   Code   RO         8160    i.USBD_RegisterClass  usbd_core.o
    0x08006b3a   0x08006b3a   0x00000014   Code   RO         8162    i.USBD_SetClassConfig  usbd_core.o
    0x08006b4e   0x08006b4e   0x00000002   PAD
    0x08006b50   0x08006b50   0x000000b8   Code   RO         8305    i.USBD_SetConfig    usbd_ctlreq.o
    0x08006c08   0x08006c08   0x00000004   Code   RO         8163    i.USBD_Start        usbd_core.o
    0x08006c0c   0x08006c0c   0x0000012c   Code   RO         8306    i.USBD_StdDevReq    usbd_ctlreq.o
    0x08006d38   0x08006d38   0x00000160   Code   RO         8307    i.USBD_StdEPReq     usbd_ctlreq.o
    0x08006e98   0x08006e98   0x00000072   Code   RO         8308    i.USBD_StdItfReq    usbd_ctlreq.o
    0x08006f0a   0x08006f0a   0x00000002   Code   RO         7963    i.USBD_static_free  usbd_conf.o
    0x08006f0c   0x08006f0c   0x00000008   Code   RO         7964    i.USBD_static_malloc  usbd_conf.o
    0x08006f14   0x08006f14   0x00000080   Code   RO         1217    i.USB_ActivateEndpoint  stm32f4xx_ll_usb.o
    0x08006f94   0x08006f94   0x0000001c   Code   RO         1219    i.USB_ActivateSetup  stm32f4xx_ll_usb.o
    0x08006fb0   0x08006fb0   0x00000074   Code   RO         1221    i.USB_CoreInit      stm32f4xx_ll_usb.o
    0x08007024   0x08007024   0x00000040   Code   RO         1222    i.USB_CoreReset     stm32f4xx_ll_usb.o
    0x08007064   0x08007064   0x000000cc   Code   RO         1225    i.USB_DeactivateEndpoint  stm32f4xx_ll_usb.o
    0x08007130   0x08007130   0x0000001c   Code   RO         1226    i.USB_DevConnect    stm32f4xx_ll_usb.o
    0x0800714c   0x0800714c   0x0000001c   Code   RO         1227    i.USB_DevDisconnect  stm32f4xx_ll_usb.o
    0x08007168   0x08007168   0x00000174   Code   RO         1228    i.USB_DevInit       stm32f4xx_ll_usb.o
    0x080072dc   0x080072dc   0x0000000c   Code   RO         1229    i.USB_DisableGlobalInt  stm32f4xx_ll_usb.o
    0x080072e8   0x080072e8   0x0000011c   Code   RO         1232    i.USB_EP0StartXfer  stm32f4xx_ll_usb.o
    0x08007404   0x08007404   0x00000058   Code   RO         1233    i.USB_EP0_OutStart  stm32f4xx_ll_usb.o
    0x0800745c   0x0800745c   0x00000058   Code   RO         1234    i.USB_EPClearStall  stm32f4xx_ll_usb.o
    0x080074b4   0x080074b4   0x00000058   Code   RO         1235    i.USB_EPSetStall    stm32f4xx_ll_usb.o
    0x0800750c   0x0800750c   0x000001e4   Code   RO         1236    i.USB_EPStartXfer   stm32f4xx_ll_usb.o
    0x080076f0   0x080076f0   0x0000009e   Code   RO         1237    i.USB_EPStopXfer    stm32f4xx_ll_usb.o
    0x0800778e   0x0800778e   0x0000000c   Code   RO         1238    i.USB_EnableGlobalInt  stm32f4xx_ll_usb.o
    0x0800779a   0x0800779a   0x00000002   PAD
    0x0800779c   0x0800779c   0x0000003c   Code   RO         1239    i.USB_FlushRxFifo   stm32f4xx_ll_usb.o
    0x080077d8   0x080077d8   0x00000040   Code   RO         1240    i.USB_FlushTxFifo   stm32f4xx_ll_usb.o
    0x08007818   0x08007818   0x0000001a   Code   RO         1242    i.USB_GetDevSpeed   stm32f4xx_ll_usb.o
    0x08007832   0x08007832   0x00000008   Code   RO         1244    i.USB_GetMode       stm32f4xx_ll_usb.o
    0x0800783a   0x0800783a   0x0000000e   Code   RO         1251    i.USB_ReadDevAllInEpInterrupt  stm32f4xx_ll_usb.o
    0x08007848   0x08007848   0x0000000e   Code   RO         1252    i.USB_ReadDevAllOutEpInterrupt  stm32f4xx_ll_usb.o
    0x08007856   0x08007856   0x00000024   Code   RO         1253    i.USB_ReadDevInEPInterrupt  stm32f4xx_ll_usb.o
    0x0800787a   0x0800787a   0x00000010   Code   RO         1254    i.USB_ReadDevOutEPInterrupt  stm32f4xx_ll_usb.o
    0x0800788a   0x0800788a   0x00000008   Code   RO         1255    i.USB_ReadInterrupts  stm32f4xx_ll_usb.o
    0x08007892   0x08007892   0x0000003e   Code   RO         1256    i.USB_ReadPacket    stm32f4xx_ll_usb.o
    0x080078d0   0x080078d0   0x0000005c   Code   RO         1258    i.USB_SetCurrentMode  stm32f4xx_ll_usb.o
    0x0800792c   0x0800792c   0x00000022   Code   RO         1259    i.USB_SetDevAddress  stm32f4xx_ll_usb.o
    0x0800794e   0x0800794e   0x00000002   PAD
    0x08007950   0x08007950   0x000000e8   Code   RO         1261    i.USB_SetTurnaroundTime  stm32f4xx_ll_usb.o
    0x08007a38   0x08007a38   0x00000028   Code   RO         1264    i.USB_WritePacket   stm32f4xx_ll_usb.o
    0x08007a60   0x08007a60   0x000000a4   Code   RO         7576    i.USER_DMA2_Stream2_IRQHandler  ins_task.o
    0x08007b04   0x08007b04   0x00000002   Code   RO          687    i.UsageFault_Handler  stm32f4xx_it.o
    0x08007b06   0x08007b06   0x00000002   PAD
    0x08007b08   0x08007b08   0x00000074   Code   RO         7050    i.Yaw_Diff          chassis.o
    0x08007b7c   0x08007b7c   0x00000030   Code   RO         8719    i.__ARM_fpclassify  m_wm.l(fpclassify.o)
    0x08007bac   0x08007bac   0x00000026   Code   RO         8721    i.__ARM_fpclassifyf  m_wm.l(fpclassifyf.o)
    0x08007bd2   0x08007bd2   0x00000020   Code   RO         2278    i.__NVIC_SetPriority  stm32f4xx_hal_cortex.o
    0x08007bf2   0x08007bf2   0x00000002   PAD
    0x08007bf4   0x08007bf4   0x0000012c   Code   RO         8582    i.__hardfp_asinf    m_wm.l(asinf.o)
    0x08007d20   0x08007d20   0x000002d8   Code   RO         8594    i.__hardfp_atan     m_wm.l(atan.o)
    0x08007ff8   0x08007ff8   0x000002ac   Code   RO         8608    i.__hardfp_atan2f   m_wm.l(atan2f.o)
    0x080082a4   0x080082a4   0x00000004   PAD
    0x080082a8   0x080082a8   0x000000c8   Code   RO         8620    i.__hardfp_cos      m_wm.l(cos.o)
    0x08008370   0x08008370   0x00000c50   Code   RO         8632    i.__hardfp_pow      m_wm.l(pow.o)
    0x08008fc0   0x08008fc0   0x000000c8   Code   RO         8646    i.__hardfp_sin      m_wm.l(sin.o)
    0x08009088   0x08009088   0x0000007a   Code   RO         8658    i.__hardfp_sqrt     m_wm.l(sqrt.o)
    0x08009102   0x08009102   0x00000006   PAD
    0x08009108   0x08009108   0x00000438   Code   RO         8740    i.__ieee754_rem_pio2  m_wm.l(rred.o)
    0x08009540   0x08009540   0x00000170   Code   RO         8696    i.__kernel_cos      m_wm.l(cos_i.o)
    0x080096b0   0x080096b0   0x000000f8   Code   RO         8737    i.__kernel_poly     m_wm.l(poly.o)
    0x080097a8   0x080097a8   0x00000130   Code   RO         8745    i.__kernel_sin      m_wm.l(sin_i.o)
    0x080098d8   0x080098d8   0x00000030   Code   RO         8699    i.__mathlib_dbl_divzero  m_wm.l(dunder.o)
    0x08009908   0x08009908   0x00000014   Code   RO         8700    i.__mathlib_dbl_infnan  m_wm.l(dunder.o)
    0x0800991c   0x0800991c   0x00000014   Code   RO         8701    i.__mathlib_dbl_infnan2  m_wm.l(dunder.o)
    0x08009930   0x08009930   0x00000020   Code   RO         8702    i.__mathlib_dbl_invalid  m_wm.l(dunder.o)
    0x08009950   0x08009950   0x00000020   Code   RO         8703    i.__mathlib_dbl_overflow  m_wm.l(dunder.o)
    0x08009970   0x08009970   0x00000020   Code   RO         8705    i.__mathlib_dbl_underflow  m_wm.l(dunder.o)
    0x08009990   0x08009990   0x00000006   Code   RO         8724    i.__mathlib_flt_infnan  m_wm.l(funder.o)
    0x08009996   0x08009996   0x00000006   Code   RO         8725    i.__mathlib_flt_infnan2  m_wm.l(funder.o)
    0x0800999c   0x0800999c   0x00000010   Code   RO         8726    i.__mathlib_flt_invalid  m_wm.l(funder.o)
    0x080099ac   0x080099ac   0x00000010   Code   RO         8729    i.__mathlib_flt_underflow  m_wm.l(funder.o)
    0x080099bc   0x080099bc   0x00000128   Code   RO         7269    i.bmi088_accel_init  bmi088driver.o
    0x08009ae4   0x08009ae4   0x000002d4   Code   RO         7270    i.bmi088_accel_self_test  bmi088driver.o
    0x08009db8   0x08009db8   0x000000dc   Code   RO         7271    i.bmi088_gyro_init  bmi088driver.o
    0x08009e94   0x08009e94   0x000000ca   Code   RO         7272    i.bmi088_gyro_self_test  bmi088driver.o
    0x08009f5e   0x08009f5e   0x00000002   PAD
    0x08009f60   0x08009f60   0x0000004c   Code   RO         6803    i.can_cmd_send_3508  user_can.o
    0x08009fac   0x08009fac   0x0000004c   Code   RO         6804    i.can_cmd_send_6020  user_can.o
    0x08009ff8   0x08009ff8   0x00000028   Code   RO         6806    i.can_remote        user_can.o
    0x0800a020   0x0800a020   0x00000268   Code   RO         6997    i.compound_control  channel_changes.o
    0x0800a288   0x0800a288   0x000003b0   Code   RO         6559    i.compound_movement_3508  motion_overlay.o
    0x0800a638   0x0800a638   0x00000320   Code   RO         6560    i.compound_movement_6020  motion_overlay.o
    0x0800a958   0x0800a958   0x00000028   Code   RO         7471    i.delay_init        bsp_delay.o
    0x0800a980   0x0800a980   0x00000034   Code   RO         7473    i.delay_us          bsp_delay.o
    0x0800a9b4   0x0800a9b4   0x00000024   Code   RO         6882    i.dma_m0_rxcplt_callback  drv_usart.o
    0x0800a9d8   0x0800a9d8   0x00000024   Code   RO         6883    i.dma_m1_rxcplt_callback  drv_usart.o
    0x0800a9fc   0x0800a9fc   0x00000018   Code   RO         8715    i.fabs              m_wm.l(fabs.o)
    0x0800aa14   0x0800aa14   0x000000f4   Code   RO         7579    i.get_angle         ins_task.o
    0x0800ab08   0x0800ab08   0x000000a4   Code   RO         7581    i.imu_cali_slove    ins_task.o
    0x0800abac   0x0800abac   0x000000fc   Code   RO         7582    i.imu_cmd_spi_dma   ins_task.o
    0x0800aca8   0x0800aca8   0x0000000c   Code   RO         7509    i.imu_pwm_set       bsp_imu_pwm.o
    0x0800acb4   0x0800acb4   0x0000007c   Code   RO         7583    i.imu_temp_control  ins_task.o
    0x0800ad30   0x0800ad30   0x0000002c   Code   RO         7584    i.invSqrt           ins_task.o
    0x0800ad5c   0x0800ad5c   0x00000010   Code   RO         6952    i.limit_max         user_pid.o
    0x0800ad6c   0x0800ad6c   0x00000084   Code   RO           16    i.main              main.o
    0x0800adf0   0x0800adf0   0x0000000c   Code   RO         5821    i.makeFreeRtosPriority  cmsis_os.o
    0x0800adfc   0x0800adfc   0x00000084   Code   RO         6483    i.motor_value       handle_value.o
    0x0800ae80   0x0800ae80   0x0000000e   Code   RO         5823    i.osDelay           cmsis_os.o
    0x0800ae8e   0x0800ae8e   0x0000000a   Code   RO         5826    i.osKernelStart     cmsis_os.o
    0x0800ae98   0x0800ae98   0x00000054   Code   RO         5860    i.osThreadCreate    cmsis_os.o
    0x0800aeec   0x0800aeec   0x00000020   Code   RO         5491    i.pcTaskGetName     tasks.o
    0x0800af0c   0x0800af0c   0x000000b8   Code   RO         6953    i.pid_cal_a         user_pid.o
    0x0800afc4   0x0800afc4   0x00000092   Code   RO         6954    i.pid_cal_s         user_pid.o
    0x0800b056   0x0800b056   0x0000000c   Code   RO         6955    i.pid_init          user_pid.o
    0x0800b062   0x0800b062   0x00000002   PAD
    0x0800b064   0x0800b064   0x00000070   Code   RO         5492    i.prvAddCurrentTaskToDelayedList  tasks.o
    0x0800b0d4   0x0800b0d4   0x000000d0   Code   RO         5493    i.prvAddNewTaskToReadyList  tasks.o
    0x0800b1a4   0x0800b1a4   0x00000034   Code   RO         5494    i.prvDeleteTCB      tasks.o
    0x0800b1d8   0x0800b1d8   0x0000004c   Code   RO         6188    i.prvHeapInit       heap_4.o
    0x0800b224   0x0800b224   0x00000060   Code   RO         5495    i.prvIdleTask       tasks.o
    0x0800b284   0x0800b284   0x00000098   Code   RO         5496    i.prvInitialiseNewTask  tasks.o
    0x0800b31c   0x0800b31c   0x0000004c   Code   RO         6189    i.prvInsertBlockIntoFreeList  heap_4.o
    0x0800b368   0x0800b368   0x00000020   Code   RO         5497    i.prvResetNextTaskUnblockTime  tasks.o
    0x0800b388   0x0800b388   0x00000058   Code   RO         5498    i.prvSearchForNameWithinSingleList  tasks.o
    0x0800b3e0   0x0800b3e0   0x00000028   Code   RO         6257    i.prvTaskExitError  port.o
    0x0800b408   0x0800b408   0x000000dc   Code   RO         6190    i.pvPortMalloc      heap_4.o
    0x0800b4e4   0x0800b4e4   0x0000002c   Code   RO         6258    i.pxPortInitialiseStack  port.o
    0x0800b510   0x0800b510   0x00000168   Code   RO         6484    i.remote_value      handle_value.o
    0x0800b678   0x0800b678   0x0000006e   Code   RO         8660    i.sqrt              m_wm.l(sqrt.o)
    0x0800b6e6   0x0800b6e6   0x0000003e   Code   RO         8753    i.sqrtf             m_wm.l(sqrtf.o)
    0x0800b724   0x0800b724   0x00000050   Code   RO         6884    i.uart_rx_idle_callback  drv_usart.o
    0x0800b774   0x0800b774   0x00000068   Code   RO         5501    i.ulTaskNotifyTake  tasks.o
    0x0800b7dc   0x0800b7dc   0x00000026   Code   RO         5128    i.uxListRemove      list.o
    0x0800b802   0x0800b802   0x00000002   PAD
    0x0800b804   0x0800b804   0x00000014   Code   RO          307    i.vApplicationGetIdleTaskMemory  freertos.o
    0x0800b818   0x0800b818   0x00000016   Code   RO         5129    i.vListInitialise   list.o
    0x0800b82e   0x0800b82e   0x00000006   Code   RO         5130    i.vListInitialiseItem  list.o
    0x0800b834   0x0800b834   0x00000030   Code   RO         5131    i.vListInsert       list.o
    0x0800b864   0x0800b864   0x00000018   Code   RO         5132    i.vListInsertEnd    list.o
    0x0800b87c   0x0800b87c   0x00000040   Code   RO         6260    i.vPortEnterCritical  port.o
    0x0800b8bc   0x0800b8bc   0x00000028   Code   RO         6261    i.vPortExitCritical  port.o
    0x0800b8e4   0x0800b8e4   0x00000064   Code   RO         6191    i.vPortFree         heap_4.o
    0x0800b948   0x0800b948   0x00000024   Code   RO         6262    i.vPortSetupTimerInterrupt  port.o
    0x0800b96c   0x0800b96c   0x00000054   Code   RO         6263    i.vPortValidateInterruptPriority  port.o
    0x0800b9c0   0x0800b9c0   0x0000004c   Code   RO         5507    i.vTaskDelay        tasks.o
    0x0800ba0c   0x0800ba0c   0x000000b4   Code   RO         5512    i.vTaskNotifyGiveFromISR  tasks.o
    0x0800bac0   0x0800bac0   0x0000006c   Code   RO         5520    i.vTaskStartScheduler  tasks.o
    0x0800bb2c   0x0800bb2c   0x00000010   Code   RO         5522    i.vTaskSuspendAll   tasks.o
    0x0800bb3c   0x0800bb3c   0x0000005c   Code   RO         5523    i.vTaskSwitchContext  tasks.o
    0x0800bb98   0x0800bb98   0x000000f4   Code   RO         6264    i.xPortStartScheduler  port.o
    0x0800bc8c   0x0800bc8c   0x0000005a   Code   RO         5526    i.xTaskCreate       tasks.o
    0x0800bce6   0x0800bce6   0x00000056   Code   RO         5527    i.xTaskCreateStatic  tasks.o
    0x0800bd3c   0x0800bd3c   0x00000084   Code   RO         5531    i.xTaskGetHandle    tasks.o
    0x0800bdc0   0x0800bdc0   0x0000001c   Code   RO         5532    i.xTaskGetSchedulerState  tasks.o
    0x0800bddc   0x0800bddc   0x000000cc   Code   RO         5535    i.xTaskIncrementTick  tasks.o
    0x0800bea8   0x0800bea8   0x000000c4   Code   RO         5541    i.xTaskResumeAll    tasks.o
    0x0800bf6c   0x0800bf6c   0x00000018   Code   RO         8554    x$fpl$basic         fz_wm.l(basic.o)
    0x0800bf84   0x0800bf84   0x00000062   Code   RO         8556    x$fpl$d2f           fz_wm.l(d2f.o)
    0x0800bfe6   0x0800bfe6   0x00000002   PAD
    0x0800bfe8   0x0800bfe8   0x00000150   Code   RO         8558    x$fpl$dadd          fz_wm.l(daddsub_clz.o)
    0x0800c138   0x0800c138   0x00000010   Code   RO         8785    x$fpl$dcheck1       fz_wm.l(dcheck1.o)
    0x0800c148   0x0800c148   0x00000018   Code   RO         8787    x$fpl$dcmpinf       fz_wm.l(dcmpi.o)
    0x0800c160   0x0800c160   0x000002b0   Code   RO         8565    x$fpl$ddiv          fz_wm.l(ddiv.o)
    0x0800c410   0x0800c410   0x0000005e   Code   RO         8568    x$fpl$dfix          fz_wm.l(dfix.o)
    0x0800c46e   0x0800c46e   0x0000002e   Code   RO         8573    x$fpl$dflt          fz_wm.l(dflt_clz.o)
    0x0800c49c   0x0800c49c   0x00000026   Code   RO         8572    x$fpl$dfltu         fz_wm.l(dflt_clz.o)
    0x0800c4c2   0x0800c4c2   0x00000002   PAD
    0x0800c4c4   0x0800c4c4   0x00000078   Code   RO         8679    x$fpl$dleqf         fz_wm.l(dleqf.o)
    0x0800c53c   0x0800c53c   0x00000154   Code   RO         8578    x$fpl$dmul          fz_wm.l(dmul.o)
    0x0800c690   0x0800c690   0x0000009c   Code   RO         8681    x$fpl$dnaninf       fz_wm.l(dnaninf.o)
    0x0800c72c   0x0800c72c   0x0000000c   Code   RO         8683    x$fpl$dretinf       fz_wm.l(dretinf.o)
    0x0800c738   0x0800c738   0x0000006c   Code   RO         8685    x$fpl$drleqf        fz_wm.l(drleqf.o)
    0x0800c7a4   0x0800c7a4   0x00000016   Code   RO         8559    x$fpl$drsb          fz_wm.l(daddsub_clz.o)
    0x0800c7ba   0x0800c7ba   0x00000002   PAD
    0x0800c7bc   0x0800c7bc   0x00000198   Code   RO         8687    x$fpl$dsqrt         fz_wm.l(dsqrt_umaal.o)
    0x0800c954   0x0800c954   0x000001d4   Code   RO         8560    x$fpl$dsub          fz_wm.l(daddsub_clz.o)
    0x0800cb28   0x0800cb28   0x00000056   Code   RO         8580    x$fpl$f2d           fz_wm.l(f2d.o)
    0x0800cb7e   0x0800cb7e   0x0000008c   Code   RO         8689    x$fpl$fnaninf       fz_wm.l(fnaninf.o)
    0x0800cc0a   0x0800cc0a   0x0000000a   Code   RO         8878    x$fpl$fpinit        fz_wm.l(fpinit.o)
    0x0800cc14   0x0800cc14   0x0000000a   Code   RO         8691    x$fpl$fretinf       fz_wm.l(fretinf.o)
    0x0800cc1e   0x0800cc1e   0x00000064   Code   RO         8806    x$fpl$retnan        fz_wm.l(retnan.o)
    0x0800cc82   0x0800cc82   0x0000005c   Code   RO         8693    x$fpl$scalbn        fz_wm.l(scalbn.o)
    0x0800ccde   0x0800ccde   0x00000030   Code   RO         8861    x$fpl$trapveneer    fz_wm.l(trapv.o)
    0x0800cd0e   0x0800cd0e   0x00000000   Code   RO         8695    x$fpl$usenofp       fz_wm.l(usenofp.o)
    0x0800cd0e   0x0800cd0e   0x00000002   PAD
    0x0800cd10   0x0800cd10   0x00000070   Data   RO          309    .constdata          freertos.o
    0x0800cd80   0x0800cd80   0x00000008   Data   RO         1995    .constdata          stm32f4xx_hal_dma.o
    0x0800cd88   0x0800cd88   0x00000010   Data   RO         4991    .constdata          system_stm32f4xx.o
    0x0800cd98   0x0800cd98   0x00000008   Data   RO         4992    .constdata          system_stm32f4xx.o
    0x0800cda0   0x0800cda0   0x00000024   Data   RO         7052    .constdata          chassis.o
    0x0800cdc4   0x0800cdc4   0x0000000a   Data   RO         7173    .constdata          nrf24l01.o
    0x0800cdce   0x0800cdce   0x00000012   Data   RO         7277    .constdata          bmi088driver.o
    0x0800cde0   0x0800cde0   0x0000000c   Data   RO         7586    .constdata          ins_task.o
    0x0800cdec   0x0800cdec   0x00000004   PAD
    0x0800cdf0   0x0800cdf0   0x00000098   Data   RO         8597    .constdata          m_wm.l(atan.o)
    0x0800ce88   0x0800ce88   0x00000088   Data   RO         8635    .constdata          m_wm.l(pow.o)
    0x0800cf10   0x0800cf10   0x00000030   Data   RO         8697    .constdata          m_wm.l(cos_i.o)
    0x0800cf40   0x0800cf40   0x00000008   Data   RO         8739    .constdata          m_wm.l(qnan.o)
    0x0800cf48   0x0800cf48   0x000000c8   Data   RO         8742    .constdata          m_wm.l(rred.o)
    0x0800d010   0x0800d010   0x00000028   Data   RO         8746    .constdata          m_wm.l(sin_i.o)
    0x0800d038   0x0800d038   0x00000020   Data   RO          310    .conststring        freertos.o
    0x0800d058   0x0800d058   0x00000020   Data   RO         8936    Region$$Table       anon$$obj.o


    Execution Region RW_IRAM1 (Exec base: 0x20000000, Load base: 0x0800d078, Size: 0x0000ad90, Max: 0x0001c000, ABSOLUTE, COMPRESSED[0x0000011c])

    Exec Addr    Load Addr    Size         Type   Attr      Idx    E Section Name        Object

    0x20000000   COMPRESSED   0x00000010   Data   RW          311    .data               freertos.o
    0x20000010   COMPRESSED   0x00000004   Data   RW          386    .data               can.o
    0x20000014   COMPRESSED   0x0000000c   Data   RW         2422    .data               stm32f4xx_hal.o
    0x20000020   COMPRESSED   0x00000004   Data   RW         4993    .data               system_stm32f4xx.o
    0x20000024   COMPRESSED   0x0000003c   Data   RW         5544    .data               tasks.o
    0x20000060   COMPRESSED   0x00000020   Data   RW         6197    .data               heap_4.o
    0x20000080   COMPRESSED   0x0000000c   Data   RW         6265    .data               port.o
    0x2000008c   COMPRESSED   0x00000036   Data   RW         6338    .data               rc_potocal.o
    0x200000c2   COMPRESSED   0x00000002   PAD
    0x200000c4   COMPRESSED   0x00000004   Data   RW         6485    .data               handle_value.o
    0x200000c8   COMPRESSED   0x00000003   Data   RW         6529    .data               communication.o
    0x200000cb   COMPRESSED   0x00000001   PAD
    0x200000cc   COMPRESSED   0x00000014   Data   RW         6565    .data               motion_overlay.o
    0x200000e0   COMPRESSED   0x00000010   Data   RW         6808    .data               user_can.o
    0x200000f0   COMPRESSED   0x00000004   Data   RW         6887    .data               drv_usart.o
    0x200000f4   COMPRESSED   0x0000002c   Data   RW         7000    .data               channel_changes.o
    0x20000120   COMPRESSED   0x00000002   Data   RW         7053    .data               chassis.o
    0x20000122   COMPRESSED   0x00000002   Data   RW         7054    .data               chassis.o
    0x20000124   COMPRESSED   0x00000002   Data   RW         7055    .data               chassis.o
    0x20000126   COMPRESSED   0x00000002   Data   RW         7056    .data               chassis.o
    0x20000128   COMPRESSED   0x0000000c   Data   RW         7057    .data               chassis.o
    0x20000134   COMPRESSED   0x00000014   Data   RW         7174    .data               nrf24l01.o
    0x20000148   COMPRESSED   0x00000030   Data   RW         7278    .data               bmi088driver.o
    0x20000178   COMPRESSED   0x00000008   Data   RW         7474    .data               bsp_delay.o
    0x20000180   COMPRESSED   0x00000090   Data   RW         7588    .data               ins_task.o
    0x20000210   COMPRESSED   0x0000001c   Data   RW         7801    .data               usbd_desc.o
    0x2000022c   COMPRESSED   0x00000032   Data   RW         7802    .data               usbd_desc.o
    0x2000025e   COMPRESSED   0x00000002   PAD
    0x20000260   COMPRESSED   0x00000014   Data   RW         7885    .data               usbd_cdc_if.o
    0x20000274   COMPRESSED   0x00000001   Data   RW         8309    .data               usbd_ctlreq.o
    0x20000275   COMPRESSED   0x00000003   PAD
    0x20000278   COMPRESSED   0x00000053   Data   RW         8448    .data               usbd_cdc.o
    0x200002cb   COMPRESSED   0x00000001   PAD
    0x200002cc   COMPRESSED   0x00000038   Data   RW         8449    .data               usbd_cdc.o
    0x20000304        -       0x00000080   Zero   RW           17    .bss                main.o
    0x20000384        -       0x00000254   Zero   RW          308    .bss                freertos.o
    0x200005d8        -       0x00000050   Zero   RW          385    .bss                can.o
    0x20000628        -       0x00000054   Zero   RW          477    .bss                i2c.o
    0x2000067c        -       0x00000118   Zero   RW          519    .bss                spi.o
    0x20000794        -       0x00000048   Zero   RW          562    .bss                tim.o
    0x200007dc        -       0x0000030c   Zero   RW          611    .bss                usart.o
    0x20000ae8        -       0x00000048   Zero   RW          900    .bss                stm32f4xx_hal_timebase_tim.o
    0x20000b30        -       0x000000f0   Zero   RW         5543    .bss                tasks.o
    0x20000c20        -       0x00003c00   Zero   RW         6196    .bss                heap_4.o
    0x20004820        -       0x00000016   Zero   RW         6336    .bss                rc_potocal.o
    0x20004836   COMPRESSED   0x00000002   PAD
    0x20004838        -       0x0000000c   Zero   RW         6528    .bss                communication.o
    0x20004844        -       0x00000058   Zero   RW         6807    .bss                user_can.o
    0x2000489c        -       0x00000030   Zero   RW         6886    .bss                drv_usart.o
    0x200048cc        -       0x000004c8   Zero   RW         7051    .bss                chassis.o
    0x20004d94        -       0x000002a0   Zero   RW         7103    .bss                yaw_task.o
    0x20005034        -       0x000000f4   Zero   RW         7585    .bss                ins_task.o
    0x20005128        -       0x000002dc   Zero   RW         7762    .bss                usb_device.o
    0x20005404        -       0x00000200   Zero   RW         7800    .bss                usbd_desc.o
    0x20005604        -       0x00001000   Zero   RW         7884    .bss                usbd_cdc_if.o
    0x20006604        -       0x0000072c   Zero   RW         7965    .bss                usbd_conf.o
    0x20006d30        -       0x00000060   Zero   RW         8790    .bss                c_w.l(libspace.o)
    0x20006d90        -       0x00002000   Zero   RW            2    HEAP                startup_stm32f407xx.o
    0x20008d90        -       0x00002000   Zero   RW            1    STACK               startup_stm32f407xx.o


    Execution Region RW_IRAM2 (Exec base: 0x2001c000, Load base: 0x0800d194, Size: 0x00000000, Max: 0x00004000, ABSOLUTE)

    **** No section assigned to this execution region ****


==============================================================================

Image component sizes


      Code (inc. data)   RO Data    RW Data    ZI Data      Debug   Object Name

      2186         38         18         48          0      11011   bmi088driver.o
       108         28          0          0          0       4752   bmi088middleware.o
        92         18          0          8          0       1400   bsp_delay.o
        12          4          0          0          0        526   bsp_imu_pwm.o
       452         40          0          0          0       1550   bsp_spi.o
       436         42          0          4         80       2490   can.o
       616        102          0         44          0       3123   channel_changes.o
       344         56         36         20       1224       3090   chassis.o
       120          0          0          0          0      23241   cmsis_os.o
       104         22          0          3         12       1750   communication.o
       172          4          0          0          0        862   dma.o
       876         64          0          4         48       6550   drv_usart.o
         0          0          0          0          0      16856   event_groups.o
       136         12        144         16        596       5918   freertos.o
       396         26          0          0          0       1171   gpio.o
       492         34          0          4          0       2929   handle_value.o
       472         24          0         32      15360       7399   heap_4.o
       212         32          0          0         84       1713   i2c.o
      2308        174         12        144        244      13566   ins_task.o
       138          0          0          0          0       3530   list.o
       304         32          0          0        128     765409   main.o
      1744         72          0         20          0       2260   motion_overlay.o
       886         58         10         20          0       7690   nrf24l01.o
       388          8          0          0          0       3058   pid.o
       786         82          0         12          0      11809   port.o
       396         26          0         54         22     589700   rc_potocal.o
       340         34          0          0        280       1899   spi.o
        64         26        392          0      16384        840   startup_stm32f407xx.o
       116         18          0         12          0       8702   stm32f4xx_hal.o
      1658          6          0          0          0      14207   stm32f4xx_hal_can.o
       158         14          0          0          0      33146   stm32f4xx_hal_cortex.o
      1084         16          8          0          0       7322   stm32f4xx_hal_dma.o
       540         52          0          0          0       3458   stm32f4xx_hal_gpio.o
       392         16          0          0          0       3111   stm32f4xx_hal_i2c.o
        56          4          0          0          0        862   stm32f4xx_hal_msp.o
      2638         12          0          0          0      13660   stm32f4xx_hal_pcd.o
        78          0          0          0          0       2393   stm32f4xx_hal_pcd_ex.o
      1424         92          0          0          0       6353   stm32f4xx_hal_rcc.o
      1212         18          0          0          0       7122   stm32f4xx_hal_spi.o
      1694        136          0          0          0      13506   stm32f4xx_hal_tim.o
         4          0          0          0          0       1589   stm32f4xx_hal_tim_ex.o
       152         20          0          0         72       1471   stm32f4xx_hal_timebase_tim.o
      1836         30          0          0          0      13235   stm32f4xx_hal_uart.o
       290        112          0          0          0      15051   stm32f4xx_it.o
      2888        134          0          0          0      23911   stm32f4xx_ll_usb.o
         0          0          0          0          0        400   stream_buffer.o
        16          4         24          4          0       1115   system_stm32f4xx.o
      2084        146          0         60        240      25032   tasks.o
       224         32          0          0         72       2266   tim.o
       900         80          0          0        780       3774   usart.o
        84         18          0          0        732        804   usb_device.o
      1278         36          0        139          0      14337   usbd_cdc.o
       148         28          0         20       4096       4063   usbd_cdc_if.o
       644         24          0          0       1836      16736   usbd_conf.o
       916          0          0          0          0      15387   usbd_core.o
      1328         28          0          1          0      14856   usbd_ctlreq.o
       288        104          0         78        512       6153   usbd_desc.o
       132          0          0          0          0       4508   usbd_ioreq.o
       584         58          0         16         88       5608   user_can.o
       358          0          0          0          0       3539   user_pid.o
         0          0          0          0        672       2467   yaw_task.o

    ----------------------------------------------------------------------
     39850       2296        680        772      43564    1786236   Object Totals
         0          0         32          0          0          0   (incl. Generated)
        66          0          4          9          2          0   (incl. Padding)

    ----------------------------------------------------------------------

      Code (inc. data)   RO Data    RW Data    ZI Data      Debug   Library Member Name

        90          0          0          0          0          0   __dczerorl2.o
         8          0          0          0          0         68   __main.o
         0          0          0          0          0          0   __rtentry.o
        12          0          0          0          0          0   __rtentry2.o
         6          0          0          0          0          0   __rtentry4.o
        52          8          0          0          0          0   __scatter.o
        28          0          0          0          0          0   __scatter_zi.o
        22          0          0          0          0        100   _rserrno.o
        18          0          0          0          0         80   exit.o
         6          0          0          0          0        152   heapauxi.o
         0          0          0          0          0          0   indicate_semi.o
         2          0          0          0          0          0   libinit.o
         6          0          0          0          0          0   libinit2.o
         2          0          0          0          0          0   libshutdown.o
         2          0          0          0          0          0   libshutdown2.o
         8          4          0          0         96         68   libspace.o
       238          0          0          0          0        100   lludivv7m.o
         8          4          0          0          0         68   rt_errno_addr_intlibspace.o
        78          0          0          0          0         80   rt_memclr_w.o
       100          0          0          0          0         80   rt_memcpy_w.o
         2          0          0          0          0          0   rtexit.o
        10          0          0          0          0          0   rtexit2.o
        62          0          0          0          0         76   strlen.o
        12          4          0          0          0         68   sys_exit.o
        74          0          0          0          0         80   sys_stackheap_outer.o
         2          0          0          0          0         68   use_no_semi.o
        24          0          0          0          0        164   basic.o
        98          4          0          0          0        140   d2f.o
       826         16          0          0          0        492   daddsub_clz.o
        16          4          0          0          0        116   dcheck1.o
        24          0          0          0          0        116   dcmpi.o
       688        140          0          0          0        256   ddiv.o
        94          4          0          0          0        140   dfix.o
        84          0          0          0          0        232   dflt_clz.o
       120          4          0          0          0        140   dleqf.o
       340         12          0          0          0        152   dmul.o
       156          4          0          0          0        140   dnaninf.o
        12          0          0          0          0        116   dretinf.o
       108          0          0          0          0        128   drleqf.o
       408         56          0          0          0        168   dsqrt_umaal.o
        86          4          0          0          0        132   f2d.o
       140          4          0          0          0        132   fnaninf.o
        10          0          0          0          0        116   fpinit.o
        10          0          0          0          0        116   fretinf.o
       100          0          0          0          0        116   retnan.o
        92          0          0          0          0        116   scalbn.o
        48          0          0          0          0        116   trapv.o
         0          0          0          0          0          0   usenofp.o
       300         42          0          0          0        176   asinf.o
       728        106        152          0          0        228   atan.o
       684         90          0          0          0        208   atan2f.o
       200         20          0          0          0        164   cos.o
       368         46         48          0          0        200   cos_i.o
       184         44          0          0          0        744   dunder.o
        24          0          0          0          0        124   fabs.o
        48          0          0          0          0        124   fpclassify.o
        38          0          0          0          0        116   fpclassifyf.o
        44         12          0          0          0        464   funder.o
       248          0          0          0          0        152   poly.o
      3152        296        136          0          0        352   pow.o
         0          0          8          0          0          0   qnan.o
      1080        142        200          0          0        188   rred.o
       200         20          0          0          0        164   sin.o
       304         24         40          0          0        208   sin_i.o
       232          0          0          0          0        296   sqrt.o
        62          0          0          0          0        136   sqrtf.o

    ----------------------------------------------------------------------
     12254       1118        584          0         96       8476   Library Totals
        26          4          0          0          0          0   (incl. Padding)

    ----------------------------------------------------------------------

      Code (inc. data)   RO Data    RW Data    ZI Data      Debug   Library Name

       848         20          0          0         96       1088   c_w.l
      3484        252          0          0          0       3344   fz_wm.l
      7896        842        584          0          0       4044   m_wm.l

    ----------------------------------------------------------------------
     12254       1118        584          0         96       8476   Library Totals

    ----------------------------------------------------------------------

==============================================================================


      Code (inc. data)   RO Data    RW Data    ZI Data      Debug   

     52104       3414       1264        772      43660    1750944   Grand Totals
     52104       3414       1264        284      43660    1750944   ELF Image Totals (compressed)
     52104       3414       1264        284          0          0   ROM Totals

==============================================================================

    Total RO  Size (Code + RO Data)                53368 (  52.12kB)
    Total RW  Size (RW Data + ZI Data)             44432 (  43.39kB)
    Total ROM Size (Code + RO Data + RW Data)      53652 (  52.39kB)

==============================================================================

