<html>
<body>
<pre>
<h1>µVision Build Log</h1>
<h2>Tool Versions:</h2>
IDE-Version: ¦ÌVision V5.38.0.0
Copyright (C) 2022 ARM Ltd and ARM Germany GmbH. All rights reserved.
License Information: 1 admin, 1, LIC=EXJT4-FZGZA-CXRU6-D9GX6-1YVSA-CDVDS
 
Tool Versions:
Toolchain:       MDK-ARM Plus  Version: 5.38.0.0
Toolchain Path:  C:\Keil_v5\ARM\Installer\Bin
C Compiler:      Armcc.exe V5.06 update 7 (build 960)
Assembler:       Armasm.exe V5.06 update 7 (build 960)
Linker/Locator:  ArmLink.exe V5.06 update 7 (build 960)
Library Manager: ArmAr.exe V5.06 update 7 (build 960)
Hex Converter:   FromElf.exe V5.06 update 7 (build 960)
CPU DLL:         SARMCM3.DLL V5.38.0.0
Dialog DLL:      DCM.DLL V1.17.5.0
Target DLL:      STLink\ST-LINKIII-KEIL_SWO.dll V3.1.0.0
Dialog DLL:      TCM.DLL V1.56.4.0
 
<h2>Project:</h2>
C:\Users\admin\Documents\Ç§Àï´úÂë²Ö¿â\AGV_ROBOT\Chassis\MDK-ARM\Chassis.uvprojx
Project File Date:  03/12/2024

<h2>Output:</h2>
*** Using Compiler 'V5.06 update 7 (build 960)', folder: 'C:\Keil_v5\ARM\Installer\Bin'
Build target 'Chassis'
compiling channel_changes.c...
..\USER\Control\channel_changes.h(4): warning:  #1295-D: Deprecated declaration translational_control - give arg types
  void translational_control();
..\USER\Control\channel_changes.h(5): warning:  #1295-D: Deprecated declaration compound_control - give arg types
  void compound_control();
..\USER\Control\channel_changes.h(6): warning:  #1295-D: Deprecated declaration rotate_control - give arg types
  void rotate_control();
..\USER\Control\channel_changes.h(7): warning:  #1-D: last line of file ends without a newline
  #endif
../USER/Task/chassis.h(8): warning:  #1-D: last line of file ends without a newline
  #endif
../USER/Task/chassis.h(6): warning:  #1295-D: Deprecated declaration Yaw_Diff - give arg types
  void Yaw_Diff();
../USER/Task/chassis.h(7): warning:  #1295-D: Deprecated declaration supercap - give arg types
  void supercap();
../USER/Task/chassis.h(8): warning:  #1-D: last line of file ends without a newline
  #endif
../USER/DriverLayer/drv_can.h(13): warning:  #1-D: last line of file ends without a newline
  #endif
../USER/PotocaLayer/rc_potocal.h(55): warning:  #1-D: last line of file ends without a newline
  #endif
../USER/motion_overlay.h(11): warning:  #1295-D: Deprecated declaration rotate_6020 - give arg types
  void rotate_6020();
../USER/motion_overlay.h(13): warning:  #1-D: last line of file ends without a newline
  #endif
../USER/handle_value.h(8): warning:  #1-D: last line of file ends without a newline
  #endif
../USER/DriverLayer/user_can.h(5): warning:  #1295-D: Deprecated declaration CAN1_Init - give arg types
  void CAN1_Init();
../USER/DriverLayer/user_can.h(6): warning:  #1295-D: Deprecated declaration CAN2_Init - give arg types
  void CAN2_Init();
../USER/DriverLayer/user_can.h(24): warning:  #1-D: last line of file ends without a newline
  #endif
../USER/DriverLayer/user_pid.h(20): warning:  #1-D: last line of file ends without a newline
  #endif
../Core/Inc/NRF24L01.h(116): warning:  #1-D: last line of file ends without a newline
  #endif
..\USER\Control\channel_changes.c(107): warning:  #223-D: function "fabs" declared implicitly
  						fabs(output_3508[0]-motor[0].speed)+
..\USER\Control\channel_changes.c(186): warning:  #1035-D: single-precision operand implicitly converted to double-precision
  	yaw_err += 0.01916; 
..\USER\Control\channel_changes.c(309): warning:  #1035-D: single-precision operand implicitly converted to double-precision
  	yaw_err += 0.01916; 
..\USER\Control\channel_changes.c(323): warning:  #1035-D: single-precision operand implicitly converted to double-precision
  	yaw_err += 0.01916; 
..\USER\Control\channel_changes.c(349): warning:  #1-D: last line of file ends without a newline
  /****************************************************************************************************************************/
..\USER\Control\channel_changes.c: 23 warnings, 0 errors
linking...
Program Size: Code=54204 RO-data=2128 RW-data=884 ZI-data=36124  
FromELF: creating hex file...
"Chassis\Chassis.axf" - 0 Error(s), 23 Warning(s).

<h2>Software Packages used:</h2>

Package Vendor: ARM
                http://www.keil.com/pack/ARM.CMSIS.5.9.0.pack
                ARM.CMSIS.5.9.0
                CMSIS (Common Microcontroller Software Interface Standard)
   * Component: CORE Version: 5.6.0

Package Vendor: Keil
                https://www.keil.com/pack/Keil.STM32F4xx_DFP.2.17.1.pack
                Keil.STM32F4xx_DFP.2.17.1
                STMicroelectronics STM32F4 Series Device Support, Drivers and Examples

<h2>Collection of Component include folders:</h2>
  ./RTE/_Chassis
  C:/Users/admin/AppData/Local/Arm/Packs/ARM/CMSIS/5.9.0/CMSIS/Core/Include
  C:/Users/admin/AppData/Local/Arm/Packs/Keil/STM32F4xx_DFP/2.17.1/Drivers/CMSIS/Device/ST/STM32F4xx/Include

<h2>Collection of Component Files used:</h2>

   * Component: ARM::CMSIS:CORE:5.6.0
      Include file:  CMSIS/Core/Include/tz_context.h
Build Time Elapsed:  00:00:04
</pre>
</body>
</html>
